10.10.1.165 - - [20/Mar/2017:10:13:45 +0530] "GET /static/login/bower_components/angular-route/angular-route.min.js HTTP/1.1" 200 4766 "http://timesheet.forgeahead.io/timesheet/home/" "Mozilla/5.0 (Windows NT 6.1; Win64; x64) AppleWebKit/537.36 (KHTML, like Gecko) Chrome/56.0.2924.87 Safari/537.36"
10.10.1.165 - - [20/Mar/2017:10:13:45 +0530] "GET /static/login/bower_components/angular-cookies/angular-cookies.min.js HTTP/1.1" 200 1447 "http://timesheet.forgeahead.io/timesheet/home/" "Mozilla/5.0 (Windows NT 6.1; Win64; x64) AppleWebKit/537.36 (KHTML, like Gecko) Chrome/56.0.2924.87 Safari/537.36"
10.10.1.165 - - [20/Mar/2017:10:13:45 +0530] "GET /static/login/bower_components/angular-bootstrap/ui-bootstrap.min.js HTTP/1.1" 200 100829 "http://timesheet.forgeahead.io/timesheet/home/" "Mozilla/5.0 (Windows NT 6.1; Win64; x64) AppleWebKit/537.36 (KHTML, like Gecko) Chrome/56.0.2924.87 Safari/537.36"
10.10.1.165 - - [20/Mar/2017:10:13:45 +0530] "GET /static/login/bower_components/ui-navbar/release/js/ui-navbar.min.js HTTP/1.1" 200 1114 "http://timesheet.forgeahead.io/timesheet/home/" "Mozilla/5.0 (Windows NT 6.1; Win64; x64) AppleWebKit/537.36 (KHTML, like Gecko) Chrome/56.0.2924.87 Safari/537.36"
10.10.1.165 - - [20/Mar/2017:10:13:45 +0530] "GET /static/login/bower_components/angular-bootstrap/ui-bootstrap-tpls.min.js HTTP/1.1" 200 122900 "http://timesheet.forgeahead.io/timesheet/home/" "Mozilla/5.0 (Windows NT 6.1; Win64; x64) AppleWebKit/537.36 (KHTML, like Gecko) Chrome/56.0.2924.87 Safari/537.36"
10.10.1.165 - - [20/Mar/2017:10:13:45 +0530] "GET /static/login/bower_components/bootstrap/dist/fonts/glyphicons-halflings-regular.woff2 HTTP/1.1" 200 18028 "http://timesheet.forgeahead.io/static/login/bower_components/bootstrap/dist/css/bootstrap.min.css" "Mozilla/5.0 (Windows NT 6.1; Win64; x64) AppleWebKit/537.36 (KHTML, like Gecko) Chrome/56.0.2924.87 Safari/537.36"
10.10.1.165 - - [20/Mar/2017:10:13:45 +0530] "GET /static/login/bower_components/moment/moment.js HTTP/1.1" 200 104409 "http://timesheet.forgeahead.io/timesheet/home/" "Mozilla/5.0 (Windows NT 6.1; Win64; x64) AppleWebKit/537.36 (KHTML, like Gecko) Chrome/56.0.2924.87 Safari/537.36"
10.10.1.165 - - [20/Mar/2017:10:13:45 +0530] "GET /static/login/bower_components/angular-chart.js/dist/angular-chart.min.js HTTP/1.1" 200 6041 "http://timesheet.forgeahead.io/timesheet/home/" "Mozilla/5.0 (Windows NT 6.1; Win64; x64) AppleWebKit/537.36 (KHTML, like Gecko) Chrome/56.0.2924.87 Safari/537.36"
10.10.1.165 - - [20/Mar/2017:10:13:45 +0530] "GET /static/login/bower_components/chart.js/dist/Chart.min.js HTTP/1.1" 200 144069 "http://timesheet.forgeahead.io/timesheet/home/" "Mozilla/5.0 (Windows NT 6.1; Win64; x64) AppleWebKit/537.36 (KHTML, like Gecko) Chrome/56.0.2924.87 Safari/537.36"
10.10.1.165 - - [20/Mar/2017:10:13:45 +0530] "GET /static/login/bower_components/jquery/dist/jquery.min.js HTTP/1.1" 200 84380 "http://timesheet.forgeahead.io/timesheet/home/" "Mozilla/5.0 (Windows NT 6.1; Win64; x64) AppleWebKit/537.36 (KHTML, like Gecko) Chrome/56.0.2924.87 Safari/537.36"
10.10.1.165 - - [20/Mar/2017:10:13:45 +0530] "GET /static/login/bower_components/bootstrap/dist/js/bootstrap.min.js HTTP/1.1" 200 37045 "http://timesheet.forgeahead.io/timesheet/home/" "Mozilla/5.0 (Windows NT 6.1; Win64; x64) AppleWebKit/537.36 (KHTML, like Gecko) Chrome/56.0.2924.87 Safari/537.36"
10.10.1.165 - - [20/Mar/2017:10:13:45 +0530] "GET /static/login/bower_components/angular-filter/dist/angular-filter.min.js HTTP/1.1" 200 20463 "http://timesheet.forgeahead.io/timesheet/home/" "Mozilla/5.0 (Windows NT 6.1; Win64; x64) AppleWebKit/537.36 (KHTML, like Gecko) Chrome/56.0.2924.87 Safari/537.36"
10.10.1.165 - - [20/Mar/2017:10:13:45 +0530] "GET /static/login/bower_components/bootstrap-daterangepicker/daterangepicker.js HTTP/1.1" 200 69150 "http://timesheet.forgeahead.io/timesheet/home/" "Mozilla/5.0 (Windows NT 6.1; Win64; x64) AppleWebKit/537.36 (KHTML, like Gecko) Chrome/56.0.2924.87 Safari/537.36"
10.10.1.165 - - [20/Mar/2017:10:13:45 +0530] "GET /static/login/bower_components/ngstorage/ngStorage.min.js HTTP/1.1" 200 2486 "http://timesheet.forgeahead.io/timesheet/home/" "Mozilla/5.0 (Windows NT 6.1; Win64; x64) AppleWebKit/537.36 (KHTML, like Gecko) Chrome/56.0.2924.87 Safari/537.36"
10.10.1.165 - - [20/Mar/2017:10:13:45 +0530] "GET /static/login/bower_components/angular-daterangepicker/js/angular-daterangepicker.js HTTP/1.1" 200 7051 "http://timesheet.forgeahead.io/timesheet/home/" "Mozilla/5.0 (Windows NT 6.1; Win64; x64) AppleWebKit/537.36 (KHTML, like Gecko) Chrome/56.0.2924.87 Safari/537.36"
10.10.1.165 - - [20/Mar/2017:10:13:45 +0530] "GET /static/login/bower_components/bootbox/bootbox.js HTTP/1.1" 200 26570 "http://timesheet.forgeahead.io/timesheet/home/" "Mozilla/5.0 (Windows NT 6.1; Win64; x64) AppleWebKit/537.36 (KHTML, like Gecko) Chrome/56.0.2924.87 Safari/537.36"
10.10.1.165 - - [20/Mar/2017:10:13:45 +0530] "GET /static/login/bower_components/ngBootbox/dist/ngBootbox.min.js HTTP/1.1" 200 3065 "http://timesheet.forgeahead.io/timesheet/home/" "Mozilla/5.0 (Windows NT 6.1; Win64; x64) AppleWebKit/537.36 (KHTML, like Gecko) Chrome/56.0.2924.87 Safari/537.36"
10.10.1.165 - - [20/Mar/2017:10:13:45 +0530] "GET /static/login/JS/config.js HTTP/1.1" 200 68 "http://timesheet.forgeahead.io/timesheet/home/" "Mozilla/5.0 (Windows NT 6.1; Win64; x64) AppleWebKit/537.36 (KHTML, like Gecko) Chrome/56.0.2924.87 Safari/537.36"
10.10.1.165 - - [20/Mar/2017:10:13:45 +0530] "GET /static/login/JS/timesheet.js HTTP/1.1" 200 1053 "http://timesheet.forgeahead.io/timesheet/home/" "Mozilla/5.0 (Windows NT 6.1; Win64; x64) AppleWebKit/537.36 (KHTML, like Gecko) Chrome/56.0.2924.87 Safari/537.36"
10.10.1.165 - - [20/Mar/2017:10:13:45 +0530] "GET /static/login/JS/timesheet.routes.js HTTP/1.1" 200 1461 "http://timesheet.forgeahead.io/timesheet/home/" "Mozilla/5.0 (Windows NT 6.1; Win64; x64) AppleWebKit/537.36 (KHTML, like Gecko) Chrome/56.0.2924.87 Safari/537.36"
10.10.1.165 - - [20/Mar/2017:10:13:45 +0530] "GET /static/login/JS/timer/timer.module.js HTTP/1.1" 200 736 "http://timesheet.forgeahead.io/timesheet/home/" "Mozilla/5.0 (Windows NT 6.1; Win64; x64) AppleWebKit/537.36 (KHTML, like Gecko) Chrome/56.0.2924.87 Safari/537.36"
10.10.1.165 - - [20/Mar/2017:10:13:45 +0530] "GET /static/login/JS/timer/services/timer.service.js HTTP/1.1" 200 3448 "http://timesheet.forgeahead.io/timesheet/home/" "Mozilla/5.0 (Windows NT 6.1; Win64; x64) AppleWebKit/537.36 (KHTML, like Gecko) Chrome/56.0.2924.87 Safari/537.36"
10.10.1.165 - - [20/Mar/2017:10:13:45 +0530] "GET /static/login/JS/timer/services/timer.helpers.js HTTP/1.1" 200 6972 "http://timesheet.forgeahead.io/timesheet/home/" "Mozilla/5.0 (Windows NT 6.1; Win64; x64) AppleWebKit/537.36 (KHTML, like Gecko) Chrome/56.0.2924.87 Safari/537.36"
10.10.1.165 - - [20/Mar/2017:10:13:45 +0530] "GET /static/login/JS/timer/controller/manual.controller.js HTTP/1.1" 200 3737 "http://timesheet.forgeahead.io/timesheet/home/" "Mozilla/5.0 (Windows NT 6.1; Win64; x64) AppleWebKit/537.36 (KHTML, like Gecko) Chrome/56.0.2924.87 Safari/537.36"
10.10.1.165 - - [20/Mar/2017:10:13:45 +0530] "GET /static/login/JS/timer/controller/report.controller.js HTTP/1.1" 200 20282 "http://timesheet.forgeahead.io/timesheet/home/" "Mozilla/5.0 (Windows NT 6.1; Win64; x64) AppleWebKit/537.36 (KHTML, like Gecko) Chrome/56.0.2924.87 Safari/537.36"
10.10.1.165 - - [20/Mar/2017:10:13:45 +0530] "GET /static/login/JS/timer/controller/viewtimesheet.controller.js HTTP/1.1" 200 1904 "http://timesheet.forgeahead.io/timesheet/home/" "Mozilla/5.0 (Windows NT 6.1; Win64; x64) AppleWebKit/537.36 (KHTML, like Gecko) Chrome/56.0.2924.87 Safari/537.36"
10.10.1.165 - - [20/Mar/2017:10:13:45 +0530] "GET /static/login/JS/timer/controller/manualtable.controller.js HTTP/1.1" 200 40075 "http://timesheet.forgeahead.io/timesheet/home/" "Mozilla/5.0 (Windows NT 6.1; Win64; x64) AppleWebKit/537.36 (KHTML, like Gecko) Chrome/56.0.2924.87 Safari/537.36"
10.10.1.165 - - [20/Mar/2017:10:13:45 +0530] "GET /static/login/JS/timer/controller/mytimesheet.controller.js HTTP/1.1" 200 6592 "http://timesheet.forgeahead.io/timesheet/home/" "Mozilla/5.0 (Windows NT 6.1; Win64; x64) AppleWebKit/537.36 (KHTML, like Gecko) Chrome/56.0.2924.87 Safari/537.36"
10.10.1.165 - - [20/Mar/2017:10:13:45 +0530] "GET /static/login/bower_components/angular-xeditable/dist/js/xeditable.min.js HTTP/1.1" 200 33592 "http://timesheet.forgeahead.io/timesheet/home/" "Mozilla/5.0 (Windows NT 6.1; Win64; x64) AppleWebKit/537.36 (KHTML, like Gecko) Chrome/56.0.2924.87 Safari/537.36"
10.10.1.165 - - [20/Mar/2017:10:13:45 +0530] "GET /static/login/JS/timer/controller/automatic.controller.js HTTP/1.1" 200 12060 "http://timesheet.forgeahead.io/timesheet/home/" "Mozilla/5.0 (Windows NT 6.1; Win64; x64) AppleWebKit/537.36 (KHTML, like Gecko) Chrome/56.0.2924.87 Safari/537.36"
10.10.1.165 - - [20/Mar/2017:10:13:45 +0530] "GET /static/login/JS/authentication/authentication.module.js HTTP/1.1" 200 537 "http://timesheet.forgeahead.io/timesheet/home/" "Mozilla/5.0 (Windows NT 6.1; Win64; x64) AppleWebKit/537.36 (KHTML, like Gecko) Chrome/56.0.2924.87 Safari/537.36"
10.10.1.165 - - [20/Mar/2017:10:13:45 +0530] "GET /static/login/JS/authentication/controller/authentication.controller.js HTTP/1.1" 200 1617 "http://timesheet.forgeahead.io/timesheet/home/" "Mozilla/5.0 (Windows NT 6.1; Win64; x64) AppleWebKit/537.36 (KHTML, like Gecko) Chrome/56.0.2924.87 Safari/537.36"
10.10.1.165 - - [20/Mar/2017:10:13:45 +0530] "GET /static/login/JS/timer/controller/monthtimesheet.controller.js HTTP/1.1" 200 6675 "http://timesheet.forgeahead.io/timesheet/home/" "Mozilla/5.0 (Windows NT 6.1; Win64; x64) AppleWebKit/537.36 (KHTML, like Gecko) Chrome/56.0.2924.87 Safari/537.36"
10.10.1.165 - - [20/Mar/2017:10:13:45 +0530] "GET /static/login/JS/timer/controller/myteam.controller.js HTTP/1.1" 200 5130 "http://timesheet.forgeahead.io/timesheet/home/" "Mozilla/5.0 (Windows NT 6.1; Win64; x64) AppleWebKit/537.36 (KHTML, like Gecko) Chrome/56.0.2924.87 Safari/537.36"
10.10.1.165 - - [20/Mar/2017:10:13:45 +0530] "GET /static/login/JS/timer/controller/approve.controller.js HTTP/1.1" 200 638 "http://timesheet.forgeahead.io/timesheet/home/" "Mozilla/5.0 (Windows NT 6.1; Win64; x64) AppleWebKit/537.36 (KHTML, like Gecko) Chrome/56.0.2924.87 Safari/537.36"
10.10.1.165 - - [20/Mar/2017:10:13:45 +0530] "GET /static/login/JS/timer/controller/submitted.controller.js HTTP/1.1" 200 11421 "http://timesheet.forgeahead.io/timesheet/home/" "Mozilla/5.0 (Windows NT 6.1; Win64; x64) AppleWebKit/537.36 (KHTML, like Gecko) Chrome/56.0.2924.87 Safari/537.36"
10.10.1.165 - - [20/Mar/2017:10:13:45 +0530] "GET /static/login/Images/FA_TimeTracker_Logo.png HTTP/1.1" 200 8512 "http://timesheet.forgeahead.io/timesheet/home/" "Mozilla/5.0 (Windows NT 6.1; Win64; x64) AppleWebKit/537.36 (KHTML, like Gecko) Chrome/56.0.2924.87 Safari/537.36"
10.10.1.165 - - [20/Mar/2017:10:13:45 +0530] "GET /static/templates/login/manual.html HTTP/1.1" 200 2677 "http://timesheet.forgeahead.io/timesheet/home/" "Mozilla/5.0 (Windows NT 6.1; Win64; x64) AppleWebKit/537.36 (KHTML, like Gecko) Chrome/56.0.2924.87 Safari/537.36"
10.10.1.165 - - [20/Mar/2017:10:13:45 +0530] "GET /static/login/Images/group.svg HTTP/1.1" 200 1757 "http://timesheet.forgeahead.io/timesheet/home/" "Mozilla/5.0 (Windows NT 6.1; Win64; x64) AppleWebKit/537.36 (KHTML, like Gecko) Chrome/56.0.2924.87 Safari/537.36"
10.10.1.165 - - [20/Mar/2017:10:13:45 +0530] "GET /timesheet/employee/90/tasks/?date=2017-3-20 HTTP/1.1" 200 51 "http://timesheet.forgeahead.io/timesheet/home/" "Mozilla/5.0 (Windows NT 6.1; Win64; x64) AppleWebKit/537.36 (KHTML, like Gecko) Chrome/56.0.2924.87 Safari/537.36"
10.10.1.165 - - [20/Mar/2017:10:13:45 +0530] "GET /timesheet/projects/?emp_id=90 HTTP/1.1" 200 283 "http://timesheet.forgeahead.io/timesheet/home/" "Mozilla/5.0 (Windows NT 6.1; Win64; x64) AppleWebKit/537.36 (KHTML, like Gecko) Chrome/56.0.2924.87 Safari/537.36"
10.10.1.165 - - [20/Mar/2017:10:13:48 +0530] "GET /timesheet/employee/90/tasks/?start_date=2017-3-20&end_date=2017-3-20 HTTP/1.1" 200 51 "http://timesheet.forgeahead.io/timesheet/home/" "Mozilla/5.0 (Windows NT 6.1; Win64; x64) AppleWebKit/537.36 (KHTML, like Gecko) Chrome/56.0.2924.87 Safari/537.36"
10.10.1.165 - - [20/Mar/2017:10:13:49 +0530] "GET /timesheet/employee/90/tasks/?start_date=2017-3-13&end_date=2017-3-20 HTTP/1.1" 200 51 "http://timesheet.forgeahead.io/timesheet/home/" "Mozilla/5.0 (Windows NT 6.1; Win64; x64) AppleWebKit/537.36 (KHTML, like Gecko) Chrome/56.0.2924.87 Safari/537.36"
10.10.1.165 - - [20/Mar/2017:10:13:49 +0530] "GET /timesheet/employee/90/tasks/?start_date=2017-3-6&end_date=2017-3-20 HTTP/1.1" 200 1134 "http://timesheet.forgeahead.io/timesheet/home/" "Mozilla/5.0 (Windows NT 6.1; Win64; x64) AppleWebKit/537.36 (KHTML, like Gecko) Chrome/56.0.2924.87 Safari/537.36"
10.10.10.42 - - [20/Mar/2017:10:13:53 +0530] "GET / HTTP/1.1" 200 4672 "-" "Mozilla/5.0 (compatible; PRTG Network Monitor (www.paessler.com); Windows)"
10.10.60.116 - - [20/Mar/2017:10:14:25 +0530] "PUT /timesheet/employee/12/task/11520/ HTTP/1.1" 200 212 "http://timesheet.forgeahead.io/timesheet/home/" "Mozilla/5.0 (X11; Linux x86_64) AppleWebKit/537.36 (KHTML, like Gecko) Chrome/52.0.2743.116 Safari/537.36"
10.10.60.116 - - [20/Mar/2017:10:14:27 +0530] "GET /timesheet/employee/12/timesheet/?month=3&year=2017 HTTP/1.1" 200 55 "http://timesheet.forgeahead.io/timesheet/home/" "Mozilla/5.0 (X11; Linux x86_64) AppleWebKit/537.36 (KHTML, like Gecko) Chrome/52.0.2743.116 Safari/537.36"
10.10.60.116 - - [20/Mar/2017:10:14:27 +0530] "POST /timesheet/employee/12/tasks/ HTTP/1.1" 200 228 "http://timesheet.forgeahead.io/timesheet/home/" "Mozilla/5.0 (X11; Linux x86_64) AppleWebKit/537.36 (KHTML, like Gecko) Chrome/52.0.2743.116 Safari/537.36"
10.10.60.116 - - [20/Mar/2017:10:14:31 +0530] "GET /timesheet/employee/12/tasks/?date=2017-3-15 HTTP/1.1" 200 51 "http://timesheet.forgeahead.io/timesheet/home/" "Mozilla/5.0 (X11; Linux x86_64) AppleWebKit/537.36 (KHTML, like Gecko) Chrome/52.0.2743.116 Safari/537.36"
10.10.10.42 - - [20/Mar/2017:10:14:54 +0530] "GET / HTTP/1.1" 200 4678 "-" "Mozilla/5.0 (compatible; PRTG Network Monitor (www.paessler.com); Windows)"
10.10.1.165 - - [20/Mar/2017:10:15:29 +0530] "GET /timesheet/employee/90/tasks/?date=2017-3-9 HTTP/1.1" 200 51 "http://timesheet.forgeahead.io/timesheet/home/" "Mozilla/5.0 (Windows NT 6.1; Win64; x64) AppleWebKit/537.36 (KHTML, like Gecko) Chrome/56.0.2924.87 Safari/537.36"
10.10.1.165 - - [20/Mar/2017:10:15:36 +0530] "GET /timesheet/employee/90/timesheet/?month=3&year=2017 HTTP/1.1" 200 55 "http://timesheet.forgeahead.io/timesheet/home/" "Mozilla/5.0 (Windows NT 6.1; Win64; x64) AppleWebKit/537.36 (KHTML, like Gecko) Chrome/56.0.2924.87 Safari/537.36"
10.10.1.165 - - [20/Mar/2017:10:15:36 +0530] "POST /timesheet/employee/90/tasks/ HTTP/1.1" 200 382 "http://timesheet.forgeahead.io/timesheet/home/" "Mozilla/5.0 (Windows NT 6.1; Win64; x64) AppleWebKit/537.36 (KHTML, like Gecko) Chrome/56.0.2924.87 Safari/537.36"
10.10.1.165 - - [20/Mar/2017:10:15:40 +0530] "PATCH /timesheet/employee/90/task/11523/ HTTP/1.1" 200 344 "http://timesheet.forgeahead.io/timesheet/home/" "Mozilla/5.0 (Windows NT 6.1; Win64; x64) AppleWebKit/537.36 (KHTML, like Gecko) Chrome/56.0.2924.87 Safari/537.36"
10.10.1.165 - - [20/Mar/2017:10:15:49 +0530] "PATCH /timesheet/employee/90/task/11523/ HTTP/1.1" 200 344 "http://timesheet.forgeahead.io/timesheet/home/" "Mozilla/5.0 (Windows NT 6.1; Win64; x64) AppleWebKit/537.36 (KHTML, like Gecko) Chrome/56.0.2924.87 Safari/537.36"
10.10.1.165 - - [20/Mar/2017:10:15:52 +0530] "GET /timesheet/employee/90/tasks/?date=2017-3-10 HTTP/1.1" 200 51 "http://timesheet.forgeahead.io/timesheet/home/" "Mozilla/5.0 (Windows NT 6.1; Win64; x64) AppleWebKit/537.36 (KHTML, like Gecko) Chrome/56.0.2924.87 Safari/537.36"
10.10.10.42 - - [20/Mar/2017:10:15:54 +0530] "GET / HTTP/1.1" 200 4672 "-" "Mozilla/5.0 (compatible; PRTG Network Monitor (www.paessler.com); Windows)"
10.10.1.165 - - [20/Mar/2017:10:15:56 +0530] "GET /timesheet/employee/90/timesheet/?month=3&year=2017 HTTP/1.1" 200 55 "http://timesheet.forgeahead.io/timesheet/home/" "Mozilla/5.0 (Windows NT 6.1; Win64; x64) AppleWebKit/537.36 (KHTML, like Gecko) Chrome/56.0.2924.87 Safari/537.36"
10.10.1.165 - - [20/Mar/2017:10:15:56 +0530] "POST /timesheet/employee/90/tasks/ HTTP/1.1" 200 382 "http://timesheet.forgeahead.io/timesheet/home/" "Mozilla/5.0 (Windows NT 6.1; Win64; x64) AppleWebKit/537.36 (KHTML, like Gecko) Chrome/56.0.2924.87 Safari/537.36"
10.10.10.42 - - [20/Mar/2017:10:16:53 +0530] "GET / HTTP/1.1" 200 4672 "-" "Mozilla/5.0 (compatible; PRTG Network Monitor (www.paessler.com); Windows)"
10.10.1.165 - - [20/Mar/2017:10:17:32 +0530] "GET /timesheet/employee/90/tasks/?date=2017-3-14 HTTP/1.1" 200 51 "http://timesheet.forgeahead.io/timesheet/home/" "Mozilla/5.0 (Windows NT 6.1; Win64; x64) AppleWebKit/537.36 (KHTML, like Gecko) Chrome/56.0.2924.87 Safari/537.36"
10.10.1.165 - - [20/Mar/2017:10:17:34 +0530] "GET /timesheet/employee/90/tasks/?date=2017-3-13 HTTP/1.1" 200 51 "http://timesheet.forgeahead.io/timesheet/home/" "Mozilla/5.0 (Windows NT 6.1; Win64; x64) AppleWebKit/537.36 (KHTML, like Gecko) Chrome/56.0.2924.87 Safari/537.36"
10.10.1.165 - - [20/Mar/2017:10:17:39 +0530] "GET /timesheet/employee/90/timesheet/?month=3&year=2017 HTTP/1.1" 200 55 "http://timesheet.forgeahead.io/timesheet/home/" "Mozilla/5.0 (Windows NT 6.1; Win64; x64) AppleWebKit/537.36 (KHTML, like Gecko) Chrome/56.0.2924.87 Safari/537.36"
10.10.1.165 - - [20/Mar/2017:10:17:39 +0530] "POST /timesheet/employee/90/tasks/ HTTP/1.1" 200 397 "http://timesheet.forgeahead.io/timesheet/home/" "Mozilla/5.0 (Windows NT 6.1; Win64; x64) AppleWebKit/537.36 (KHTML, like Gecko) Chrome/56.0.2924.87 Safari/537.36"
10.10.10.42 - - [20/Mar/2017:10:17:54 +0530] "GET / HTTP/1.1" 200 4672 "-" "Mozilla/5.0 (compatible; PRTG Network Monitor (www.paessler.com); Windows)"
10.10.1.165 - - [20/Mar/2017:10:18:01 +0530] "PATCH /timesheet/employee/90/task/11525/ HTTP/1.1" 200 359 "http://timesheet.forgeahead.io/timesheet/home/" "Mozilla/5.0 (Windows NT 6.1; Win64; x64) AppleWebKit/537.36 (KHTML, like Gecko) Chrome/56.0.2924.87 Safari/537.36"
10.10.1.165 - - [20/Mar/2017:10:18:08 +0530] "PATCH /timesheet/employee/90/task/11525/ HTTP/1.1" 200 359 "http://timesheet.forgeahead.io/timesheet/home/" "Mozilla/5.0 (Windows NT 6.1; Win64; x64) AppleWebKit/537.36 (KHTML, like Gecko) Chrome/56.0.2924.87 Safari/537.36"
10.10.1.165 - - [20/Mar/2017:10:18:11 +0530] "PATCH /timesheet/employee/90/task/11525/ HTTP/1.1" 200 359 "http://timesheet.forgeahead.io/timesheet/home/" "Mozilla/5.0 (Windows NT 6.1; Win64; x64) AppleWebKit/537.36 (KHTML, like Gecko) Chrome/56.0.2924.87 Safari/537.36"
10.10.1.165 - - [20/Mar/2017:10:18:20 +0530] "GET /timesheet/employee/90/timesheet/?month=3&year=2017 HTTP/1.1" 200 55 "http://timesheet.forgeahead.io/timesheet/home/" "Mozilla/5.0 (Windows NT 6.1; Win64; x64) AppleWebKit/537.36 (KHTML, like Gecko) Chrome/56.0.2924.87 Safari/537.36"
10.10.1.165 - - [20/Mar/2017:10:18:20 +0530] "POST /timesheet/employee/90/tasks/ HTTP/1.1" 200 397 "http://timesheet.forgeahead.io/timesheet/home/" "Mozilla/5.0 (Windows NT 6.1; Win64; x64) AppleWebKit/537.36 (KHTML, like Gecko) Chrome/56.0.2924.87 Safari/537.36"
10.10.1.165 - - [20/Mar/2017:10:18:27 +0530] "GET /timesheet/employee/90/timesheet/?month=03&year=2017 HTTP/1.1" 200 55 "http://timesheet.forgeahead.io/timesheet/home/" "Mozilla/5.0 (Windows NT 6.1; Win64; x64) AppleWebKit/537.36 (KHTML, like Gecko) Chrome/56.0.2924.87 Safari/537.36"
10.10.1.165 - - [20/Mar/2017:10:18:27 +0530] "DELETE /timesheet/employee/90/task/11525/ HTTP/1.1" 200 54 "http://timesheet.forgeahead.io/timesheet/home/" "Mozilla/5.0 (Windows NT 6.1; Win64; x64) AppleWebKit/537.36 (KHTML, like Gecko) Chrome/56.0.2924.87 Safari/537.36"
10.10.1.165 - - [20/Mar/2017:10:18:34 +0530] "PATCH /timesheet/employee/90/task/11526/ HTTP/1.1" 200 359 "http://timesheet.forgeahead.io/timesheet/home/" "Mozilla/5.0 (Windows NT 6.1; Win64; x64) AppleWebKit/537.36 (KHTML, like Gecko) Chrome/56.0.2924.87 Safari/537.36"
10.10.1.165 - - [20/Mar/2017:10:18:39 +0530] "GET /timesheet/employee/90/tasks/?date=2017-3-14 HTTP/1.1" 200 51 "http://timesheet.forgeahead.io/timesheet/home/" "Mozilla/5.0 (Windows NT 6.1; Win64; x64) AppleWebKit/537.36 (KHTML, like Gecko) Chrome/56.0.2924.87 Safari/537.36"
10.10.1.165 - - [20/Mar/2017:10:18:43 +0530] "GET /timesheet/employee/90/timesheet/?month=3&year=2017 HTTP/1.1" 200 55 "http://timesheet.forgeahead.io/timesheet/home/" "Mozilla/5.0 (Windows NT 6.1; Win64; x64) AppleWebKit/537.36 (KHTML, like Gecko) Chrome/56.0.2924.87 Safari/537.36"
10.10.1.165 - - [20/Mar/2017:10:18:43 +0530] "POST /timesheet/employee/90/tasks/ HTTP/1.1" 200 397 "http://timesheet.forgeahead.io/timesheet/home/" "Mozilla/5.0 (Windows NT 6.1; Win64; x64) AppleWebKit/537.36 (KHTML, like Gecko) Chrome/56.0.2924.87 Safari/537.36"
10.10.1.165 - - [20/Mar/2017:10:18:48 +0530] "GET /timesheet/employee/90/tasks/?start_date=2017-3-13&end_date=2017-3-19 HTTP/1.1" 200 747 "http://timesheet.forgeahead.io/timesheet/home/" "Mozilla/5.0 (Windows NT 6.1; Win64; x64) AppleWebKit/537.36 (KHTML, like Gecko) Chrome/56.0.2924.87 Safari/537.36"
10.10.1.165 - - [20/Mar/2017:10:18:52 +0530] "GET /timesheet/employee/90/timesheet/?month=03&year=2017 HTTP/1.1" 200 55 "http://timesheet.forgeahead.io/timesheet/home/" "Mozilla/5.0 (Windows NT 6.1; Win64; x64) AppleWebKit/537.36 (KHTML, like Gecko) Chrome/56.0.2924.87 Safari/537.36"
10.10.1.165 - - [20/Mar/2017:10:18:52 +0530] "DELETE /timesheet/employee/90/task/11526/ HTTP/1.1" 200 54 "http://timesheet.forgeahead.io/timesheet/home/" "Mozilla/5.0 (Windows NT 6.1; Win64; x64) AppleWebKit/537.36 (KHTML, like Gecko) Chrome/56.0.2924.87 Safari/537.36"
10.10.10.42 - - [20/Mar/2017:10:18:54 +0530] "GET / HTTP/1.1" 200 4672 "-" "Mozilla/5.0 (compatible; PRTG Network Monitor (www.paessler.com); Windows)"
10.10.1.165 - - [20/Mar/2017:10:18:55 +0530] "GET /timesheet/employee/90/tasks/?date=2017-3-13 HTTP/1.1" 200 51 "http://timesheet.forgeahead.io/timesheet/home/" "Mozilla/5.0 (Windows NT 6.1; Win64; x64) AppleWebKit/537.36 (KHTML, like Gecko) Chrome/56.0.2924.87 Safari/537.36"
10.10.1.165 - - [20/Mar/2017:10:19:13 +0530] "GET /timesheet/employee/90/timesheet/?month=3&year=2017 HTTP/1.1" 200 55 "http://timesheet.forgeahead.io/timesheet/home/" "Mozilla/5.0 (Windows NT 6.1; Win64; x64) AppleWebKit/537.36 (KHTML, like Gecko) Chrome/56.0.2924.87 Safari/537.36"
10.10.1.165 - - [20/Mar/2017:10:19:13 +0530] "POST /timesheet/employee/90/tasks/ HTTP/1.1" 200 359 "http://timesheet.forgeahead.io/timesheet/home/" "Mozilla/5.0 (Windows NT 6.1; Win64; x64) AppleWebKit/537.36 (KHTML, like Gecko) Chrome/56.0.2924.87 Safari/537.36"
10.10.1.165 - - [20/Mar/2017:10:19:14 +0530] "GET /timesheet/employee/90/tasks/?start_date=2017-3-13&end_date=2017-3-19 HTTP/1.1" 200 709 "http://timesheet.forgeahead.io/timesheet/home/" "Mozilla/5.0 (Windows NT 6.1; Win64; x64) AppleWebKit/537.36 (KHTML, like Gecko) Chrome/56.0.2924.87 Safari/537.36"
10.10.1.165 - - [20/Mar/2017:10:19:17 +0530] "GET /timesheet/employee/90/tasks/?start_date=2017-3-6&end_date=2017-3-19 HTTP/1.1" 200 2458 "http://timesheet.forgeahead.io/timesheet/home/" "Mozilla/5.0 (Windows NT 6.1; Win64; x64) AppleWebKit/537.36 (KHTML, like Gecko) Chrome/56.0.2924.87 Safari/537.36"
10.10.10.42 - - [20/Mar/2017:10:19:54 +0530] "GET / HTTP/1.1" 200 4672 "-" "Mozilla/5.0 (compatible; PRTG Network Monitor (www.paessler.com); Windows)"
10.10.1.165 - - [20/Mar/2017:10:19:58 +0530] "GET /timesheet/employee/90/tasks/?date=2017-3-15 HTTP/1.1" 200 51 "http://timesheet.forgeahead.io/timesheet/home/" "Mozilla/5.0 (Windows NT 6.1; Win64; x64) AppleWebKit/537.36 (KHTML, like Gecko) Chrome/56.0.2924.87 Safari/537.36"
10.10.1.165 - - [20/Mar/2017:10:20:02 +0530] "GET /timesheet/employee/90/timesheet/?month=3&year=2017 HTTP/1.1" 200 55 "http://timesheet.forgeahead.io/timesheet/home/" "Mozilla/5.0 (Windows NT 6.1; Win64; x64) AppleWebKit/537.36 (KHTML, like Gecko) Chrome/56.0.2924.87 Safari/537.36"
10.10.1.165 - - [20/Mar/2017:10:20:02 +0530] "POST /timesheet/employee/90/tasks/ HTTP/1.1" 200 317 "http://timesheet.forgeahead.io/timesheet/home/" "Mozilla/5.0 (Windows NT 6.1; Win64; x64) AppleWebKit/537.36 (KHTML, like Gecko) Chrome/56.0.2924.87 Safari/537.36"
10.10.60.116 - - [20/Mar/2017:10:20:16 +0530] "GET /timesheet/employee/12/timesheet/?month=3&year=2017 HTTP/1.1" 200 55 "http://timesheet.forgeahead.io/timesheet/home/" "Mozilla/5.0 (X11; Linux x86_64) AppleWebKit/537.36 (KHTML, like Gecko) Chrome/52.0.2743.116 Safari/537.36"
10.10.60.116 - - [20/Mar/2017:10:20:16 +0530] "POST /timesheet/employee/12/tasks/ HTTP/1.1" 200 301 "http://timesheet.forgeahead.io/timesheet/home/" "Mozilla/5.0 (X11; Linux x86_64) AppleWebKit/537.36 (KHTML, like Gecko) Chrome/52.0.2743.116 Safari/537.36"
10.10.1.165 - - [20/Mar/2017:10:20:46 +0530] "GET /timesheet/employee/90/tasks/?date=2017-3-16 HTTP/1.1" 200 51 "http://timesheet.forgeahead.io/timesheet/home/" "Mozilla/5.0 (Windows NT 6.1; Win64; x64) AppleWebKit/537.36 (KHTML, like Gecko) Chrome/56.0.2924.87 Safari/537.36"
10.10.1.165 - - [20/Mar/2017:10:20:47 +0530] "GET /timesheet/employee/90/timesheet/?month=3&year=2017 HTTP/1.1" 200 55 "http://timesheet.forgeahead.io/timesheet/home/" "Mozilla/5.0 (Windows NT 6.1; Win64; x64) AppleWebKit/537.36 (KHTML, like Gecko) Chrome/56.0.2924.87 Safari/537.36"
10.10.1.165 - - [20/Mar/2017:10:20:48 +0530] "POST /timesheet/employee/90/tasks/ HTTP/1.1" 200 289 "http://timesheet.forgeahead.io/timesheet/home/" "Mozilla/5.0 (Windows NT 6.1; Win64; x64) AppleWebKit/537.36 (KHTML, like Gecko) Chrome/56.0.2924.87 Safari/537.36"
10.10.10.42 - - [20/Mar/2017:10:20:54 +0530] "GET / HTTP/1.1" 200 4672 "-" "Mozilla/5.0 (compatible; PRTG Network Monitor (www.paessler.com); Windows)"
10.10.1.165 - - [20/Mar/2017:10:21:17 +0530] "GET /timesheet/employee/90/timesheet/?month=3&year=2017 HTTP/1.1" 200 55 "http://timesheet.forgeahead.io/timesheet/home/" "Mozilla/5.0 (Windows NT 6.1; Win64; x64) AppleWebKit/537.36 (KHTML, like Gecko) Chrome/56.0.2924.87 Safari/537.36"
10.10.1.165 - - [20/Mar/2017:10:21:17 +0530] "POST /timesheet/employee/90/tasks/ HTTP/1.1" 200 307 "http://timesheet.forgeahead.io/timesheet/home/" "Mozilla/5.0 (Windows NT 6.1; Win64; x64) AppleWebKit/537.36 (KHTML, like Gecko) Chrome/56.0.2924.87 Safari/537.36"
10.10.1.165 - - [20/Mar/2017:10:21:27 +0530] "PATCH /timesheet/employee/90/task/11532/ HTTP/1.1" 200 269 "http://timesheet.forgeahead.io/timesheet/home/" "Mozilla/5.0 (Windows NT 6.1; Win64; x64) AppleWebKit/537.36 (KHTML, like Gecko) Chrome/56.0.2924.87 Safari/537.36"
10.10.1.165 - - [20/Mar/2017:10:21:39 +0530] "GET /timesheet/employee/90/tasks/?date=2017-3-17 HTTP/1.1" 200 51 "http://timesheet.forgeahead.io/timesheet/home/" "Mozilla/5.0 (Windows NT 6.1; Win64; x64) AppleWebKit/537.36 (KHTML, like Gecko) Chrome/56.0.2924.87 Safari/537.36"
10.10.1.165 - - [20/Mar/2017:10:21:43 +0530] "GET /timesheet/employee/90/timesheet/?month=3&year=2017 HTTP/1.1" 200 55 "http://timesheet.forgeahead.io/timesheet/home/" "Mozilla/5.0 (Windows NT 6.1; Win64; x64) AppleWebKit/537.36 (KHTML, like Gecko) Chrome/56.0.2924.87 Safari/537.36"
10.10.1.165 - - [20/Mar/2017:10:21:43 +0530] "POST /timesheet/employee/90/tasks/ HTTP/1.1" 200 309 "http://timesheet.forgeahead.io/timesheet/home/" "Mozilla/5.0 (Windows NT 6.1; Win64; x64) AppleWebKit/537.36 (KHTML, like Gecko) Chrome/56.0.2924.87 Safari/537.36"
10.10.1.165 - - [20/Mar/2017:10:21:46 +0530] "GET /timesheet/employee/90/tasks/?start_date=2017-3-13&end_date=2017-3-19 HTTP/1.1" 200 1735 "http://timesheet.forgeahead.io/timesheet/home/" "Mozilla/5.0 (Windows NT 6.1; Win64; x64) AppleWebKit/537.36 (KHTML, like Gecko) Chrome/56.0.2924.87 Safari/537.36"
10.10.1.165 - - [20/Mar/2017:10:21:49 +0530] "GET /timesheet/employee/90/tasks/?start_date=2017-3-6&end_date=2017-3-19 HTTP/1.1" 200 3484 "http://timesheet.forgeahead.io/timesheet/home/" "Mozilla/5.0 (Windows NT 6.1; Win64; x64) AppleWebKit/537.36 (KHTML, like Gecko) Chrome/56.0.2924.87 Safari/537.36"
10.10.1.165 - - [20/Mar/2017:10:21:53 +0530] "GET /timesheet/employee/90/tasks/?start_date=2017-3-1&end_date=2017-3-19 HTTP/1.1" 200 4406 "http://timesheet.forgeahead.io/timesheet/home/" "Mozilla/5.0 (Windows NT 6.1; Win64; x64) AppleWebKit/537.36 (KHTML, like Gecko) Chrome/56.0.2924.87 Safari/537.36"
10.10.10.42 - - [20/Mar/2017:10:21:54 +0530] "GET / HTTP/1.1" 200 4672 "-" "Mozilla/5.0 (compatible; PRTG Network Monitor (www.paessler.com); Windows)"
10.10.60.116 - - [20/Mar/2017:10:22:22 +0530] "PUT /timesheet/employee/12/task/11530/ HTTP/1.1" 200 262 "http://timesheet.forgeahead.io/timesheet/home/" "Mozilla/5.0 (X11; Linux x86_64) AppleWebKit/537.36 (KHTML, like Gecko) Chrome/52.0.2743.116 Safari/537.36"
10.10.60.116 - - [20/Mar/2017:10:22:26 +0530] "PUT /timesheet/employee/12/task/11530/ HTTP/1.1" 200 263 "http://timesheet.forgeahead.io/timesheet/home/" "Mozilla/5.0 (X11; Linux x86_64) AppleWebKit/537.36 (KHTML, like Gecko) Chrome/52.0.2743.116 Safari/537.36"
10.10.60.116 - - [20/Mar/2017:10:22:28 +0530] "GET /timesheet/employee/12/timesheet/?month=3&year=2017 HTTP/1.1" 200 55 "http://timesheet.forgeahead.io/timesheet/home/" "Mozilla/5.0 (X11; Linux x86_64) AppleWebKit/537.36 (KHTML, like Gecko) Chrome/52.0.2743.116 Safari/537.36"
10.10.60.116 - - [20/Mar/2017:10:22:29 +0530] "POST /timesheet/employee/12/tasks/ HTTP/1.1" 200 354 "http://timesheet.forgeahead.io/timesheet/home/" "Mozilla/5.0 (X11; Linux x86_64) AppleWebKit/537.36 (KHTML, like Gecko) Chrome/52.0.2743.116 Safari/537.36"
10.10.10.42 - - [20/Mar/2017:10:22:54 +0530] "GET / HTTP/1.1" 200 4678 "-" "Mozilla/5.0 (compatible; PRTG Network Monitor (www.paessler.com); Windows)"
10.10.60.116 - - [20/Mar/2017:10:23:25 +0530] "GET /timesheet/employee/12/timesheet/?month=3&year=2017 HTTP/1.1" 200 55 "http://timesheet.forgeahead.io/timesheet/home/" "Mozilla/5.0 (X11; Linux x86_64) AppleWebKit/537.36 (KHTML, like Gecko) Chrome/52.0.2743.116 Safari/537.36"
10.10.60.116 - - [20/Mar/2017:10:23:25 +0530] "POST /timesheet/employee/12/tasks/ HTTP/1.1" 200 268 "http://timesheet.forgeahead.io/timesheet/home/" "Mozilla/5.0 (X11; Linux x86_64) AppleWebKit/537.36 (KHTML, like Gecko) Chrome/52.0.2743.116 Safari/537.36"
10.10.60.116 - - [20/Mar/2017:10:23:52 +0530] "PUT /timesheet/employee/12/task/11530/ HTTP/1.1" 200 263 "http://timesheet.forgeahead.io/timesheet/home/" "Mozilla/5.0 (X11; Linux x86_64) AppleWebKit/537.36 (KHTML, like Gecko) Chrome/52.0.2743.116 Safari/537.36"
10.10.10.42 - - [20/Mar/2017:10:23:53 +0530] "GET / HTTP/1.1" 200 4672 "-" "Mozilla/5.0 (compatible; PRTG Network Monitor (www.paessler.com); Windows)"
10.10.60.116 - - [20/Mar/2017:10:24:03 +0530] "GET /timesheet/employee/12/tasks/?date=2017-3-16 HTTP/1.1" 200 51 "http://timesheet.forgeahead.io/timesheet/home/" "Mozilla/5.0 (X11; Linux x86_64) AppleWebKit/537.36 (KHTML, like Gecko) Chrome/52.0.2743.116 Safari/537.36"
10.10.10.42 - - [20/Mar/2017:10:24:54 +0530] "GET / HTTP/1.1" 200 4678 "-" "Mozilla/5.0 (compatible; PRTG Network Monitor (www.paessler.com); Windows)"
10.10.10.42 - - [20/Mar/2017:10:25:53 +0530] "GET / HTTP/1.1" 200 4672 "-" "Mozilla/5.0 (compatible; PRTG Network Monitor (www.paessler.com); Windows)"
10.10.10.42 - - [20/Mar/2017:10:26:53 +0530] "GET / HTTP/1.1" 200 4678 "-" "Mozilla/5.0 (compatible; PRTG Network Monitor (www.paessler.com); Windows)"
10.10.10.42 - - [20/Mar/2017:10:27:54 +0530] "GET / HTTP/1.1" 200 4678 "-" "Mozilla/5.0 (compatible; PRTG Network Monitor (www.paessler.com); Windows)"
10.10.60.116 - - [20/Mar/2017:10:28:12 +0530] "GET / HTTP/1.1" 302 5 "-" "Mozilla/5.0 (X11; Linux x86_64) AppleWebKit/537.36 (KHTML, like Gecko) Chrome/52.0.2743.116 Safari/537.36"
10.10.60.116 - - [20/Mar/2017:10:28:12 +0530] "GET /timesheet/home/ HTTP/1.1" 200 1596 "-" "Mozilla/5.0 (X11; Linux x86_64) AppleWebKit/537.36 (KHTML, like Gecko) Chrome/52.0.2743.116 Safari/537.36"
10.10.60.116 - - [20/Mar/2017:10:28:12 +0530] "GET /timesheet/projects/?emp_id=12 HTTP/1.1" 200 282 "http://timesheet.forgeahead.io/timesheet/home/" "Mozilla/5.0 (X11; Linux x86_64) AppleWebKit/537.36 (KHTML, like Gecko) Chrome/52.0.2743.116 Safari/537.36"
10.10.60.116 - - [20/Mar/2017:10:28:12 +0530] "GET /timesheet/employee/12/tasks/?date=2017-3-20 HTTP/1.1" 200 51 "http://timesheet.forgeahead.io/timesheet/home/" "Mozilla/5.0 (X11; Linux x86_64) AppleWebKit/537.36 (KHTML, like Gecko) Chrome/52.0.2743.116 Safari/537.36"
10.10.60.116 - - [20/Mar/2017:10:28:17 +0530] "GET /timesheet/employee/12/tasks/?date=2017-3-16 HTTP/1.1" 200 51 "http://timesheet.forgeahead.io/timesheet/home/" "Mozilla/5.0 (X11; Linux x86_64) AppleWebKit/537.36 (KHTML, like Gecko) Chrome/52.0.2743.116 Safari/537.36"
10.10.60.116 - - [20/Mar/2017:10:28:18 +0530] "GET /timesheet/employee/12/tasks/?date=2017-3-15 HTTP/1.1" 200 828 "http://timesheet.forgeahead.io/timesheet/home/" "Mozilla/5.0 (X11; Linux x86_64) AppleWebKit/537.36 (KHTML, like Gecko) Chrome/52.0.2743.116 Safari/537.36"
10.10.60.116 - - [20/Mar/2017:10:28:21 +0530] "GET /timesheet/employee/12/tasks/?date=2017-3-17 HTTP/1.1" 200 51 "http://timesheet.forgeahead.io/timesheet/home/" "Mozilla/5.0 (X11; Linux x86_64) AppleWebKit/537.36 (KHTML, like Gecko) Chrome/52.0.2743.116 Safari/537.36"
10.10.10.42 - - [20/Mar/2017:10:28:53 +0530] "GET / HTTP/1.1" 200 4672 "-" "Mozilla/5.0 (compatible; PRTG Network Monitor (www.paessler.com); Windows)"
10.10.60.116 - - [20/Mar/2017:10:29:49 +0530] "GET /timesheet/employee/12/timesheet/?month=3&year=2017 HTTP/1.1" 200 55 "http://timesheet.forgeahead.io/timesheet/home/" "Mozilla/5.0 (X11; Linux x86_64) AppleWebKit/537.36 (KHTML, like Gecko) Chrome/52.0.2743.116 Safari/537.36"
10.10.60.116 - - [20/Mar/2017:10:29:49 +0530] "POST /timesheet/employee/12/tasks/ HTTP/1.1" 200 270 "http://timesheet.forgeahead.io/timesheet/home/" "Mozilla/5.0 (X11; Linux x86_64) AppleWebKit/537.36 (KHTML, like Gecko) Chrome/52.0.2743.116 Safari/537.36"
10.10.10.42 - - [20/Mar/2017:10:29:54 +0530] "GET / HTTP/1.1" 200 4672 "-" "Mozilla/5.0 (compatible; PRTG Network Monitor (www.paessler.com); Windows)"
10.10.15.101 - - [20/Mar/2017:10:30:02 +0530] "GET /timesheet/home/ HTTP/1.1" 200 1596 "http://timesheet.forgeahead.io/timesheet/home/" "Mozilla/5.0 (Windows NT 10.0; Win64; x64) AppleWebKit/537.36 (KHTML, like Gecko) Chrome/56.0.2924.87 Safari/537.36"
10.10.15.101 - - [20/Mar/2017:10:30:16 +0530] "GET /timesheet/projects/?emp_id=18 HTTP/1.1" 200 501 "http://timesheet.forgeahead.io/timesheet/home/" "Mozilla/5.0 (Windows NT 10.0; Win64; x64) AppleWebKit/537.36 (KHTML, like Gecko) Chrome/56.0.2924.87 Safari/537.36"
10.10.15.101 - - [20/Mar/2017:10:30:16 +0530] "GET /timesheet/employee/18/tasks/?date=2017-3-20 HTTP/1.1" 200 51 "http://timesheet.forgeahead.io/timesheet/home/" "Mozilla/5.0 (Windows NT 10.0; Win64; x64) AppleWebKit/537.36 (KHTML, like Gecko) Chrome/56.0.2924.87 Safari/537.36"
10.10.10.42 - - [20/Mar/2017:10:30:54 +0530] "GET / HTTP/1.1" 200 4678 "-" "Mozilla/5.0 (compatible; PRTG Network Monitor (www.paessler.com); Windows)"
10.10.10.42 - - [20/Mar/2017:10:31:54 +0530] "GET / HTTP/1.1" 200 4672 "-" "Mozilla/5.0 (compatible; PRTG Network Monitor (www.paessler.com); Windows)"
10.10.10.42 - - [20/Mar/2017:10:32:54 +0530] "GET / HTTP/1.1" 200 4672 "-" "Mozilla/5.0 (compatible; PRTG Network Monitor (www.paessler.com); Windows)"
10.10.10.42 - - [20/Mar/2017:10:33:54 +0530] "GET / HTTP/1.1" 200 4678 "-" "Mozilla/5.0 (compatible; PRTG Network Monitor (www.paessler.com); Windows)"
10.10.10.42 - - [20/Mar/2017:10:34:53 +0530] "GET / HTTP/1.1" 200 4672 "-" "Mozilla/5.0 (compatible; PRTG Network Monitor (www.paessler.com); Windows)"
10.10.10.42 - - [20/Mar/2017:10:35:54 +0530] "GET / HTTP/1.1" 200 4672 "-" "Mozilla/5.0 (compatible; PRTG Network Monitor (www.paessler.com); Windows)"
10.10.1.135 - - [20/Mar/2017:10:36:08 +0530] "GET / HTTP/1.1" 200 1112 "-" "Mozilla/5.0 (X11; Linux x86_64) AppleWebKit/537.36 (KHTML, like Gecko) Chrome/56.0.2924.87 Safari/537.36"
10.10.1.135 - - [20/Mar/2017:10:36:08 +0530] "GET /static/login/bower_components/angular-xeditable/dist/css/xeditable.min.css HTTP/1.1" 200 2389 "http://timesheet.forgeahead.io/" "Mozilla/5.0 (X11; Linux x86_64) AppleWebKit/537.36 (KHTML, like Gecko) Chrome/56.0.2924.87 Safari/537.36"
10.10.1.135 - - [20/Mar/2017:10:36:08 +0530] "GET /static/login/CSS/styling.css HTTP/1.1" 200 6829 "http://timesheet.forgeahead.io/" "Mozilla/5.0 (X11; Linux x86_64) AppleWebKit/537.36 (KHTML, like Gecko) Chrome/56.0.2924.87 Safari/537.36"
10.10.1.135 - - [20/Mar/2017:10:36:08 +0530] "GET /static/login/bower_components/bootstrap-daterangepicker/daterangepicker.css HTTP/1.1" 200 8133 "http://timesheet.forgeahead.io/" "Mozilla/5.0 (X11; Linux x86_64) AppleWebKit/537.36 (KHTML, like Gecko) Chrome/56.0.2924.87 Safari/537.36"
10.10.1.135 - - [20/Mar/2017:10:36:08 +0530] "GET /static/login/bower_components/ui-navbar/release/css/ui-navbar.min.css HTTP/1.1" 200 1094 "http://timesheet.forgeahead.io/" "Mozilla/5.0 (X11; Linux x86_64) AppleWebKit/537.36 (KHTML, like Gecko) Chrome/56.0.2924.87 Safari/537.36"
10.10.1.135 - - [20/Mar/2017:10:36:08 +0530] "GET /static/login/bower_components/bootstrap/dist/css/bootstrap-theme.min.css HTTP/1.1" 200 23409 "http://timesheet.forgeahead.io/" "Mozilla/5.0 (X11; Linux x86_64) AppleWebKit/537.36 (KHTML, like Gecko) Chrome/56.0.2924.87 Safari/537.36"
10.10.1.135 - - [20/Mar/2017:10:36:08 +0530] "GET /static/login/bower_components/bootstrap/dist/css/bootstrap.min.css HTTP/1.1" 200 121200 "http://timesheet.forgeahead.io/" "Mozilla/5.0 (X11; Linux x86_64) AppleWebKit/537.36 (KHTML, like Gecko) Chrome/56.0.2924.87 Safari/537.36"
10.10.1.135 - - [20/Mar/2017:10:36:08 +0530] "GET /static/login/bower_components/angular/angular.min.js HTTP/1.1" 200 160048 "http://timesheet.forgeahead.io/" "Mozilla/5.0 (X11; Linux x86_64) AppleWebKit/537.36 (KHTML, like Gecko) Chrome/56.0.2924.87 Safari/537.36"
10.10.1.135 - - [20/Mar/2017:10:36:08 +0530] "GET /static/login/bower_components/ui-navbar/release/js/ui-navbar.min.js HTTP/1.1" 200 1114 "http://timesheet.forgeahead.io/" "Mozilla/5.0 (X11; Linux x86_64) AppleWebKit/537.36 (KHTML, like Gecko) Chrome/56.0.2924.87 Safari/537.36"
10.10.1.135 - - [20/Mar/2017:10:36:08 +0530] "GET /static/login/bower_components/angular-route/angular-route.min.js HTTP/1.1" 200 4766 "http://timesheet.forgeahead.io/" "Mozilla/5.0 (X11; Linux x86_64) AppleWebKit/537.36 (KHTML, like Gecko) Chrome/56.0.2924.87 Safari/537.36"
10.10.1.135 - - [20/Mar/2017:10:36:08 +0530] "GET /static/login/bower_components/angular-cookies/angular-cookies.min.js HTTP/1.1" 200 1447 "http://timesheet.forgeahead.io/" "Mozilla/5.0 (X11; Linux x86_64) AppleWebKit/537.36 (KHTML, like Gecko) Chrome/56.0.2924.87 Safari/537.36"
10.10.1.135 - - [20/Mar/2017:10:36:08 +0530] "GET /static/login/bower_components/angular-bootstrap/ui-bootstrap-tpls.min.js HTTP/1.1" 200 122900 "http://timesheet.forgeahead.io/" "Mozilla/5.0 (X11; Linux x86_64) AppleWebKit/537.36 (KHTML, like Gecko) Chrome/56.0.2924.87 Safari/537.36"
10.10.1.135 - - [20/Mar/2017:10:36:08 +0530] "GET /static/login/bower_components/angular-bootstrap/ui-bootstrap.min.js HTTP/1.1" 200 100829 "http://timesheet.forgeahead.io/" "Mozilla/5.0 (X11; Linux x86_64) AppleWebKit/537.36 (KHTML, like Gecko) Chrome/56.0.2924.87 Safari/537.36"
10.10.1.135 - - [20/Mar/2017:10:36:08 +0530] "GET /static/login/bower_components/angular-chart.js/dist/angular-chart.min.js HTTP/1.1" 200 6041 "http://timesheet.forgeahead.io/" "Mozilla/5.0 (X11; Linux x86_64) AppleWebKit/537.36 (KHTML, like Gecko) Chrome/56.0.2924.87 Safari/537.36"
10.10.1.135 - - [20/Mar/2017:10:36:08 +0530] "GET /static/login/bower_components/chart.js/dist/Chart.min.js HTTP/1.1" 200 144069 "http://timesheet.forgeahead.io/" "Mozilla/5.0 (X11; Linux x86_64) AppleWebKit/537.36 (KHTML, like Gecko) Chrome/56.0.2924.87 Safari/537.36"
10.10.1.135 - - [20/Mar/2017:10:36:08 +0530] "GET /static/login/bower_components/moment/moment.js HTTP/1.1" 200 104409 "http://timesheet.forgeahead.io/" "Mozilla/5.0 (X11; Linux x86_64) AppleWebKit/537.36 (KHTML, like Gecko) Chrome/56.0.2924.87 Safari/537.36"
10.10.1.135 - - [20/Mar/2017:10:36:08 +0530] "GET /static/login/bower_components/jquery/dist/jquery.min.js HTTP/1.1" 200 84380 "http://timesheet.forgeahead.io/" "Mozilla/5.0 (X11; Linux x86_64) AppleWebKit/537.36 (KHTML, like Gecko) Chrome/56.0.2924.87 Safari/537.36"
10.10.1.135 - - [20/Mar/2017:10:36:08 +0530] "GET /static/login/bower_components/bootstrap/dist/js/bootstrap.min.js HTTP/1.1" 200 37045 "http://timesheet.forgeahead.io/" "Mozilla/5.0 (X11; Linux x86_64) AppleWebKit/537.36 (KHTML, like Gecko) Chrome/56.0.2924.87 Safari/537.36"
10.10.1.135 - - [20/Mar/2017:10:36:08 +0530] "GET /static/login/Images/FA_TimeTracker_Logo.png HTTP/1.1" 200 8512 "http://timesheet.forgeahead.io/" "Mozilla/5.0 (X11; Linux x86_64) AppleWebKit/537.36 (KHTML, like Gecko) Chrome/56.0.2924.87 Safari/537.36"
10.10.1.135 - - [20/Mar/2017:10:36:08 +0530] "GET /static/login/Images/logo.png HTTP/1.1" 200 4860 "http://timesheet.forgeahead.io/" "Mozilla/5.0 (X11; Linux x86_64) AppleWebKit/537.36 (KHTML, like Gecko) Chrome/56.0.2924.87 Safari/537.36"
10.10.1.135 - - [20/Mar/2017:10:36:08 +0530] "GET /static/login/bower_components/angular-filter/dist/angular-filter.min.js HTTP/1.1" 200 20463 "http://timesheet.forgeahead.io/" "Mozilla/5.0 (X11; Linux x86_64) AppleWebKit/537.36 (KHTML, like Gecko) Chrome/56.0.2924.87 Safari/537.36"
10.10.1.135 - - [20/Mar/2017:10:36:08 +0530] "GET /static/login/bower_components/ngstorage/ngStorage.min.js HTTP/1.1" 200 2486 "http://timesheet.forgeahead.io/" "Mozilla/5.0 (X11; Linux x86_64) AppleWebKit/537.36 (KHTML, like Gecko) Chrome/56.0.2924.87 Safari/537.36"
10.10.1.135 - - [20/Mar/2017:10:36:08 +0530] "GET /static/login/bower_components/bootstrap-daterangepicker/daterangepicker.js HTTP/1.1" 200 69150 "http://timesheet.forgeahead.io/" "Mozilla/5.0 (X11; Linux x86_64) AppleWebKit/537.36 (KHTML, like Gecko) Chrome/56.0.2924.87 Safari/537.36"
10.10.1.135 - - [20/Mar/2017:10:36:08 +0530] "GET /static/login/bower_components/angular-daterangepicker/js/angular-daterangepicker.js HTTP/1.1" 200 7051 "http://timesheet.forgeahead.io/" "Mozilla/5.0 (X11; Linux x86_64) AppleWebKit/537.36 (KHTML, like Gecko) Chrome/56.0.2924.87 Safari/537.36"
10.10.1.135 - - [20/Mar/2017:10:36:08 +0530] "GET /static/login/bower_components/bootbox/bootbox.js HTTP/1.1" 200 26570 "http://timesheet.forgeahead.io/" "Mozilla/5.0 (X11; Linux x86_64) AppleWebKit/537.36 (KHTML, like Gecko) Chrome/56.0.2924.87 Safari/537.36"
10.10.1.135 - - [20/Mar/2017:10:36:08 +0530] "GET /static/login/bower_components/ngBootbox/dist/ngBootbox.min.js HTTP/1.1" 200 3065 "http://timesheet.forgeahead.io/" "Mozilla/5.0 (X11; Linux x86_64) AppleWebKit/537.36 (KHTML, like Gecko) Chrome/56.0.2924.87 Safari/537.36"
10.10.1.135 - - [20/Mar/2017:10:36:08 +0530] "GET /static/login/JS/config.js HTTP/1.1" 200 68 "http://timesheet.forgeahead.io/" "Mozilla/5.0 (X11; Linux x86_64) AppleWebKit/537.36 (KHTML, like Gecko) Chrome/56.0.2924.87 Safari/537.36"
10.10.1.135 - - [20/Mar/2017:10:36:08 +0530] "GET /static/login/JS/timesheet.js HTTP/1.1" 200 1053 "http://timesheet.forgeahead.io/" "Mozilla/5.0 (X11; Linux x86_64) AppleWebKit/537.36 (KHTML, like Gecko) Chrome/56.0.2924.87 Safari/537.36"
10.10.1.135 - - [20/Mar/2017:10:36:08 +0530] "GET /static/login/JS/timesheet.routes.js HTTP/1.1" 200 1461 "http://timesheet.forgeahead.io/" "Mozilla/5.0 (X11; Linux x86_64) AppleWebKit/537.36 (KHTML, like Gecko) Chrome/56.0.2924.87 Safari/537.36"
10.10.1.135 - - [20/Mar/2017:10:36:08 +0530] "GET /static/login/JS/timer/timer.module.js HTTP/1.1" 200 736 "http://timesheet.forgeahead.io/" "Mozilla/5.0 (X11; Linux x86_64) AppleWebKit/537.36 (KHTML, like Gecko) Chrome/56.0.2924.87 Safari/537.36"
10.10.1.135 - - [20/Mar/2017:10:36:08 +0530] "GET /static/login/JS/timer/services/timer.helpers.js HTTP/1.1" 200 6972 "http://timesheet.forgeahead.io/" "Mozilla/5.0 (X11; Linux x86_64) AppleWebKit/537.36 (KHTML, like Gecko) Chrome/56.0.2924.87 Safari/537.36"
10.10.1.135 - - [20/Mar/2017:10:36:08 +0530] "GET /static/login/JS/timer/services/timer.service.js HTTP/1.1" 200 3448 "http://timesheet.forgeahead.io/" "Mozilla/5.0 (X11; Linux x86_64) AppleWebKit/537.36 (KHTML, like Gecko) Chrome/56.0.2924.87 Safari/537.36"
10.10.1.135 - - [20/Mar/2017:10:36:08 +0530] "GET /static/login/JS/timer/controller/manual.controller.js HTTP/1.1" 200 3737 "http://timesheet.forgeahead.io/" "Mozilla/5.0 (X11; Linux x86_64) AppleWebKit/537.36 (KHTML, like Gecko) Chrome/56.0.2924.87 Safari/537.36"
10.10.1.135 - - [20/Mar/2017:10:36:08 +0530] "GET /static/login/JS/timer/controller/report.controller.js HTTP/1.1" 200 20282 "http://timesheet.forgeahead.io/" "Mozilla/5.0 (X11; Linux x86_64) AppleWebKit/537.36 (KHTML, like Gecko) Chrome/56.0.2924.87 Safari/537.36"
10.10.1.135 - - [20/Mar/2017:10:36:08 +0530] "GET /static/login/JS/timer/controller/viewtimesheet.controller.js HTTP/1.1" 200 1904 "http://timesheet.forgeahead.io/" "Mozilla/5.0 (X11; Linux x86_64) AppleWebKit/537.36 (KHTML, like Gecko) Chrome/56.0.2924.87 Safari/537.36"
10.10.1.135 - - [20/Mar/2017:10:36:08 +0530] "GET /static/login/JS/timer/controller/manualtable.controller.js HTTP/1.1" 200 40075 "http://timesheet.forgeahead.io/" "Mozilla/5.0 (X11; Linux x86_64) AppleWebKit/537.36 (KHTML, like Gecko) Chrome/56.0.2924.87 Safari/537.36"
10.10.1.135 - - [20/Mar/2017:10:36:08 +0530] "GET /static/login/JS/timer/controller/mytimesheet.controller.js HTTP/1.1" 200 6592 "http://timesheet.forgeahead.io/" "Mozilla/5.0 (X11; Linux x86_64) AppleWebKit/537.36 (KHTML, like Gecko) Chrome/56.0.2924.87 Safari/537.36"
10.10.1.135 - - [20/Mar/2017:10:36:08 +0530] "GET /static/login/JS/authentication/controller/authentication.controller.js HTTP/1.1" 200 1617 "http://timesheet.forgeahead.io/" "Mozilla/5.0 (X11; Linux x86_64) AppleWebKit/537.36 (KHTML, like Gecko) Chrome/56.0.2924.87 Safari/537.36"
10.10.1.135 - - [20/Mar/2017:10:36:08 +0530] "GET /static/login/JS/authentication/authentication.module.js HTTP/1.1" 200 537 "http://timesheet.forgeahead.io/" "Mozilla/5.0 (X11; Linux x86_64) AppleWebKit/537.36 (KHTML, like Gecko) Chrome/56.0.2924.87 Safari/537.36"
10.10.1.135 - - [20/Mar/2017:10:36:08 +0530] "GET /static/login/bower_components/angular-xeditable/dist/js/xeditable.min.js HTTP/1.1" 200 33592 "http://timesheet.forgeahead.io/" "Mozilla/5.0 (X11; Linux x86_64) AppleWebKit/537.36 (KHTML, like Gecko) Chrome/56.0.2924.87 Safari/537.36"
10.10.1.135 - - [20/Mar/2017:10:36:08 +0530] "GET /static/login/JS/timer/controller/automatic.controller.js HTTP/1.1" 200 12060 "http://timesheet.forgeahead.io/" "Mozilla/5.0 (X11; Linux x86_64) AppleWebKit/537.36 (KHTML, like Gecko) Chrome/56.0.2924.87 Safari/537.36"
10.10.1.135 - - [20/Mar/2017:10:36:08 +0530] "GET /static/login/JS/timer/controller/monthtimesheet.controller.js HTTP/1.1" 200 6675 "http://timesheet.forgeahead.io/" "Mozilla/5.0 (X11; Linux x86_64) AppleWebKit/537.36 (KHTML, like Gecko) Chrome/56.0.2924.87 Safari/537.36"
10.10.1.135 - - [20/Mar/2017:10:36:08 +0530] "GET /static/login/JS/timer/controller/submitted.controller.js HTTP/1.1" 200 11421 "http://timesheet.forgeahead.io/" "Mozilla/5.0 (X11; Linux x86_64) AppleWebKit/537.36 (KHTML, like Gecko) Chrome/56.0.2924.87 Safari/537.36"
10.10.1.135 - - [20/Mar/2017:10:36:08 +0530] "GET /static/login/JS/timer/controller/approve.controller.js HTTP/1.1" 200 638 "http://timesheet.forgeahead.io/" "Mozilla/5.0 (X11; Linux x86_64) AppleWebKit/537.36 (KHTML, like Gecko) Chrome/56.0.2924.87 Safari/537.36"
10.10.1.135 - - [20/Mar/2017:10:36:08 +0530] "GET /static/login/JS/timer/controller/myteam.controller.js HTTP/1.1" 200 5130 "http://timesheet.forgeahead.io/" "Mozilla/5.0 (X11; Linux x86_64) AppleWebKit/537.36 (KHTML, like Gecko) Chrome/56.0.2924.87 Safari/537.36"
10.10.1.135 - - [20/Mar/2017:10:36:18 +0530] "GET /timesheet/start/?authToken=EzoUzxKdg7CJ7%2BXoBsG6sAQWMH42XjUiztvkWZZQKIsDs%2BKVZ5VqsNTGKqGcmo86tP2RhjEPC7HbZ1pEf074Xg%3D%3D%0A&doj=2016-12-12+13%3A45%3A50%2B00%3A00&gauthToken=ya29.Gl0UBEiqLimcU-pepymoJFBiNUAlDm1KZLgcmvR-FQwJJbiY1npXMb6sElb_7N_AvQMZqGUqs0n8jRXHVGMl5NG4rr4ZINFqwB4t99mqBW1tdRelUbR8T3yKSyrOmAM&firstName=Jitendra&lastName=Pisal&imageUrl=https%3A%2F%2Flh5.googleusercontent.com%2F-xMnZuWANVK8%2FAAAAAAAAAAI%2FAAAAAAAAANw%2FAKmZzLOWscg%2Fphoto.jpg&designation=Software+Engineer&gender=None&email=jitendra.pisal%40forgeahead.io&employeeID=V213 HTTP/1.1" 302 5 "http://dev-sso.forgeahead.io:8081/auth/login_page/?redirect_to=http://timesheet.forgeahead.io/timesheet/start/" "Mozilla/5.0 (X11; Linux x86_64) AppleWebKit/537.36 (KHTML, like Gecko) Chrome/56.0.2924.87 Safari/537.36"
10.10.1.135 - - [20/Mar/2017:10:36:18 +0530] "GET /timesheet/home/ HTTP/1.1" 200 1596 "http://dev-sso.forgeahead.io:8081/auth/login_page/?redirect_to=http://timesheet.forgeahead.io/timesheet/start/" "Mozilla/5.0 (X11; Linux x86_64) AppleWebKit/537.36 (KHTML, like Gecko) Chrome/56.0.2924.87 Safari/537.36"
10.10.1.135 - - [20/Mar/2017:10:36:18 +0530] "GET /static/templates/login/manual.html HTTP/1.1" 200 2677 "http://timesheet.forgeahead.io/timesheet/home/" "Mozilla/5.0 (X11; Linux x86_64) AppleWebKit/537.36 (KHTML, like Gecko) Chrome/56.0.2924.87 Safari/537.36"
10.10.1.135 - - [20/Mar/2017:10:36:18 +0530] "GET /static/login/Images/group.svg HTTP/1.1" 200 1757 "http://timesheet.forgeahead.io/timesheet/home/" "Mozilla/5.0 (X11; Linux x86_64) AppleWebKit/537.36 (KHTML, like Gecko) Chrome/56.0.2924.87 Safari/537.36"
