10.10.60.116 - - [20/Mar/2017:09:48:17 +0530] "GET /timesheet/employee/12/tasks/?date=2017-3-10 HTTP/1.1" 200 51 "http://timesheet.forgeahead.io/timesheet/home/" "Mozilla/5.0 (X11; Linux x86_64) AppleWebKit/537.36 (KHTML, like Gecko) Chrome/52.0.2743.116 Safari/537.36"
10.10.60.116 - - [20/Mar/2017:09:48:25 +0530] "GET /timesheet/employee/12/tasks/?date=2017-3-9 HTTP/1.1" 200 355 "http://timesheet.forgeahead.io/timesheet/home/" "Mozilla/5.0 (X11; Linux x86_64) AppleWebKit/537.36 (KHTML, like Gecko) Chrome/52.0.2743.116 Safari/537.36"
10.10.10.67 - - [20/Mar/2017:09:48:31 +0530] "GET /timesheet/employee/69/timesheet/?month=3&year=2017 HTTP/1.0" 200 44 "http://timesheet.forgeahead.io/timesheet/home/" "Mozilla/5.0 (X11; Linux x86_64) AppleWebKit/537.36 (KHTML, like Gecko) Chrome/56.0.2924.87 Safari/537.36"
10.10.10.67 - - [20/Mar/2017:09:48:31 +0530] "POST /timesheet/employee/69/tasks/ HTTP/1.0" 200 223 "http://timesheet.forgeahead.io/timesheet/home/" "Mozilla/5.0 (X11; Linux x86_64) AppleWebKit/537.36 (KHTML, like Gecko) Chrome/56.0.2924.87 Safari/537.36"
10.10.10.42 - - [20/Mar/2017:09:48:54 +0530] "GET / HTTP/1.1" 200 4672 "-" "Mozilla/5.0 (compatible; PRTG Network Monitor (www.paessler.com); Windows)"
10.10.10.42 - - [20/Mar/2017:09:49:53 +0530] "GET / HTTP/1.1" 200 4672 "-" "Mozilla/5.0 (compatible; PRTG Network Monitor (www.paessler.com); Windows)"
10.10.10.42 - - [20/Mar/2017:09:50:54 +0530] "GET / HTTP/1.1" 200 4672 "-" "Mozilla/5.0 (compatible; PRTG Network Monitor (www.paessler.com); Windows)"
10.10.1.89 - - [20/Mar/2017:09:51:15 +0530] "GET / HTTP/1.1" 302 5 "-" "Mozilla/5.0 (X11; Linux x86_64) AppleWebKit/537.36 (KHTML, like Gecko) Chrome/57.0.2987.110 Safari/537.36"
10.10.1.89 - - [20/Mar/2017:09:51:15 +0530] "GET /timesheet/home/ HTTP/1.1" 200 1596 "-" "Mozilla/5.0 (X11; Linux x86_64) AppleWebKit/537.36 (KHTML, like Gecko) Chrome/57.0.2987.110 Safari/537.36"
10.10.1.89 - - [20/Mar/2017:09:51:15 +0530] "GET /static/login/JS/authentication/controller/authentication.controller.js HTTP/1.1" 304 0 "http://timesheet.forgeahead.io/timesheet/home/" "Mozilla/5.0 (X11; Linux x86_64) AppleWebKit/537.36 (KHTML, like Gecko) Chrome/57.0.2987.110 Safari/537.36"
10.10.1.89 - - [20/Mar/2017:09:51:15 +0530] "GET /static/login/JS/timer/controller/myteam.controller.js HTTP/1.1" 304 0 "http://timesheet.forgeahead.io/timesheet/home/" "Mozilla/5.0 (X11; Linux x86_64) AppleWebKit/537.36 (KHTML, like Gecko) Chrome/57.0.2987.110 Safari/537.36"
10.10.1.89 - - [20/Mar/2017:09:51:15 +0530] "GET /timesheet/employee/14/tasks/?date=2017-3-20 HTTP/1.1" 200 51 "http://timesheet.forgeahead.io/timesheet/home/" "Mozilla/5.0 (X11; Linux x86_64) AppleWebKit/537.36 (KHTML, like Gecko) Chrome/57.0.2987.110 Safari/537.36"
10.10.1.89 - - [20/Mar/2017:09:51:15 +0530] "GET /timesheet/projects/?emp_id=14 HTTP/1.1" 200 286 "http://timesheet.forgeahead.io/timesheet/home/" "Mozilla/5.0 (X11; Linux x86_64) AppleWebKit/537.36 (KHTML, like Gecko) Chrome/57.0.2987.110 Safari/537.36"
10.10.1.165 - - [20/Mar/2017:09:51:51 +0530] "GET /timesheet/home/ HTTP/1.1" 200 1596 "-" "Mozilla/5.0 (Windows NT 6.1; Win64; x64) AppleWebKit/537.36 (KHTML, like Gecko) Chrome/56.0.2924.87 Safari/537.36"
10.10.1.165 - - [20/Mar/2017:09:51:51 +0530] "GET /static/login/bower_components/bootstrap/dist/css/bootstrap-theme.min.css HTTP/1.1" 200 23409 "http://timesheet.forgeahead.io/timesheet/home/" "Mozilla/5.0 (Windows NT 6.1; Win64; x64) AppleWebKit/537.36 (KHTML, like Gecko) Chrome/56.0.2924.87 Safari/537.36"
10.10.1.165 - - [20/Mar/2017:09:51:51 +0530] "GET /static/login/CSS/styling.css HTTP/1.1" 200 6829 "http://timesheet.forgeahead.io/timesheet/home/" "Mozilla/5.0 (Windows NT 6.1; Win64; x64) AppleWebKit/537.36 (KHTML, like Gecko) Chrome/56.0.2924.87 Safari/537.36"
10.10.1.165 - - [20/Mar/2017:09:51:51 +0530] "GET /static/login/bower_components/bootstrap-daterangepicker/daterangepicker.css HTTP/1.1" 200 8133 "http://timesheet.forgeahead.io/timesheet/home/" "Mozilla/5.0 (Windows NT 6.1; Win64; x64) AppleWebKit/537.36 (KHTML, like Gecko) Chrome/56.0.2924.87 Safari/537.36"
10.10.1.165 - - [20/Mar/2017:09:51:51 +0530] "GET /static/login/bower_components/ui-navbar/release/css/ui-navbar.min.css HTTP/1.1" 200 1094 "http://timesheet.forgeahead.io/timesheet/home/" "Mozilla/5.0 (Windows NT 6.1; Win64; x64) AppleWebKit/537.36 (KHTML, like Gecko) Chrome/56.0.2924.87 Safari/537.36"
10.10.1.165 - - [20/Mar/2017:09:51:51 +0530] "GET /static/login/bower_components/angular-xeditable/dist/css/xeditable.min.css HTTP/1.1" 200 2389 "http://timesheet.forgeahead.io/timesheet/home/" "Mozilla/5.0 (Windows NT 6.1; Win64; x64) AppleWebKit/537.36 (KHTML, like Gecko) Chrome/56.0.2924.87 Safari/537.36"
10.10.1.165 - - [20/Mar/2017:09:51:51 +0530] "GET /static/login/bower_components/bootstrap/dist/css/bootstrap.min.css HTTP/1.1" 200 121200 "http://timesheet.forgeahead.io/timesheet/home/" "Mozilla/5.0 (Windows NT 6.1; Win64; x64) AppleWebKit/537.36 (KHTML, like Gecko) Chrome/56.0.2924.87 Safari/537.36"
10.10.1.165 - - [20/Mar/2017:09:51:51 +0530] "GET /static/login/bower_components/angular/angular.min.js HTTP/1.1" 200 160048 "http://timesheet.forgeahead.io/timesheet/home/" "Mozilla/5.0 (Windows NT 6.1; Win64; x64) AppleWebKit/537.36 (KHTML, like Gecko) Chrome/56.0.2924.87 Safari/537.36"
10.10.1.165 - - [20/Mar/2017:09:51:51 +0530] "GET /static/login/bower_components/angular-bootstrap/ui-bootstrap.min.js HTTP/1.1" 200 100829 "http://timesheet.forgeahead.io/timesheet/home/" "Mozilla/5.0 (Windows NT 6.1; Win64; x64) AppleWebKit/537.36 (KHTML, like Gecko) Chrome/56.0.2924.87 Safari/537.36"
10.10.1.165 - - [20/Mar/2017:09:51:51 +0530] "GET /static/login/bower_components/angular-cookies/angular-cookies.min.js HTTP/1.1" 200 1447 "http://timesheet.forgeahead.io/timesheet/home/" "Mozilla/5.0 (Windows NT 6.1; Win64; x64) AppleWebKit/537.36 (KHTML, like Gecko) Chrome/56.0.2924.87 Safari/537.36"
10.10.1.165 - - [20/Mar/2017:09:51:51 +0530] "GET /static/login/bower_components/angular-route/angular-route.min.js HTTP/1.1" 200 4766 "http://timesheet.forgeahead.io/timesheet/home/" "Mozilla/5.0 (Windows NT 6.1; Win64; x64) AppleWebKit/537.36 (KHTML, like Gecko) Chrome/56.0.2924.87 Safari/537.36"
10.10.1.165 - - [20/Mar/2017:09:51:51 +0530] "GET /static/login/bower_components/ui-navbar/release/js/ui-navbar.min.js HTTP/1.1" 200 1114 "http://timesheet.forgeahead.io/timesheet/home/" "Mozilla/5.0 (Windows NT 6.1; Win64; x64) AppleWebKit/537.36 (KHTML, like Gecko) Chrome/56.0.2924.87 Safari/537.36"
10.10.1.165 - - [20/Mar/2017:09:51:51 +0530] "GET /static/login/bower_components/angular-bootstrap/ui-bootstrap-tpls.min.js HTTP/1.1" 200 122900 "http://timesheet.forgeahead.io/timesheet/home/" "Mozilla/5.0 (Windows NT 6.1; Win64; x64) AppleWebKit/537.36 (KHTML, like Gecko) Chrome/56.0.2924.87 Safari/537.36"
10.10.1.165 - - [20/Mar/2017:09:51:51 +0530] "GET /static/login/bower_components/moment/moment.js HTTP/1.1" 200 104409 "http://timesheet.forgeahead.io/timesheet/home/" "Mozilla/5.0 (Windows NT 6.1; Win64; x64) AppleWebKit/537.36 (KHTML, like Gecko) Chrome/56.0.2924.87 Safari/537.36"
10.10.1.165 - - [20/Mar/2017:09:51:51 +0530] "GET /static/login/bower_components/chart.js/dist/Chart.min.js HTTP/1.1" 200 144069 "http://timesheet.forgeahead.io/timesheet/home/" "Mozilla/5.0 (Windows NT 6.1; Win64; x64) AppleWebKit/537.36 (KHTML, like Gecko) Chrome/56.0.2924.87 Safari/537.36"
10.10.1.165 - - [20/Mar/2017:09:51:51 +0530] "GET /static/login/bower_components/angular-chart.js/dist/angular-chart.min.js HTTP/1.1" 200 6041 "http://timesheet.forgeahead.io/timesheet/home/" "Mozilla/5.0 (Windows NT 6.1; Win64; x64) AppleWebKit/537.36 (KHTML, like Gecko) Chrome/56.0.2924.87 Safari/537.36"
10.10.1.165 - - [20/Mar/2017:09:51:51 +0530] "GET /static/login/bower_components/jquery/dist/jquery.min.js HTTP/1.1" 200 84380 "http://timesheet.forgeahead.io/timesheet/home/" "Mozilla/5.0 (Windows NT 6.1; Win64; x64) AppleWebKit/537.36 (KHTML, like Gecko) Chrome/56.0.2924.87 Safari/537.36"
10.10.1.165 - - [20/Mar/2017:09:51:51 +0530] "GET /static/login/bower_components/bootstrap/dist/fonts/glyphicons-halflings-regular.woff2 HTTP/1.1" 200 18028 "http://timesheet.forgeahead.io/static/login/bower_components/bootstrap/dist/css/bootstrap.min.css" "Mozilla/5.0 (Windows NT 6.1; Win64; x64) AppleWebKit/537.36 (KHTML, like Gecko) Chrome/56.0.2924.87 Safari/537.36"
10.10.1.165 - - [20/Mar/2017:09:51:51 +0530] "GET /static/login/bower_components/bootstrap/dist/js/bootstrap.min.js HTTP/1.1" 200 37045 "http://timesheet.forgeahead.io/timesheet/home/" "Mozilla/5.0 (Windows NT 6.1; Win64; x64) AppleWebKit/537.36 (KHTML, like Gecko) Chrome/56.0.2924.87 Safari/537.36"
10.10.1.165 - - [20/Mar/2017:09:51:51 +0530] "GET /static/login/bower_components/angular-filter/dist/angular-filter.min.js HTTP/1.1" 200 20463 "http://timesheet.forgeahead.io/timesheet/home/" "Mozilla/5.0 (Windows NT 6.1; Win64; x64) AppleWebKit/537.36 (KHTML, like Gecko) Chrome/56.0.2924.87 Safari/537.36"
10.10.1.165 - - [20/Mar/2017:09:51:51 +0530] "GET /static/login/bower_components/bootstrap-daterangepicker/daterangepicker.js HTTP/1.1" 200 69150 "http://timesheet.forgeahead.io/timesheet/home/" "Mozilla/5.0 (Windows NT 6.1; Win64; x64) AppleWebKit/537.36 (KHTML, like Gecko) Chrome/56.0.2924.87 Safari/537.36"
10.10.1.165 - - [20/Mar/2017:09:51:51 +0530] "GET /static/login/bower_components/ngstorage/ngStorage.min.js HTTP/1.1" 200 2486 "http://timesheet.forgeahead.io/timesheet/home/" "Mozilla/5.0 (Windows NT 6.1; Win64; x64) AppleWebKit/537.36 (KHTML, like Gecko) Chrome/56.0.2924.87 Safari/537.36"
10.10.1.165 - - [20/Mar/2017:09:51:51 +0530] "GET /static/login/bower_components/angular-daterangepicker/js/angular-daterangepicker.js HTTP/1.1" 200 7051 "http://timesheet.forgeahead.io/timesheet/home/" "Mozilla/5.0 (Windows NT 6.1; Win64; x64) AppleWebKit/537.36 (KHTML, like Gecko) Chrome/56.0.2924.87 Safari/537.36"
10.10.1.165 - - [20/Mar/2017:09:51:51 +0530] "GET /static/login/bower_components/bootbox/bootbox.js HTTP/1.1" 200 26570 "http://timesheet.forgeahead.io/timesheet/home/" "Mozilla/5.0 (Windows NT 6.1; Win64; x64) AppleWebKit/537.36 (KHTML, like Gecko) Chrome/56.0.2924.87 Safari/537.36"
10.10.1.165 - - [20/Mar/2017:09:51:51 +0530] "GET /static/login/bower_components/ngBootbox/dist/ngBootbox.min.js HTTP/1.1" 200 3065 "http://timesheet.forgeahead.io/timesheet/home/" "Mozilla/5.0 (Windows NT 6.1; Win64; x64) AppleWebKit/537.36 (KHTML, like Gecko) Chrome/56.0.2924.87 Safari/537.36"
10.10.1.165 - - [20/Mar/2017:09:51:51 +0530] "GET /static/login/JS/config.js HTTP/1.1" 200 68 "http://timesheet.forgeahead.io/timesheet/home/" "Mozilla/5.0 (Windows NT 6.1; Win64; x64) AppleWebKit/537.36 (KHTML, like Gecko) Chrome/56.0.2924.87 Safari/537.36"
10.10.1.165 - - [20/Mar/2017:09:51:51 +0530] "GET /static/login/JS/timesheet.js HTTP/1.1" 200 1053 "http://timesheet.forgeahead.io/timesheet/home/" "Mozilla/5.0 (Windows NT 6.1; Win64; x64) AppleWebKit/537.36 (KHTML, like Gecko) Chrome/56.0.2924.87 Safari/537.36"
10.10.1.165 - - [20/Mar/2017:09:51:51 +0530] "GET /static/login/JS/timesheet.routes.js HTTP/1.1" 200 1461 "http://timesheet.forgeahead.io/timesheet/home/" "Mozilla/5.0 (Windows NT 6.1; Win64; x64) AppleWebKit/537.36 (KHTML, like Gecko) Chrome/56.0.2924.87 Safari/537.36"
10.10.1.165 - - [20/Mar/2017:09:51:51 +0530] "GET /static/login/JS/timer/timer.module.js HTTP/1.1" 200 736 "http://timesheet.forgeahead.io/timesheet/home/" "Mozilla/5.0 (Windows NT 6.1; Win64; x64) AppleWebKit/537.36 (KHTML, like Gecko) Chrome/56.0.2924.87 Safari/537.36"
10.10.1.165 - - [20/Mar/2017:09:51:51 +0530] "GET /static/login/JS/timer/services/timer.service.js HTTP/1.1" 200 3448 "http://timesheet.forgeahead.io/timesheet/home/" "Mozilla/5.0 (Windows NT 6.1; Win64; x64) AppleWebKit/537.36 (KHTML, like Gecko) Chrome/56.0.2924.87 Safari/537.36"
10.10.1.165 - - [20/Mar/2017:09:51:51 +0530] "GET /static/login/JS/timer/services/timer.helpers.js HTTP/1.1" 200 6972 "http://timesheet.forgeahead.io/timesheet/home/" "Mozilla/5.0 (Windows NT 6.1; Win64; x64) AppleWebKit/537.36 (KHTML, like Gecko) Chrome/56.0.2924.87 Safari/537.36"
10.10.1.165 - - [20/Mar/2017:09:51:51 +0530] "GET /static/login/JS/timer/controller/manual.controller.js HTTP/1.1" 200 3737 "http://timesheet.forgeahead.io/timesheet/home/" "Mozilla/5.0 (Windows NT 6.1; Win64; x64) AppleWebKit/537.36 (KHTML, like Gecko) Chrome/56.0.2924.87 Safari/537.36"
10.10.1.165 - - [20/Mar/2017:09:51:51 +0530] "GET /static/login/JS/timer/controller/report.controller.js HTTP/1.1" 200 20282 "http://timesheet.forgeahead.io/timesheet/home/" "Mozilla/5.0 (Windows NT 6.1; Win64; x64) AppleWebKit/537.36 (KHTML, like Gecko) Chrome/56.0.2924.87 Safari/537.36"
10.10.1.165 - - [20/Mar/2017:09:51:51 +0530] "GET /static/login/JS/timer/controller/viewtimesheet.controller.js HTTP/1.1" 200 1904 "http://timesheet.forgeahead.io/timesheet/home/" "Mozilla/5.0 (Windows NT 6.1; Win64; x64) AppleWebKit/537.36 (KHTML, like Gecko) Chrome/56.0.2924.87 Safari/537.36"
10.10.1.165 - - [20/Mar/2017:09:51:51 +0530] "GET /static/login/JS/timer/controller/manualtable.controller.js HTTP/1.1" 200 40075 "http://timesheet.forgeahead.io/timesheet/home/" "Mozilla/5.0 (Windows NT 6.1; Win64; x64) AppleWebKit/537.36 (KHTML, like Gecko) Chrome/56.0.2924.87 Safari/537.36"
10.10.1.165 - - [20/Mar/2017:09:51:51 +0530] "GET /static/login/JS/timer/controller/mytimesheet.controller.js HTTP/1.1" 200 6592 "http://timesheet.forgeahead.io/timesheet/home/" "Mozilla/5.0 (Windows NT 6.1; Win64; x64) AppleWebKit/537.36 (KHTML, like Gecko) Chrome/56.0.2924.87 Safari/537.36"
10.10.1.165 - - [20/Mar/2017:09:51:51 +0530] "GET /static/login/JS/timer/controller/automatic.controller.js HTTP/1.1" 200 12060 "http://timesheet.forgeahead.io/timesheet/home/" "Mozilla/5.0 (Windows NT 6.1; Win64; x64) AppleWebKit/537.36 (KHTML, like Gecko) Chrome/56.0.2924.87 Safari/537.36"
10.10.1.165 - - [20/Mar/2017:09:51:51 +0530] "GET /static/login/bower_components/angular-xeditable/dist/js/xeditable.min.js HTTP/1.1" 200 33592 "http://timesheet.forgeahead.io/timesheet/home/" "Mozilla/5.0 (Windows NT 6.1; Win64; x64) AppleWebKit/537.36 (KHTML, like Gecko) Chrome/56.0.2924.87 Safari/537.36"
10.10.1.165 - - [20/Mar/2017:09:51:51 +0530] "GET /static/login/Images/FA_TimeTracker_Logo.png HTTP/1.1" 200 8512 "http://timesheet.forgeahead.io/timesheet/home/" "Mozilla/5.0 (Windows NT 6.1; Win64; x64) AppleWebKit/537.36 (KHTML, like Gecko) Chrome/56.0.2924.87 Safari/537.36"
10.10.1.165 - - [20/Mar/2017:09:51:51 +0530] "GET /static/login/JS/authentication/authentication.module.js HTTP/1.1" 200 537 "http://timesheet.forgeahead.io/timesheet/home/" "Mozilla/5.0 (Windows NT 6.1; Win64; x64) AppleWebKit/537.36 (KHTML, like Gecko) Chrome/56.0.2924.87 Safari/537.36"
10.10.1.165 - - [20/Mar/2017:09:51:51 +0530] "GET /static/login/JS/authentication/controller/authentication.controller.js HTTP/1.1" 200 1617 "http://timesheet.forgeahead.io/timesheet/home/" "Mozilla/5.0 (Windows NT 6.1; Win64; x64) AppleWebKit/537.36 (KHTML, like Gecko) Chrome/56.0.2924.87 Safari/537.36"
10.10.1.165 - - [20/Mar/2017:09:51:51 +0530] "GET /static/login/JS/timer/controller/monthtimesheet.controller.js HTTP/1.1" 200 6675 "http://timesheet.forgeahead.io/timesheet/home/" "Mozilla/5.0 (Windows NT 6.1; Win64; x64) AppleWebKit/537.36 (KHTML, like Gecko) Chrome/56.0.2924.87 Safari/537.36"
10.10.1.165 - - [20/Mar/2017:09:51:51 +0530] "GET /static/login/JS/timer/controller/myteam.controller.js HTTP/1.1" 200 5130 "http://timesheet.forgeahead.io/timesheet/home/" "Mozilla/5.0 (Windows NT 6.1; Win64; x64) AppleWebKit/537.36 (KHTML, like Gecko) Chrome/56.0.2924.87 Safari/537.36"
10.10.1.165 - - [20/Mar/2017:09:51:51 +0530] "GET /static/login/JS/timer/controller/approve.controller.js HTTP/1.1" 200 638 "http://timesheet.forgeahead.io/timesheet/home/" "Mozilla/5.0 (Windows NT 6.1; Win64; x64) AppleWebKit/537.36 (KHTML, like Gecko) Chrome/56.0.2924.87 Safari/537.36"
10.10.1.165 - - [20/Mar/2017:09:51:51 +0530] "GET /static/login/JS/timer/controller/submitted.controller.js HTTP/1.1" 200 11421 "http://timesheet.forgeahead.io/timesheet/home/" "Mozilla/5.0 (Windows NT 6.1; Win64; x64) AppleWebKit/537.36 (KHTML, like Gecko) Chrome/56.0.2924.87 Safari/537.36"
10.10.1.165 - - [20/Mar/2017:09:51:51 +0530] "GET /static/templates/login/manual.html HTTP/1.1" 200 2677 "http://timesheet.forgeahead.io/timesheet/home/" "Mozilla/5.0 (Windows NT 6.1; Win64; x64) AppleWebKit/537.36 (KHTML, like Gecko) Chrome/56.0.2924.87 Safari/537.36"
10.10.1.165 - - [20/Mar/2017:09:51:51 +0530] "GET /static/login/Images/group.svg HTTP/1.1" 200 1757 "http://timesheet.forgeahead.io/timesheet/home/" "Mozilla/5.0 (Windows NT 6.1; Win64; x64) AppleWebKit/537.36 (KHTML, like Gecko) Chrome/56.0.2924.87 Safari/537.36"
10.10.1.165 - - [20/Mar/2017:09:51:52 +0530] "GET /timesheet/employee/90/tasks/?date=2017-3-20 HTTP/1.1" 200 51 "http://timesheet.forgeahead.io/timesheet/home/" "Mozilla/5.0 (Windows NT 6.1; Win64; x64) AppleWebKit/537.36 (KHTML, like Gecko) Chrome/56.0.2924.87 Safari/537.36"
10.10.1.165 - - [20/Mar/2017:09:51:52 +0530] "GET /timesheet/projects/?emp_id=90 HTTP/1.1" 200 283 "http://timesheet.forgeahead.io/timesheet/home/" "Mozilla/5.0 (Windows NT 6.1; Win64; x64) AppleWebKit/537.36 (KHTML, like Gecko) Chrome/56.0.2924.87 Safari/537.36"
10.10.10.42 - - [20/Mar/2017:09:51:54 +0530] "GET / HTTP/1.1" 200 4672 "-" "Mozilla/5.0 (compatible; PRTG Network Monitor (www.paessler.com); Windows)"
10.10.1.165 - - [20/Mar/2017:09:51:54 +0530] "GET / HTTP/1.1" 302 5 "http://timesheet.forgeahead.io/timesheet/home/" "Mozilla/5.0 (Windows NT 6.1; Win64; x64) AppleWebKit/537.36 (KHTML, like Gecko) Chrome/56.0.2924.87 Safari/537.36"
10.10.1.165 - - [20/Mar/2017:09:51:54 +0530] "GET /timesheet/home/ HTTP/1.1" 200 1596 "http://timesheet.forgeahead.io/timesheet/home/" "Mozilla/5.0 (Windows NT 6.1; Win64; x64) AppleWebKit/537.36 (KHTML, like Gecko) Chrome/56.0.2924.87 Safari/537.36"
10.10.1.165 - - [20/Mar/2017:09:51:54 +0530] "GET /static/templates/login/mytimesheet.html HTTP/1.1" 200 828 "http://timesheet.forgeahead.io/timesheet/home/" "Mozilla/5.0 (Windows NT 6.1; Win64; x64) AppleWebKit/537.36 (KHTML, like Gecko) Chrome/56.0.2924.87 Safari/537.36"
10.10.1.165 - - [20/Mar/2017:09:51:54 +0530] "GET /static/login/Images/icon.png HTTP/1.1" 200 873 "http://timesheet.forgeahead.io/timesheet/home/" "Mozilla/5.0 (Windows NT 6.1; Win64; x64) AppleWebKit/537.36 (KHTML, like Gecko) Chrome/56.0.2924.87 Safari/537.36"
10.10.1.165 - - [20/Mar/2017:09:51:54 +0530] "GET /timesheet/employee/90/timesheet/?history=True HTTP/1.1" 200 861 "http://timesheet.forgeahead.io/timesheet/home/" "Mozilla/5.0 (Windows NT 6.1; Win64; x64) AppleWebKit/537.36 (KHTML, like Gecko) Chrome/56.0.2924.87 Safari/537.36"
10.10.1.165 - - [20/Mar/2017:09:52:08 +0530] "GET /timesheet/employee/90/tasks/?start_date=2017-3-20&end_date=2017-3-20 HTTP/1.1" 200 51 "http://timesheet.forgeahead.io/timesheet/home/" "Mozilla/5.0 (Windows NT 6.1; Win64; x64) AppleWebKit/537.36 (KHTML, like Gecko) Chrome/56.0.2924.87 Safari/537.36"
10.10.1.165 - - [20/Mar/2017:09:52:09 +0530] "GET /timesheet/employee/90/tasks/?start_date=2017-3-13&end_date=2017-3-20 HTTP/1.1" 200 51 "http://timesheet.forgeahead.io/timesheet/home/" "Mozilla/5.0 (Windows NT 6.1; Win64; x64) AppleWebKit/537.36 (KHTML, like Gecko) Chrome/56.0.2924.87 Safari/537.36"
10.10.1.165 - - [20/Mar/2017:09:52:09 +0530] "GET /timesheet/employee/90/tasks/?start_date=2017-3-6&end_date=2017-3-20 HTTP/1.1" 200 1134 "http://timesheet.forgeahead.io/timesheet/home/" "Mozilla/5.0 (Windows NT 6.1; Win64; x64) AppleWebKit/537.36 (KHTML, like Gecko) Chrome/56.0.2924.87 Safari/537.36"
10.10.60.116 - - [20/Mar/2017:09:52:38 +0530] "PATCH /timesheet/employee/12/task/11062/ HTTP/1.1" 200 315 "http://timesheet.forgeahead.io/timesheet/home/" "Mozilla/5.0 (X11; Linux x86_64) AppleWebKit/537.36 (KHTML, like Gecko) Chrome/52.0.2743.116 Safari/537.36"
10.10.60.116 - - [20/Mar/2017:09:52:43 +0530] "GET /timesheet/employee/12/tasks/?date=2017-3-10 HTTP/1.1" 200 51 "http://timesheet.forgeahead.io/timesheet/home/" "Mozilla/5.0 (X11; Linux x86_64) AppleWebKit/537.36 (KHTML, like Gecko) Chrome/52.0.2743.116 Safari/537.36"
10.10.10.42 - - [20/Mar/2017:09:52:53 +0530] "GET / HTTP/1.1" 200 4672 "-" "Mozilla/5.0 (compatible; PRTG Network Monitor (www.paessler.com); Windows)"
10.10.10.42 - - [20/Mar/2017:09:53:54 +0530] "GET / HTTP/1.1" 200 4672 "-" "Mozilla/5.0 (compatible; PRTG Network Monitor (www.paessler.com); Windows)"
10.10.60.116 - - [20/Mar/2017:09:54:41 +0530] "GET /timesheet/employee/12/timesheet/?month=3&year=2017 HTTP/1.1" 200 55 "http://timesheet.forgeahead.io/timesheet/home/" "Mozilla/5.0 (X11; Linux x86_64) AppleWebKit/537.36 (KHTML, like Gecko) Chrome/52.0.2743.116 Safari/537.36"
10.10.60.116 - - [20/Mar/2017:09:54:42 +0530] "POST /timesheet/employee/12/tasks/ HTTP/1.1" 200 288 "http://timesheet.forgeahead.io/timesheet/home/" "Mozilla/5.0 (X11; Linux x86_64) AppleWebKit/537.36 (KHTML, like Gecko) Chrome/52.0.2743.116 Safari/537.36"
10.10.10.42 - - [20/Mar/2017:09:54:54 +0530] "GET / HTTP/1.1" 200 4672 "-" "Mozilla/5.0 (compatible; PRTG Network Monitor (www.paessler.com); Windows)"
10.10.10.42 - - [20/Mar/2017:09:55:54 +0530] "GET / HTTP/1.1" 200 4672 "-" "Mozilla/5.0 (compatible; PRTG Network Monitor (www.paessler.com); Windows)"
10.10.1.89 - - [20/Mar/2017:09:56:31 +0530] "GET /timesheet/employee/14/tasks/?start_date=2017-3-20&end_date=2017-3-20 HTTP/1.1" 200 51 "http://timesheet.forgeahead.io/timesheet/home/" "Mozilla/5.0 (X11; Linux x86_64) AppleWebKit/537.36 (KHTML, like Gecko) Chrome/57.0.2987.110 Safari/537.36"
10.10.1.89 - - [20/Mar/2017:09:56:32 +0530] "GET /timesheet/employee/14/tasks/?start_date=2017-3-13&end_date=2017-3-20 HTTP/1.1" 200 1838 "http://timesheet.forgeahead.io/timesheet/home/" "Mozilla/5.0 (X11; Linux x86_64) AppleWebKit/537.36 (KHTML, like Gecko) Chrome/57.0.2987.110 Safari/537.36"
10.10.10.42 - - [20/Mar/2017:09:56:54 +0530] "GET / HTTP/1.1" 200 4672 "-" "Mozilla/5.0 (compatible; PRTG Network Monitor (www.paessler.com); Windows)"
10.10.10.42 - - [20/Mar/2017:09:57:53 +0530] "GET / HTTP/1.1" 200 4672 "-" "Mozilla/5.0 (compatible; PRTG Network Monitor (www.paessler.com); Windows)"
10.10.10.42 - - [20/Mar/2017:09:58:53 +0530] "GET / HTTP/1.1" 200 4672 "-" "Mozilla/5.0 (compatible; PRTG Network Monitor (www.paessler.com); Windows)"
10.10.10.42 - - [20/Mar/2017:09:59:54 +0530] "GET / HTTP/1.1" 200 4672 "-" "Mozilla/5.0 (compatible; PRTG Network Monitor (www.paessler.com); Windows)"
10.10.10.42 - - [20/Mar/2017:10:00:53 +0530] "GET / HTTP/1.1" 200 4672 "-" "Mozilla/5.0 (compatible; PRTG Network Monitor (www.paessler.com); Windows)"
10.10.10.42 - - [20/Mar/2017:10:01:54 +0530] "GET / HTTP/1.1" 200 4672 "-" "Mozilla/5.0 (compatible; PRTG Network Monitor (www.paessler.com); Windows)"
10.10.10.42 - - [20/Mar/2017:10:02:54 +0530] "GET / HTTP/1.1" 200 4672 "-" "Mozilla/5.0 (compatible; PRTG Network Monitor (www.paessler.com); Windows)"
10.10.60.116 - - [20/Mar/2017:10:03:10 +0530] "GET /timesheet/employee/12/timesheet/?month=3&year=2017 HTTP/1.1" 200 55 "http://timesheet.forgeahead.io/timesheet/home/" "Mozilla/5.0 (X11; Linux x86_64) AppleWebKit/537.36 (KHTML, like Gecko) Chrome/52.0.2743.116 Safari/537.36"
10.10.60.116 - - [20/Mar/2017:10:03:10 +0530] "POST /timesheet/employee/12/tasks/ HTTP/1.1" 200 312 "http://timesheet.forgeahead.io/timesheet/home/" "Mozilla/5.0 (X11; Linux x86_64) AppleWebKit/537.36 (KHTML, like Gecko) Chrome/52.0.2743.116 Safari/537.36"
10.10.10.42 - - [20/Mar/2017:10:03:54 +0530] "GET / HTTP/1.1" 200 4672 "-" "Mozilla/5.0 (compatible; PRTG Network Monitor (www.paessler.com); Windows)"
10.10.60.116 - - [20/Mar/2017:10:04:21 +0530] "GET /timesheet/employee/12/timesheet/?month=3&year=2017 HTTP/1.1" 200 55 "http://timesheet.forgeahead.io/timesheet/home/" "Mozilla/5.0 (X11; Linux x86_64) AppleWebKit/537.36 (KHTML, like Gecko) Chrome/52.0.2743.116 Safari/537.36"
10.10.60.116 - - [20/Mar/2017:10:04:21 +0530] "POST /timesheet/employee/12/tasks/ HTTP/1.1" 200 268 "http://timesheet.forgeahead.io/timesheet/home/" "Mozilla/5.0 (X11; Linux x86_64) AppleWebKit/537.36 (KHTML, like Gecko) Chrome/52.0.2743.116 Safari/537.36"
10.10.10.42 - - [20/Mar/2017:10:04:54 +0530] "GET / HTTP/1.1" 200 4672 "-" "Mozilla/5.0 (compatible; PRTG Network Monitor (www.paessler.com); Windows)"
10.10.60.116 - - [20/Mar/2017:10:05:40 +0530] "PATCH /timesheet/employee/12/task/11515/ HTTP/1.1" 200 249 "http://timesheet.forgeahead.io/timesheet/home/" "Mozilla/5.0 (X11; Linux x86_64) AppleWebKit/537.36 (KHTML, like Gecko) Chrome/52.0.2743.116 Safari/537.36"
10.10.10.42 - - [20/Mar/2017:10:05:54 +0530] "GET / HTTP/1.1" 200 4672 "-" "Mozilla/5.0 (compatible; PRTG Network Monitor (www.paessler.com); Windows)"
10.10.60.116 - - [20/Mar/2017:10:06:33 +0530] "PUT /timesheet/employee/12/task/11515/ HTTP/1.1" 200 249 "http://timesheet.forgeahead.io/timesheet/home/" "Mozilla/5.0 (X11; Linux x86_64) AppleWebKit/537.36 (KHTML, like Gecko) Chrome/52.0.2743.116 Safari/537.36"
10.10.60.116 - - [20/Mar/2017:10:06:37 +0530] "PUT /timesheet/employee/12/task/11516/ HTTP/1.1" 200 274 "http://timesheet.forgeahead.io/timesheet/home/" "Mozilla/5.0 (X11; Linux x86_64) AppleWebKit/537.36 (KHTML, like Gecko) Chrome/52.0.2743.116 Safari/537.36"
10.10.60.116 - - [20/Mar/2017:10:06:43 +0530] "GET /timesheet/employee/12/timesheet/?month=3&year=2017 HTTP/1.1" 200 55 "http://timesheet.forgeahead.io/timesheet/home/" "Mozilla/5.0 (X11; Linux x86_64) AppleWebKit/537.36 (KHTML, like Gecko) Chrome/52.0.2743.116 Safari/537.36"
10.10.60.116 - - [20/Mar/2017:10:06:43 +0530] "POST /timesheet/employee/12/tasks/ HTTP/1.1" 200 253 "http://timesheet.forgeahead.io/timesheet/home/" "Mozilla/5.0 (X11; Linux x86_64) AppleWebKit/537.36 (KHTML, like Gecko) Chrome/52.0.2743.116 Safari/537.36"
10.10.60.116 - - [20/Mar/2017:10:06:48 +0530] "GET /timesheet/employee/12/tasks/?date=2017-3-14 HTTP/1.1" 200 51 "http://timesheet.forgeahead.io/timesheet/home/" "Mozilla/5.0 (X11; Linux x86_64) AppleWebKit/537.36 (KHTML, like Gecko) Chrome/52.0.2743.116 Safari/537.36"
10.10.10.42 - - [20/Mar/2017:10:06:54 +0530] "GET / HTTP/1.1" 200 4672 "-" "Mozilla/5.0 (compatible; PRTG Network Monitor (www.paessler.com); Windows)"
10.10.10.42 - - [20/Mar/2017:10:07:54 +0530] "GET / HTTP/1.1" 200 4672 "-" "Mozilla/5.0 (compatible; PRTG Network Monitor (www.paessler.com); Windows)"
10.10.1.89 - - [20/Mar/2017:10:08:28 +0530] "PUT /timesheet/employee/14/task/11493/ HTTP/1.1" 200 152 "http://timesheet.forgeahead.io/timesheet/home/" "Mozilla/5.0 (X11; Linux x86_64) AppleWebKit/537.36 (KHTML, like Gecko) Chrome/57.0.2987.110 Safari/537.36"
10.10.1.89 - - [20/Mar/2017:10:08:53 +0530] "PUT /timesheet/employee/14/task/11493/ HTTP/1.1" 200 152 "http://timesheet.forgeahead.io/timesheet/home/" "Mozilla/5.0 (X11; Linux x86_64) AppleWebKit/537.36 (KHTML, like Gecko) Chrome/57.0.2987.110 Safari/537.36"
10.10.10.42 - - [20/Mar/2017:10:08:54 +0530] "GET / HTTP/1.1" 200 4672 "-" "Mozilla/5.0 (compatible; PRTG Network Monitor (www.paessler.com); Windows)"
10.10.1.89 - - [20/Mar/2017:10:08:59 +0530] "PUT /timesheet/employee/14/task/11489/ HTTP/1.1" 200 152 "http://timesheet.forgeahead.io/timesheet/home/" "Mozilla/5.0 (X11; Linux x86_64) AppleWebKit/537.36 (KHTML, like Gecko) Chrome/57.0.2987.110 Safari/537.36"
10.10.10.67 - - [20/Mar/2017:10:09:22 +0530] "GET / HTTP/1.0" 302 0 "-" "Mozilla/5.0 (X11; Linux x86_64) AppleWebKit/537.36 (KHTML, like Gecko) Chrome/57.0.2987.110 Safari/537.36"
10.10.10.67 - - [20/Mar/2017:10:09:22 +0530] "GET /timesheet/home/ HTTP/1.0" 200 6354 "-" "Mozilla/5.0 (X11; Linux x86_64) AppleWebKit/537.36 (KHTML, like Gecko) Chrome/57.0.2987.110 Safari/537.36"
10.10.10.67 - - [20/Mar/2017:10:09:22 +0530] "GET /static/login/bower_components/ui-navbar/release/css/ui-navbar.min.css HTTP/1.0" 200 1094 "http://timesheet.forgeahead.io/timesheet/home/" "Mozilla/5.0 (X11; Linux x86_64) AppleWebKit/537.36 (KHTML, like Gecko) Chrome/57.0.2987.110 Safari/537.36"
10.10.10.67 - - [20/Mar/2017:10:09:22 +0530] "GET /static/login/bower_components/angular-xeditable/dist/css/xeditable.min.css HTTP/1.0" 200 2389 "http://timesheet.forgeahead.io/timesheet/home/" "Mozilla/5.0 (X11; Linux x86_64) AppleWebKit/537.36 (KHTML, like Gecko) Chrome/57.0.2987.110 Safari/537.36"
10.10.10.67 - - [20/Mar/2017:10:09:22 +0530] "GET /static/login/bower_components/bootstrap/dist/css/bootstrap-theme.min.css HTTP/1.0" 200 23409 "http://timesheet.forgeahead.io/timesheet/home/" "Mozilla/5.0 (X11; Linux x86_64) AppleWebKit/537.36 (KHTML, like Gecko) Chrome/57.0.2987.110 Safari/537.36"
10.10.10.67 - - [20/Mar/2017:10:09:22 +0530] "GET /static/login/bower_components/bootstrap-daterangepicker/daterangepicker.css HTTP/1.0" 200 8133 "http://timesheet.forgeahead.io/timesheet/home/" "Mozilla/5.0 (X11; Linux x86_64) AppleWebKit/537.36 (KHTML, like Gecko) Chrome/57.0.2987.110 Safari/537.36"
10.10.10.67 - - [20/Mar/2017:10:09:22 +0530] "GET /static/login/CSS/styling.css HTTP/1.0" 200 6829 "http://timesheet.forgeahead.io/timesheet/home/" "Mozilla/5.0 (X11; Linux x86_64) AppleWebKit/537.36 (KHTML, like Gecko) Chrome/57.0.2987.110 Safari/537.36"
10.10.10.67 - - [20/Mar/2017:10:09:22 +0530] "GET /static/login/bower_components/bootstrap/dist/css/bootstrap.min.css HTTP/1.0" 200 121200 "http://timesheet.forgeahead.io/timesheet/home/" "Mozilla/5.0 (X11; Linux x86_64) AppleWebKit/537.36 (KHTML, like Gecko) Chrome/57.0.2987.110 Safari/537.36"
10.10.10.67 - - [20/Mar/2017:10:09:22 +0530] "GET /static/login/bower_components/angular/angular.min.js HTTP/1.0" 200 160048 "http://timesheet.forgeahead.io/timesheet/home/" "Mozilla/5.0 (X11; Linux x86_64) AppleWebKit/537.36 (KHTML, like Gecko) Chrome/57.0.2987.110 Safari/537.36"
10.10.10.67 - - [20/Mar/2017:10:09:22 +0530] "GET /static/login/bower_components/angular-bootstrap/ui-bootstrap.min.js HTTP/1.0" 200 100829 "http://timesheet.forgeahead.io/timesheet/home/" "Mozilla/5.0 (X11; Linux x86_64) AppleWebKit/537.36 (KHTML, like Gecko) Chrome/57.0.2987.110 Safari/537.36"
10.10.10.67 - - [20/Mar/2017:10:09:22 +0530] "GET /static/login/bower_components/angular-bootstrap/ui-bootstrap-tpls.min.js HTTP/1.0" 200 122900 "http://timesheet.forgeahead.io/timesheet/home/" "Mozilla/5.0 (X11; Linux x86_64) AppleWebKit/537.36 (KHTML, like Gecko) Chrome/57.0.2987.110 Safari/537.36"
10.10.10.67 - - [20/Mar/2017:10:09:22 +0530] "GET /static/login/bower_components/angular-cookies/angular-cookies.min.js HTTP/1.0" 200 1447 "http://timesheet.forgeahead.io/timesheet/home/" "Mozilla/5.0 (X11; Linux x86_64) AppleWebKit/537.36 (KHTML, like Gecko) Chrome/57.0.2987.110 Safari/537.36"
10.10.10.67 - - [20/Mar/2017:10:09:22 +0530] "GET /static/login/bower_components/ui-navbar/release/js/ui-navbar.min.js HTTP/1.0" 200 1114 "http://timesheet.forgeahead.io/timesheet/home/" "Mozilla/5.0 (X11; Linux x86_64) AppleWebKit/537.36 (KHTML, like Gecko) Chrome/57.0.2987.110 Safari/537.36"
10.10.10.67 - - [20/Mar/2017:10:09:22 +0530] "GET /static/login/bower_components/angular-route/angular-route.min.js HTTP/1.0" 200 4766 "http://timesheet.forgeahead.io/timesheet/home/" "Mozilla/5.0 (X11; Linux x86_64) AppleWebKit/537.36 (KHTML, like Gecko) Chrome/57.0.2987.110 Safari/537.36"
10.10.10.67 - - [20/Mar/2017:10:09:22 +0530] "GET /static/login/bower_components/angular-chart.js/dist/angular-chart.min.js HTTP/1.0" 200 6041 "http://timesheet.forgeahead.io/timesheet/home/" "Mozilla/5.0 (X11; Linux x86_64) AppleWebKit/537.36 (KHTML, like Gecko) Chrome/57.0.2987.110 Safari/537.36"
10.10.10.67 - - [20/Mar/2017:10:09:22 +0530] "GET /static/login/bower_components/moment/moment.js HTTP/1.0" 200 104409 "http://timesheet.forgeahead.io/timesheet/home/" "Mozilla/5.0 (X11; Linux x86_64) AppleWebKit/537.36 (KHTML, like Gecko) Chrome/57.0.2987.110 Safari/537.36"
10.10.10.67 - - [20/Mar/2017:10:09:22 +0530] "GET /static/login/bower_components/jquery/dist/jquery.min.js HTTP/1.0" 200 84380 "http://timesheet.forgeahead.io/timesheet/home/" "Mozilla/5.0 (X11; Linux x86_64) AppleWebKit/537.36 (KHTML, like Gecko) Chrome/57.0.2987.110 Safari/537.36"
10.10.10.67 - - [20/Mar/2017:10:09:22 +0530] "GET /static/login/bower_components/bootstrap/dist/js/bootstrap.min.js HTTP/1.0" 200 37045 "http://timesheet.forgeahead.io/timesheet/home/" "Mozilla/5.0 (X11; Linux x86_64) AppleWebKit/537.36 (KHTML, like Gecko) Chrome/57.0.2987.110 Safari/537.36"
10.10.10.67 - - [20/Mar/2017:10:09:22 +0530] "GET /static/login/bower_components/angular-filter/dist/angular-filter.min.js HTTP/1.0" 200 20463 "http://timesheet.forgeahead.io/timesheet/home/" "Mozilla/5.0 (X11; Linux x86_64) AppleWebKit/537.36 (KHTML, like Gecko) Chrome/57.0.2987.110 Safari/537.36"
10.10.10.67 - - [20/Mar/2017:10:09:22 +0530] "GET /static/login/bower_components/chart.js/dist/Chart.min.js HTTP/1.0" 200 144069 "http://timesheet.forgeahead.io/timesheet/home/" "Mozilla/5.0 (X11; Linux x86_64) AppleWebKit/537.36 (KHTML, like Gecko) Chrome/57.0.2987.110 Safari/537.36"
10.10.10.67 - - [20/Mar/2017:10:09:22 +0530] "GET /static/login/bower_components/ngstorage/ngStorage.min.js HTTP/1.0" 200 2486 "http://timesheet.forgeahead.io/timesheet/home/" "Mozilla/5.0 (X11; Linux x86_64) AppleWebKit/537.36 (KHTML, like Gecko) Chrome/57.0.2987.110 Safari/537.36"
10.10.10.67 - - [20/Mar/2017:10:09:22 +0530] "GET /static/login/bower_components/angular-daterangepicker/js/angular-daterangepicker.js HTTP/1.0" 200 7051 "http://timesheet.forgeahead.io/timesheet/home/" "Mozilla/5.0 (X11; Linux x86_64) AppleWebKit/537.36 (KHTML, like Gecko) Chrome/57.0.2987.110 Safari/537.36"
10.10.10.67 - - [20/Mar/2017:10:09:22 +0530] "GET /static/login/bower_components/bootstrap-daterangepicker/daterangepicker.js HTTP/1.0" 200 69150 "http://timesheet.forgeahead.io/timesheet/home/" "Mozilla/5.0 (X11; Linux x86_64) AppleWebKit/537.36 (KHTML, like Gecko) Chrome/57.0.2987.110 Safari/537.36"
10.10.10.67 - - [20/Mar/2017:10:09:22 +0530] "GET /static/login/bower_components/ngBootbox/dist/ngBootbox.min.js HTTP/1.0" 200 3065 "http://timesheet.forgeahead.io/timesheet/home/" "Mozilla/5.0 (X11; Linux x86_64) AppleWebKit/537.36 (KHTML, like Gecko) Chrome/57.0.2987.110 Safari/537.36"
10.10.10.67 - - [20/Mar/2017:10:09:22 +0530] "GET /static/login/bower_components/bootbox/bootbox.js HTTP/1.0" 200 26570 "http://timesheet.forgeahead.io/timesheet/home/" "Mozilla/5.0 (X11; Linux x86_64) AppleWebKit/537.36 (KHTML, like Gecko) Chrome/57.0.2987.110 Safari/537.36"
10.10.10.67 - - [20/Mar/2017:10:09:22 +0530] "GET /static/login/JS/config.js HTTP/1.0" 200 68 "http://timesheet.forgeahead.io/timesheet/home/" "Mozilla/5.0 (X11; Linux x86_64) AppleWebKit/537.36 (KHTML, like Gecko) Chrome/57.0.2987.110 Safari/537.36"
10.10.10.67 - - [20/Mar/2017:10:09:22 +0530] "GET /static/login/JS/timesheet.js HTTP/1.0" 200 1053 "http://timesheet.forgeahead.io/timesheet/home/" "Mozilla/5.0 (X11; Linux x86_64) AppleWebKit/537.36 (KHTML, like Gecko) Chrome/57.0.2987.110 Safari/537.36"
10.10.10.67 - - [20/Mar/2017:10:09:22 +0530] "GET /static/login/JS/timesheet.routes.js HTTP/1.0" 200 1461 "http://timesheet.forgeahead.io/timesheet/home/" "Mozilla/5.0 (X11; Linux x86_64) AppleWebKit/537.36 (KHTML, like Gecko) Chrome/57.0.2987.110 Safari/537.36"
10.10.10.67 - - [20/Mar/2017:10:09:22 +0530] "GET /static/login/JS/timer/timer.module.js HTTP/1.0" 200 736 "http://timesheet.forgeahead.io/timesheet/home/" "Mozilla/5.0 (X11; Linux x86_64) AppleWebKit/537.36 (KHTML, like Gecko) Chrome/57.0.2987.110 Safari/537.36"
10.10.10.67 - - [20/Mar/2017:10:09:22 +0530] "GET /static/login/JS/timer/services/timer.service.js HTTP/1.0" 200 3448 "http://timesheet.forgeahead.io/timesheet/home/" "Mozilla/5.0 (X11; Linux x86_64) AppleWebKit/537.36 (KHTML, like Gecko) Chrome/57.0.2987.110 Safari/537.36"
10.10.10.67 - - [20/Mar/2017:10:09:22 +0530] "GET /static/login/JS/timer/services/timer.helpers.js HTTP/1.0" 200 6972 "http://timesheet.forgeahead.io/timesheet/home/" "Mozilla/5.0 (X11; Linux x86_64) AppleWebKit/537.36 (KHTML, like Gecko) Chrome/57.0.2987.110 Safari/537.36"
10.10.10.67 - - [20/Mar/2017:10:09:22 +0530] "GET /static/login/JS/timer/controller/manual.controller.js HTTP/1.0" 200 3737 "http://timesheet.forgeahead.io/timesheet/home/" "Mozilla/5.0 (X11; Linux x86_64) AppleWebKit/537.36 (KHTML, like Gecko) Chrome/57.0.2987.110 Safari/537.36"
10.10.10.67 - - [20/Mar/2017:10:09:22 +0530] "GET /static/login/JS/timer/controller/viewtimesheet.controller.js HTTP/1.0" 200 1904 "http://timesheet.forgeahead.io/timesheet/home/" "Mozilla/5.0 (X11; Linux x86_64) AppleWebKit/537.36 (KHTML, like Gecko) Chrome/57.0.2987.110 Safari/537.36"
10.10.10.67 - - [20/Mar/2017:10:09:22 +0530] "GET /static/login/JS/timer/controller/report.controller.js HTTP/1.0" 200 20282 "http://timesheet.forgeahead.io/timesheet/home/" "Mozilla/5.0 (X11; Linux x86_64) AppleWebKit/537.36 (KHTML, like Gecko) Chrome/57.0.2987.110 Safari/537.36"
10.10.10.67 - - [20/Mar/2017:10:09:22 +0530] "GET /static/login/JS/timer/controller/mytimesheet.controller.js HTTP/1.0" 200 6592 "http://timesheet.forgeahead.io/timesheet/home/" "Mozilla/5.0 (X11; Linux x86_64) AppleWebKit/537.36 (KHTML, like Gecko) Chrome/57.0.2987.110 Safari/537.36"
10.10.10.67 - - [20/Mar/2017:10:09:22 +0530] "GET /static/login/JS/timer/controller/manualtable.controller.js HTTP/1.0" 200 40075 "http://timesheet.forgeahead.io/timesheet/home/" "Mozilla/5.0 (X11; Linux x86_64) AppleWebKit/537.36 (KHTML, like Gecko) Chrome/57.0.2987.110 Safari/537.36"
10.10.10.67 - - [20/Mar/2017:10:09:22 +0530] "GET /static/login/JS/timer/controller/automatic.controller.js HTTP/1.0" 200 12060 "http://timesheet.forgeahead.io/timesheet/home/" "Mozilla/5.0 (X11; Linux x86_64) AppleWebKit/537.36 (KHTML, like Gecko) Chrome/57.0.2987.110 Safari/537.36"
10.10.10.67 - - [20/Mar/2017:10:09:22 +0530] "GET /static/login/JS/authentication/authentication.module.js HTTP/1.0" 200 537 "http://timesheet.forgeahead.io/timesheet/home/" "Mozilla/5.0 (X11; Linux x86_64) AppleWebKit/537.36 (KHTML, like Gecko) Chrome/57.0.2987.110 Safari/537.36"
10.10.10.67 - - [20/Mar/2017:10:09:22 +0530] "GET /static/login/JS/authentication/controller/authentication.controller.js HTTP/1.0" 200 1617 "http://timesheet.forgeahead.io/timesheet/home/" "Mozilla/5.0 (X11; Linux x86_64) AppleWebKit/537.36 (KHTML, like Gecko) Chrome/57.0.2987.110 Safari/537.36"
10.10.10.67 - - [20/Mar/2017:10:09:22 +0530] "GET /static/login/bower_components/angular-xeditable/dist/js/xeditable.min.js HTTP/1.0" 200 33592 "http://timesheet.forgeahead.io/timesheet/home/" "Mozilla/5.0 (X11; Linux x86_64) AppleWebKit/537.36 (KHTML, like Gecko) Chrome/57.0.2987.110 Safari/537.36"
10.10.10.67 - - [20/Mar/2017:10:09:22 +0530] "GET /static/login/JS/timer/controller/monthtimesheet.controller.js HTTP/1.0" 200 6675 "http://timesheet.forgeahead.io/timesheet/home/" "Mozilla/5.0 (X11; Linux x86_64) AppleWebKit/537.36 (KHTML, like Gecko) Chrome/57.0.2987.110 Safari/537.36"
10.10.10.67 - - [20/Mar/2017:10:09:22 +0530] "GET /static/login/JS/timer/controller/approve.controller.js HTTP/1.0" 200 638 "http://timesheet.forgeahead.io/timesheet/home/" "Mozilla/5.0 (X11; Linux x86_64) AppleWebKit/537.36 (KHTML, like Gecko) Chrome/57.0.2987.110 Safari/537.36"
10.10.10.67 - - [20/Mar/2017:10:09:22 +0530] "GET /static/login/JS/timer/controller/myteam.controller.js HTTP/1.0" 200 5130 "http://timesheet.forgeahead.io/timesheet/home/" "Mozilla/5.0 (X11; Linux x86_64) AppleWebKit/537.36 (KHTML, like Gecko) Chrome/57.0.2987.110 Safari/537.36"
10.10.10.67 - - [20/Mar/2017:10:09:22 +0530] "GET /static/login/JS/timer/controller/submitted.controller.js HTTP/1.0" 200 11421 "http://timesheet.forgeahead.io/timesheet/home/" "Mozilla/5.0 (X11; Linux x86_64) AppleWebKit/537.36 (KHTML, like Gecko) Chrome/57.0.2987.110 Safari/537.36"
10.10.10.67 - - [20/Mar/2017:10:09:22 +0530] "GET /static/login/Images/FA_TimeTracker_Logo.png HTTP/1.0" 200 8512 "http://timesheet.forgeahead.io/timesheet/home/" "Mozilla/5.0 (X11; Linux x86_64) AppleWebKit/537.36 (KHTML, like Gecko) Chrome/57.0.2987.110 Safari/537.36"
10.10.10.67 - - [20/Mar/2017:10:09:22 +0530] "GET /static/templates/login/manual.html HTTP/1.0" 200 9768 "http://timesheet.forgeahead.io/timesheet/home/" "Mozilla/5.0 (X11; Linux x86_64) AppleWebKit/537.36 (KHTML, like Gecko) Chrome/57.0.2987.110 Safari/537.36"
10.10.10.67 - - [20/Mar/2017:10:09:22 +0530] "GET /static/login/Images/group.svg HTTP/1.0" 200 1757 "http://timesheet.forgeahead.io/timesheet/home/" "Mozilla/5.0 (X11; Linux x86_64) AppleWebKit/537.36 (KHTML, like Gecko) Chrome/57.0.2987.110 Safari/537.36"
10.10.10.67 - - [20/Mar/2017:10:09:22 +0530] "GET /static/login/bower_components/bootstrap/dist/fonts/glyphicons-halflings-regular.woff2 HTTP/1.0" 200 18028 "http://timesheet.forgeahead.io/static/login/bower_components/bootstrap/dist/css/bootstrap.min.css" "Mozilla/5.0 (X11; Linux x86_64) AppleWebKit/537.36 (KHTML, like Gecko) Chrome/57.0.2987.110 Safari/537.36"
10.10.10.67 - - [20/Mar/2017:10:09:22 +0530] "GET /timesheet/projects/?emp_id=1 HTTP/1.0" 200 308 "http://timesheet.forgeahead.io/timesheet/home/" "Mozilla/5.0 (X11; Linux x86_64) AppleWebKit/537.36 (KHTML, like Gecko) Chrome/57.0.2987.110 Safari/537.36"
10.10.10.67 - - [20/Mar/2017:10:09:22 +0530] "GET /timesheet/employee/1/tasks/?date=2017-3-20 HTTP/1.0" 200 40 "http://timesheet.forgeahead.io/timesheet/home/" "Mozilla/5.0 (X11; Linux x86_64) AppleWebKit/537.36 (KHTML, like Gecko) Chrome/57.0.2987.110 Safari/537.36"
10.10.1.89 - - [20/Mar/2017:10:09:41 +0530] "GET / HTTP/1.1" 302 5 "http://timesheet.forgeahead.io/timesheet/home/" "Mozilla/5.0 (X11; Linux x86_64) AppleWebKit/537.36 (KHTML, like Gecko) Chrome/57.0.2987.110 Safari/537.36"
10.10.1.89 - - [20/Mar/2017:10:09:41 +0530] "GET /timesheet/home/ HTTP/1.1" 200 1596 "http://timesheet.forgeahead.io/timesheet/home/" "Mozilla/5.0 (X11; Linux x86_64) AppleWebKit/537.36 (KHTML, like Gecko) Chrome/57.0.2987.110 Safari/537.36"
10.10.1.89 - - [20/Mar/2017:10:09:41 +0530] "GET /static/templates/login/automatic.html HTTP/1.1" 200 1425 "http://timesheet.forgeahead.io/timesheet/home/" "Mozilla/5.0 (X11; Linux x86_64) AppleWebKit/537.36 (KHTML, like Gecko) Chrome/57.0.2987.110 Safari/537.36"
10.10.1.89 - - [20/Mar/2017:10:09:41 +0530] "GET /timesheet/projects/?emp_id=14 HTTP/1.1" 200 286 "http://timesheet.forgeahead.io/timesheet/home/" "Mozilla/5.0 (X11; Linux x86_64) AppleWebKit/537.36 (KHTML, like Gecko) Chrome/57.0.2987.110 Safari/537.36"
10.10.1.89 - - [20/Mar/2017:10:09:41 +0530] "GET /timesheet/employee/14/tasks/?date=2017-3-20 HTTP/1.1" 200 51 "http://timesheet.forgeahead.io/timesheet/home/" "Mozilla/5.0 (X11; Linux x86_64) AppleWebKit/537.36 (KHTML, like Gecko) Chrome/57.0.2987.110 Safari/537.36"
10.10.1.89 - - [20/Mar/2017:10:09:42 +0530] "GET / HTTP/1.1" 302 5 "http://timesheet.forgeahead.io/timesheet/home/" "Mozilla/5.0 (X11; Linux x86_64) AppleWebKit/537.36 (KHTML, like Gecko) Chrome/57.0.2987.110 Safari/537.36"
10.10.1.89 - - [20/Mar/2017:10:09:42 +0530] "GET /timesheet/home/ HTTP/1.1" 200 1596 "http://timesheet.forgeahead.io/timesheet/home/" "Mozilla/5.0 (X11; Linux x86_64) AppleWebKit/537.36 (KHTML, like Gecko) Chrome/57.0.2987.110 Safari/537.36"
10.10.1.89 - - [20/Mar/2017:10:09:42 +0530] "GET /timesheet/employee/14/tasks/?date=2017-3-20 HTTP/1.1" 200 51 "http://timesheet.forgeahead.io/timesheet/home/" "Mozilla/5.0 (X11; Linux x86_64) AppleWebKit/537.36 (KHTML, like Gecko) Chrome/57.0.2987.110 Safari/537.36"
10.10.1.89 - - [20/Mar/2017:10:09:42 +0530] "GET /timesheet/projects/?emp_id=14 HTTP/1.1" 200 286 "http://timesheet.forgeahead.io/timesheet/home/" "Mozilla/5.0 (X11; Linux x86_64) AppleWebKit/537.36 (KHTML, like Gecko) Chrome/57.0.2987.110 Safari/537.36"
10.10.1.89 - - [20/Mar/2017:10:09:43 +0530] "GET /timesheet/employee/14/tasks/?start_date=2017-3-20&end_date=2017-3-20 HTTP/1.1" 200 51 "http://timesheet.forgeahead.io/timesheet/home/" "Mozilla/5.0 (X11; Linux x86_64) AppleWebKit/537.36 (KHTML, like Gecko) Chrome/57.0.2987.110 Safari/537.36"
10.10.1.89 - - [20/Mar/2017:10:09:45 +0530] "GET /timesheet/employee/14/tasks/?start_date=2017-3-13&end_date=2017-3-20 HTTP/1.1" 200 1838 "http://timesheet.forgeahead.io/timesheet/home/" "Mozilla/5.0 (X11; Linux x86_64) AppleWebKit/537.36 (KHTML, like Gecko) Chrome/57.0.2987.110 Safari/537.36"
10.10.1.89 - - [20/Mar/2017:10:09:47 +0530] "PUT /timesheet/employee/14/task/11489/ HTTP/1.1" 200 111 "http://timesheet.forgeahead.io/timesheet/home/" "Mozilla/5.0 (X11; Linux x86_64) AppleWebKit/537.36 (KHTML, like Gecko) Chrome/57.0.2987.110 Safari/537.36"
10.10.10.42 - - [20/Mar/2017:10:09:54 +0530] "GET / HTTP/1.1" 200 4672 "-" "Mozilla/5.0 (compatible; PRTG Network Monitor (www.paessler.com); Windows)"
10.10.1.89 - - [20/Mar/2017:10:10:30 +0530] "PUT /timesheet/employee/14/task/11493/ HTTP/1.1" 200 184 "http://timesheet.forgeahead.io/timesheet/home/" "Mozilla/5.0 (X11; Linux x86_64) AppleWebKit/537.36 (KHTML, like Gecko) Chrome/57.0.2987.110 Safari/537.36"
10.10.60.116 - - [20/Mar/2017:10:10:36 +0530] "GET /timesheet/employee/12/timesheet/?month=3&year=2017 HTTP/1.1" 200 55 "http://timesheet.forgeahead.io/timesheet/home/" "Mozilla/5.0 (X11; Linux x86_64) AppleWebKit/537.36 (KHTML, like Gecko) Chrome/52.0.2743.116 Safari/537.36"
10.10.60.116 - - [20/Mar/2017:10:10:36 +0530] "POST /timesheet/employee/12/tasks/ HTTP/1.1" 200 353 "http://timesheet.forgeahead.io/timesheet/home/" "Mozilla/5.0 (X11; Linux x86_64) AppleWebKit/537.36 (KHTML, like Gecko) Chrome/52.0.2743.116 Safari/537.36"
10.10.10.42 - - [20/Mar/2017:10:10:54 +0530] "GET / HTTP/1.1" 200 4672 "-" "Mozilla/5.0 (compatible; PRTG Network Monitor (www.paessler.com); Windows)"
10.10.60.116 - - [20/Mar/2017:10:11:44 +0530] "GET /timesheet/employee/12/timesheet/?month=3&year=2017 HTTP/1.1" 200 55 "http://timesheet.forgeahead.io/timesheet/home/" "Mozilla/5.0 (X11; Linux x86_64) AppleWebKit/537.36 (KHTML, like Gecko) Chrome/52.0.2743.116 Safari/537.36"
10.10.60.116 - - [20/Mar/2017:10:11:44 +0530] "POST /timesheet/employee/12/tasks/ HTTP/1.1" 200 250 "http://timesheet.forgeahead.io/timesheet/home/" "Mozilla/5.0 (X11; Linux x86_64) AppleWebKit/537.36 (KHTML, like Gecko) Chrome/52.0.2743.116 Safari/537.36"
10.10.10.42 - - [20/Mar/2017:10:11:54 +0530] "GET / HTTP/1.1" 200 4672 "-" "Mozilla/5.0 (compatible; PRTG Network Monitor (www.paessler.com); Windows)"
10.10.60.116 - - [20/Mar/2017:10:12:25 +0530] "GET /timesheet/employee/12/timesheet/?month=3&year=2017 HTTP/1.1" 200 55 "http://timesheet.forgeahead.io/timesheet/home/" "Mozilla/5.0 (X11; Linux x86_64) AppleWebKit/537.36 (KHTML, like Gecko) Chrome/52.0.2743.116 Safari/537.36"
10.10.60.116 - - [20/Mar/2017:10:12:25 +0530] "POST /timesheet/employee/12/tasks/ HTTP/1.1" 200 240 "http://timesheet.forgeahead.io/timesheet/home/" "Mozilla/5.0 (X11; Linux x86_64) AppleWebKit/537.36 (KHTML, like Gecko) Chrome/52.0.2743.116 Safari/537.36"
10.10.60.116 - - [20/Mar/2017:10:12:39 +0530] "PUT /timesheet/employee/12/task/11520/ HTTP/1.1" 200 213 "http://timesheet.forgeahead.io/timesheet/home/" "Mozilla/5.0 (X11; Linux x86_64) AppleWebKit/537.36 (KHTML, like Gecko) Chrome/52.0.2743.116 Safari/537.36"
10.10.60.116 - - [20/Mar/2017:10:12:42 +0530] "PUT /timesheet/employee/12/task/11521/ HTTP/1.1" 200 202 "http://timesheet.forgeahead.io/timesheet/home/" "Mozilla/5.0 (X11; Linux x86_64) AppleWebKit/537.36 (KHTML, like Gecko) Chrome/52.0.2743.116 Safari/537.36"
10.10.10.42 - - [20/Mar/2017:10:12:53 +0530] "GET / HTTP/1.1" 200 4672 "-" "Mozilla/5.0 (compatible; PRTG Network Monitor (www.paessler.com); Windows)"
10.10.1.165 - - [20/Mar/2017:10:13:45 +0530] "GET /timesheet/home/ HTTP/1.1" 200 1596 "-" "Mozilla/5.0 (Windows NT 6.1; Win64; x64) AppleWebKit/537.36 (KHTML, like Gecko) Chrome/56.0.2924.87 Safari/537.36"
10.10.1.165 - - [20/Mar/2017:10:13:45 +0530] "GET /static/login/CSS/styling.css HTTP/1.1" 200 6829 "http://timesheet.forgeahead.io/timesheet/home/" "Mozilla/5.0 (Windows NT 6.1; Win64; x64) AppleWebKit/537.36 (KHTML, like Gecko) Chrome/56.0.2924.87 Safari/537.36"
10.10.1.165 - - [20/Mar/2017:10:13:45 +0530] "GET /static/login/bower_components/bootstrap-daterangepicker/daterangepicker.css HTTP/1.1" 200 8133 "http://timesheet.forgeahead.io/timesheet/home/" "Mozilla/5.0 (Windows NT 6.1; Win64; x64) AppleWebKit/537.36 (KHTML, like Gecko) Chrome/56.0.2924.87 Safari/537.36"
10.10.1.165 - - [20/Mar/2017:10:13:45 +0530] "GET /static/login/bower_components/ui-navbar/release/css/ui-navbar.min.css HTTP/1.1" 200 1094 "http://timesheet.forgeahead.io/timesheet/home/" "Mozilla/5.0 (Windows NT 6.1; Win64; x64) AppleWebKit/537.36 (KHTML, like Gecko) Chrome/56.0.2924.87 Safari/537.36"
10.10.1.165 - - [20/Mar/2017:10:13:45 +0530] "GET /static/login/bower_components/bootstrap/dist/css/bootstrap-theme.min.css HTTP/1.1" 200 23409 "http://timesheet.forgeahead.io/timesheet/home/" "Mozilla/5.0 (Windows NT 6.1; Win64; x64) AppleWebKit/537.36 (KHTML, like Gecko) Chrome/56.0.2924.87 Safari/537.36"
10.10.1.165 - - [20/Mar/2017:10:13:45 +0530] "GET /static/login/bower_components/angular-xeditable/dist/css/xeditable.min.css HTTP/1.1" 200 2389 "http://timesheet.forgeahead.io/timesheet/home/" "Mozilla/5.0 (Windows NT 6.1; Win64; x64) AppleWebKit/537.36 (KHTML, like Gecko) Chrome/56.0.2924.87 Safari/537.36"
10.10.1.165 - - [20/Mar/2017:10:13:45 +0530] "GET /static/login/bower_components/bootstrap/dist/css/bootstrap.min.css HTTP/1.1" 200 121200 "http://timesheet.forgeahead.io/timesheet/home/" "Mozilla/5.0 (Windows NT 6.1; Win64; x64) AppleWebKit/537.36 (KHTML, like Gecko) Chrome/56.0.2924.87 Safari/537.36"
10.10.1.165 - - [20/Mar/2017:10:13:45 +0530] "GET /static/login/bower_components/angular/angular.min.js HTTP/1.1" 200 160048 "http://timesheet.forgeahead.io/timesheet/home/" "Mozilla/5.0 (Windows NT 6.1; Win64; x64) AppleWebKit/537.36 (KHTML, like Gecko) Chrome/56.0.2924.87 Safari/537.36"
