10.10.10.42 - - [20/Mar/2017:18:09:52 +0530] "GET / HTTP/1.1" 200 4672 "-" "Mozilla/5.0 (compatible; PRTG Network Monitor (www.paessler.com); Windows)"
10.10.10.42 - - [20/Mar/2017:18:10:52 +0530] "GET / HTTP/1.1" 200 4672 "-" "Mozilla/5.0 (compatible; PRTG Network Monitor (www.paessler.com); Windows)"
10.10.10.42 - - [20/Mar/2017:18:11:52 +0530] "GET / HTTP/1.1" 200 4672 "-" "Mozilla/5.0 (compatible; PRTG Network Monitor (www.paessler.com); Windows)"
10.10.30.120 - - [20/Mar/2017:18:12:32 +0530] "GET / HTTP/1.1" 200 1112 "-" "Mozilla/5.0 (Windows NT 6.3; Win64; x64) AppleWebKit/537.36 (KHTML, like Gecko) Chrome/56.0.2924.87 Safari/537.36"
10.10.30.120 - - [20/Mar/2017:18:12:32 +0530] "GET /static/login/bower_components/bootstrap/dist/css/bootstrap.min.css HTTP/1.1" 200 121200 "http://timesheet.forgeahead.io/" "Mozilla/5.0 (Windows NT 6.3; Win64; x64) AppleWebKit/537.36 (KHTML, like Gecko) Chrome/56.0.2924.87 Safari/537.36"
10.10.30.120 - - [20/Mar/2017:18:12:32 +0530] "GET /static/login/bower_components/bootstrap/dist/css/bootstrap-theme.min.css HTTP/1.1" 200 23409 "http://timesheet.forgeahead.io/" "Mozilla/5.0 (Windows NT 6.3; Win64; x64) AppleWebKit/537.36 (KHTML, like Gecko) Chrome/56.0.2924.87 Safari/537.36"
10.10.30.120 - - [20/Mar/2017:18:12:32 +0530] "GET /static/login/bower_components/bootstrap-daterangepicker/daterangepicker.css HTTP/1.1" 200 8133 "http://timesheet.forgeahead.io/" "Mozilla/5.0 (Windows NT 6.3; Win64; x64) AppleWebKit/537.36 (KHTML, like Gecko) Chrome/56.0.2924.87 Safari/537.36"
10.10.30.120 - - [20/Mar/2017:18:12:32 +0530] "GET /static/login/bower_components/angular-xeditable/dist/css/xeditable.min.css HTTP/1.1" 200 2389 "http://timesheet.forgeahead.io/" "Mozilla/5.0 (Windows NT 6.3; Win64; x64) AppleWebKit/537.36 (KHTML, like Gecko) Chrome/56.0.2924.87 Safari/537.36"
10.10.30.120 - - [20/Mar/2017:18:12:32 +0530] "GET /static/login/CSS/styling.css HTTP/1.1" 200 6829 "http://timesheet.forgeahead.io/" "Mozilla/5.0 (Windows NT 6.3; Win64; x64) AppleWebKit/537.36 (KHTML, like Gecko) Chrome/56.0.2924.87 Safari/537.36"
10.10.30.120 - - [20/Mar/2017:18:12:32 +0530] "GET /static/login/bower_components/ui-navbar/release/css/ui-navbar.min.css HTTP/1.1" 200 1094 "http://timesheet.forgeahead.io/" "Mozilla/5.0 (Windows NT 6.3; Win64; x64) AppleWebKit/537.36 (KHTML, like Gecko) Chrome/56.0.2924.87 Safari/537.36"
10.10.30.120 - - [20/Mar/2017:18:12:32 +0530] "GET /static/login/bower_components/angular/angular.min.js HTTP/1.1" 200 160048 "http://timesheet.forgeahead.io/" "Mozilla/5.0 (Windows NT 6.3; Win64; x64) AppleWebKit/537.36 (KHTML, like Gecko) Chrome/56.0.2924.87 Safari/537.36"
10.10.30.120 - - [20/Mar/2017:18:12:32 +0530] "GET /static/login/bower_components/angular-cookies/angular-cookies.min.js HTTP/1.1" 200 1447 "http://timesheet.forgeahead.io/" "Mozilla/5.0 (Windows NT 6.3; Win64; x64) AppleWebKit/537.36 (KHTML, like Gecko) Chrome/56.0.2924.87 Safari/537.36"
10.10.30.120 - - [20/Mar/2017:18:12:32 +0530] "GET /static/login/bower_components/ui-navbar/release/js/ui-navbar.min.js HTTP/1.1" 200 1114 "http://timesheet.forgeahead.io/" "Mozilla/5.0 (Windows NT 6.3; Win64; x64) AppleWebKit/537.36 (KHTML, like Gecko) Chrome/56.0.2924.87 Safari/537.36"
10.10.30.120 - - [20/Mar/2017:18:12:32 +0530] "GET /static/login/bower_components/angular-route/angular-route.min.js HTTP/1.1" 200 4766 "http://timesheet.forgeahead.io/" "Mozilla/5.0 (Windows NT 6.3; Win64; x64) AppleWebKit/537.36 (KHTML, like Gecko) Chrome/56.0.2924.87 Safari/537.36"
10.10.30.120 - - [20/Mar/2017:18:12:32 +0530] "GET /static/login/bower_components/moment/moment.js HTTP/1.1" 200 104409 "http://timesheet.forgeahead.io/" "Mozilla/5.0 (Windows NT 6.3; Win64; x64) AppleWebKit/537.36 (KHTML, like Gecko) Chrome/56.0.2924.87 Safari/537.36"
10.10.30.120 - - [20/Mar/2017:18:12:32 +0530] "GET /static/login/bower_components/angular-bootstrap/ui-bootstrap.min.js HTTP/1.1" 200 100829 "http://timesheet.forgeahead.io/" "Mozilla/5.0 (Windows NT 6.3; Win64; x64) AppleWebKit/537.36 (KHTML, like Gecko) Chrome/56.0.2924.87 Safari/537.36"
10.10.30.120 - - [20/Mar/2017:18:12:32 +0530] "GET /static/login/bower_components/angular-chart.js/dist/angular-chart.min.js HTTP/1.1" 200 6041 "http://timesheet.forgeahead.io/" "Mozilla/5.0 (Windows NT 6.3; Win64; x64) AppleWebKit/537.36 (KHTML, like Gecko) Chrome/56.0.2924.87 Safari/537.36"
10.10.30.120 - - [20/Mar/2017:18:12:32 +0530] "GET /static/login/Images/FA_TimeTracker_Logo.png HTTP/1.1" 200 8512 "http://timesheet.forgeahead.io/" "Mozilla/5.0 (Windows NT 6.3; Win64; x64) AppleWebKit/537.36 (KHTML, like Gecko) Chrome/56.0.2924.87 Safari/537.36"
10.10.30.120 - - [20/Mar/2017:18:12:32 +0530] "GET /static/login/bower_components/jquery/dist/jquery.min.js HTTP/1.1" 200 84380 "http://timesheet.forgeahead.io/" "Mozilla/5.0 (Windows NT 6.3; Win64; x64) AppleWebKit/537.36 (KHTML, like Gecko) Chrome/56.0.2924.87 Safari/537.36"
10.10.30.120 - - [20/Mar/2017:18:12:32 +0530] "GET /static/login/bower_components/angular-bootstrap/ui-bootstrap-tpls.min.js HTTP/1.1" 200 122900 "http://timesheet.forgeahead.io/" "Mozilla/5.0 (Windows NT 6.3; Win64; x64) AppleWebKit/537.36 (KHTML, like Gecko) Chrome/56.0.2924.87 Safari/537.36"
10.10.30.120 - - [20/Mar/2017:18:12:32 +0530] "GET /static/login/bower_components/chart.js/dist/Chart.min.js HTTP/1.1" 200 144069 "http://timesheet.forgeahead.io/" "Mozilla/5.0 (Windows NT 6.3; Win64; x64) AppleWebKit/537.36 (KHTML, like Gecko) Chrome/56.0.2924.87 Safari/537.36"
10.10.30.120 - - [20/Mar/2017:18:12:32 +0530] "GET /static/login/Images/logo.png HTTP/1.1" 200 4860 "http://timesheet.forgeahead.io/" "Mozilla/5.0 (Windows NT 6.3; Win64; x64) AppleWebKit/537.36 (KHTML, like Gecko) Chrome/56.0.2924.87 Safari/537.36"
10.10.30.120 - - [20/Mar/2017:18:12:32 +0530] "GET /static/login/bower_components/bootstrap/dist/js/bootstrap.min.js HTTP/1.1" 200 37045 "http://timesheet.forgeahead.io/" "Mozilla/5.0 (Windows NT 6.3; Win64; x64) AppleWebKit/537.36 (KHTML, like Gecko) Chrome/56.0.2924.87 Safari/537.36"
10.10.30.120 - - [20/Mar/2017:18:12:32 +0530] "GET /static/login/bower_components/angular-filter/dist/angular-filter.min.js HTTP/1.1" 200 20463 "http://timesheet.forgeahead.io/" "Mozilla/5.0 (Windows NT 6.3; Win64; x64) AppleWebKit/537.36 (KHTML, like Gecko) Chrome/56.0.2924.87 Safari/537.36"
10.10.30.120 - - [20/Mar/2017:18:12:32 +0530] "GET /static/login/bower_components/ngstorage/ngStorage.min.js HTTP/1.1" 200 2486 "http://timesheet.forgeahead.io/" "Mozilla/5.0 (Windows NT 6.3; Win64; x64) AppleWebKit/537.36 (KHTML, like Gecko) Chrome/56.0.2924.87 Safari/537.36"
10.10.30.120 - - [20/Mar/2017:18:12:32 +0530] "GET /static/login/bower_components/bootstrap-daterangepicker/daterangepicker.js HTTP/1.1" 200 69150 "http://timesheet.forgeahead.io/" "Mozilla/5.0 (Windows NT 6.3; Win64; x64) AppleWebKit/537.36 (KHTML, like Gecko) Chrome/56.0.2924.87 Safari/537.36"
10.10.30.120 - - [20/Mar/2017:18:12:32 +0530] "GET /static/login/bower_components/angular-daterangepicker/js/angular-daterangepicker.js HTTP/1.1" 200 7051 "http://timesheet.forgeahead.io/" "Mozilla/5.0 (Windows NT 6.3; Win64; x64) AppleWebKit/537.36 (KHTML, like Gecko) Chrome/56.0.2924.87 Safari/537.36"
10.10.30.120 - - [20/Mar/2017:18:12:32 +0530] "GET /static/login/bower_components/bootbox/bootbox.js HTTP/1.1" 200 26570 "http://timesheet.forgeahead.io/" "Mozilla/5.0 (Windows NT 6.3; Win64; x64) AppleWebKit/537.36 (KHTML, like Gecko) Chrome/56.0.2924.87 Safari/537.36"
10.10.30.120 - - [20/Mar/2017:18:12:32 +0530] "GET /static/login/bower_components/ngBootbox/dist/ngBootbox.min.js HTTP/1.1" 200 3065 "http://timesheet.forgeahead.io/" "Mozilla/5.0 (Windows NT 6.3; Win64; x64) AppleWebKit/537.36 (KHTML, like Gecko) Chrome/56.0.2924.87 Safari/537.36"
10.10.30.120 - - [20/Mar/2017:18:12:32 +0530] "GET /static/login/JS/config.js HTTP/1.1" 200 68 "http://timesheet.forgeahead.io/" "Mozilla/5.0 (Windows NT 6.3; Win64; x64) AppleWebKit/537.36 (KHTML, like Gecko) Chrome/56.0.2924.87 Safari/537.36"
10.10.30.120 - - [20/Mar/2017:18:12:32 +0530] "GET /static/login/JS/timesheet.routes.js HTTP/1.1" 200 1461 "http://timesheet.forgeahead.io/" "Mozilla/5.0 (Windows NT 6.3; Win64; x64) AppleWebKit/537.36 (KHTML, like Gecko) Chrome/56.0.2924.87 Safari/537.36"
10.10.30.120 - - [20/Mar/2017:18:12:32 +0530] "GET /static/login/JS/timesheet.js HTTP/1.1" 200 1053 "http://timesheet.forgeahead.io/" "Mozilla/5.0 (Windows NT 6.3; Win64; x64) AppleWebKit/537.36 (KHTML, like Gecko) Chrome/56.0.2924.87 Safari/537.36"
10.10.30.120 - - [20/Mar/2017:18:12:32 +0530] "GET /static/login/JS/timer/timer.module.js HTTP/1.1" 200 736 "http://timesheet.forgeahead.io/" "Mozilla/5.0 (Windows NT 6.3; Win64; x64) AppleWebKit/537.36 (KHTML, like Gecko) Chrome/56.0.2924.87 Safari/537.36"
10.10.30.120 - - [20/Mar/2017:18:12:32 +0530] "GET /static/login/JS/timer/services/timer.service.js HTTP/1.1" 200 3448 "http://timesheet.forgeahead.io/" "Mozilla/5.0 (Windows NT 6.3; Win64; x64) AppleWebKit/537.36 (KHTML, like Gecko) Chrome/56.0.2924.87 Safari/537.36"
10.10.30.120 - - [20/Mar/2017:18:12:32 +0530] "GET /static/login/JS/timer/services/timer.helpers.js HTTP/1.1" 200 6972 "http://timesheet.forgeahead.io/" "Mozilla/5.0 (Windows NT 6.3; Win64; x64) AppleWebKit/537.36 (KHTML, like Gecko) Chrome/56.0.2924.87 Safari/537.36"
10.10.30.120 - - [20/Mar/2017:18:12:32 +0530] "GET /static/login/JS/timer/controller/manual.controller.js HTTP/1.1" 200 3737 "http://timesheet.forgeahead.io/" "Mozilla/5.0 (Windows NT 6.3; Win64; x64) AppleWebKit/537.36 (KHTML, like Gecko) Chrome/56.0.2924.87 Safari/537.36"
10.10.30.120 - - [20/Mar/2017:18:12:32 +0530] "GET /static/login/JS/timer/controller/report.controller.js HTTP/1.1" 200 20282 "http://timesheet.forgeahead.io/" "Mozilla/5.0 (Windows NT 6.3; Win64; x64) AppleWebKit/537.36 (KHTML, like Gecko) Chrome/56.0.2924.87 Safari/537.36"
10.10.30.120 - - [20/Mar/2017:18:12:32 +0530] "GET /static/login/JS/timer/controller/viewtimesheet.controller.js HTTP/1.1" 200 1904 "http://timesheet.forgeahead.io/" "Mozilla/5.0 (Windows NT 6.3; Win64; x64) AppleWebKit/537.36 (KHTML, like Gecko) Chrome/56.0.2924.87 Safari/537.36"
10.10.30.120 - - [20/Mar/2017:18:12:32 +0530] "GET /static/login/JS/timer/controller/manualtable.controller.js HTTP/1.1" 200 40075 "http://timesheet.forgeahead.io/" "Mozilla/5.0 (Windows NT 6.3; Win64; x64) AppleWebKit/537.36 (KHTML, like Gecko) Chrome/56.0.2924.87 Safari/537.36"
10.10.30.120 - - [20/Mar/2017:18:12:32 +0530] "GET /static/login/JS/timer/controller/mytimesheet.controller.js HTTP/1.1" 200 6592 "http://timesheet.forgeahead.io/" "Mozilla/5.0 (Windows NT 6.3; Win64; x64) AppleWebKit/537.36 (KHTML, like Gecko) Chrome/56.0.2924.87 Safari/537.36"
10.10.30.120 - - [20/Mar/2017:18:12:32 +0530] "GET /static/login/JS/timer/controller/automatic.controller.js HTTP/1.1" 200 12060 "http://timesheet.forgeahead.io/" "Mozilla/5.0 (Windows NT 6.3; Win64; x64) AppleWebKit/537.36 (KHTML, like Gecko) Chrome/56.0.2924.87 Safari/537.36"
10.10.30.120 - - [20/Mar/2017:18:12:32 +0530] "GET /static/login/bower_components/angular-xeditable/dist/js/xeditable.min.js HTTP/1.1" 200 33592 "http://timesheet.forgeahead.io/" "Mozilla/5.0 (Windows NT 6.3; Win64; x64) AppleWebKit/537.36 (KHTML, like Gecko) Chrome/56.0.2924.87 Safari/537.36"
10.10.30.120 - - [20/Mar/2017:18:12:32 +0530] "GET /static/login/JS/authentication/authentication.module.js HTTP/1.1" 200 537 "http://timesheet.forgeahead.io/" "Mozilla/5.0 (Windows NT 6.3; Win64; x64) AppleWebKit/537.36 (KHTML, like Gecko) Chrome/56.0.2924.87 Safari/537.36"
10.10.30.120 - - [20/Mar/2017:18:12:32 +0530] "GET /static/login/JS/authentication/controller/authentication.controller.js HTTP/1.1" 200 1617 "http://timesheet.forgeahead.io/" "Mozilla/5.0 (Windows NT 6.3; Win64; x64) AppleWebKit/537.36 (KHTML, like Gecko) Chrome/56.0.2924.87 Safari/537.36"
10.10.30.120 - - [20/Mar/2017:18:12:32 +0530] "GET /static/login/JS/timer/controller/monthtimesheet.controller.js HTTP/1.1" 200 6675 "http://timesheet.forgeahead.io/" "Mozilla/5.0 (Windows NT 6.3; Win64; x64) AppleWebKit/537.36 (KHTML, like Gecko) Chrome/56.0.2924.87 Safari/537.36"
10.10.30.120 - - [20/Mar/2017:18:12:32 +0530] "GET /static/login/JS/timer/controller/myteam.controller.js HTTP/1.1" 200 5130 "http://timesheet.forgeahead.io/" "Mozilla/5.0 (Windows NT 6.3; Win64; x64) AppleWebKit/537.36 (KHTML, like Gecko) Chrome/56.0.2924.87 Safari/537.36"
10.10.30.120 - - [20/Mar/2017:18:12:32 +0530] "GET /static/login/JS/timer/controller/approve.controller.js HTTP/1.1" 200 638 "http://timesheet.forgeahead.io/" "Mozilla/5.0 (Windows NT 6.3; Win64; x64) AppleWebKit/537.36 (KHTML, like Gecko) Chrome/56.0.2924.87 Safari/537.36"
10.10.30.120 - - [20/Mar/2017:18:12:32 +0530] "GET /static/login/JS/timer/controller/submitted.controller.js HTTP/1.1" 200 11421 "http://timesheet.forgeahead.io/" "Mozilla/5.0 (Windows NT 6.3; Win64; x64) AppleWebKit/537.36 (KHTML, like Gecko) Chrome/56.0.2924.87 Safari/537.36"
10.10.30.120 - - [20/Mar/2017:18:12:39 +0530] "GET /timesheet/start/?authToken=CpXolKwlc3%2B2cK2gjZSQGqFJpSo7SxJYDnyOVeBU0ieNjbfAxQtrjACkaHUCRii0BOZxTcNifPwINEetWO2XiQ%3D%3D%0A&doj=2016-12-12+13%3A45%3A51%2B00%3A00&gauthToken=ya29.Gl0UBBBJrtWptadFwdQ1NrDqBupQpM6z5aZso83YvtkLh7CIbdtcgZ48k6o34EHQqymh9yI7zAmsuJleYWmtO8heEvDctsLOCP35nCZ0x_ZEG_4y-vj2K_6W0a25Kcs&firstName=Shikha&lastName=Vishwakarma&imageUrl=https%3A%2F%2Flh3.googleusercontent.com%2F-XdUIqdMkCWA%2FAAAAAAAAAAI%2FAAAAAAAAAAA%2F4252rscbv5M%2Fphoto.jpg&designation=Associate+Software+Engineer&gender=None&email=shikha.vishwakarma%40forgeahead.io&employeeID=0 HTTP/1.1" 302 5 "http://dev-sso.forgeahead.io:8081/auth/login_page/?redirect_to=http://timesheet.forgeahead.io/timesheet/start/" "Mozilla/5.0 (Windows NT 6.3; Win64; x64) AppleWebKit/537.36 (KHTML, like Gecko) Chrome/56.0.2924.87 Safari/537.36"
10.10.30.120 - - [20/Mar/2017:18:12:39 +0530] "GET /timesheet/home/ HTTP/1.1" 200 1596 "http://dev-sso.forgeahead.io:8081/auth/login_page/?redirect_to=http://timesheet.forgeahead.io/timesheet/start/" "Mozilla/5.0 (Windows NT 6.3; Win64; x64) AppleWebKit/537.36 (KHTML, like Gecko) Chrome/56.0.2924.87 Safari/537.36"
10.10.30.120 - - [20/Mar/2017:18:12:39 +0530] "GET /static/templates/login/manual.html HTTP/1.1" 200 2677 "http://timesheet.forgeahead.io/timesheet/home/" "Mozilla/5.0 (Windows NT 6.3; Win64; x64) AppleWebKit/537.36 (KHTML, like Gecko) Chrome/56.0.2924.87 Safari/537.36"
10.10.30.120 - - [20/Mar/2017:18:12:39 +0530] "GET /static/login/Images/group.svg HTTP/1.1" 200 1757 "http://timesheet.forgeahead.io/timesheet/home/" "Mozilla/5.0 (Windows NT 6.3; Win64; x64) AppleWebKit/537.36 (KHTML, like Gecko) Chrome/56.0.2924.87 Safari/537.36"
10.10.30.120 - - [20/Mar/2017:18:12:39 +0530] "GET /static/login/bower_components/bootstrap/dist/fonts/glyphicons-halflings-regular.woff2 HTTP/1.1" 200 18028 "http://timesheet.forgeahead.io/static/login/bower_components/bootstrap/dist/css/bootstrap.min.css" "Mozilla/5.0 (Windows NT 6.3; Win64; x64) AppleWebKit/537.36 (KHTML, like Gecko) Chrome/56.0.2924.87 Safari/537.36"
10.10.30.120 - - [20/Mar/2017:18:12:39 +0530] "GET /timesheet/employee/73/tasks/?date=2017-3-20 HTTP/1.1" 200 51 "http://timesheet.forgeahead.io/timesheet/home/" "Mozilla/5.0 (Windows NT 6.3; Win64; x64) AppleWebKit/537.36 (KHTML, like Gecko) Chrome/56.0.2924.87 Safari/537.36"
10.10.30.120 - - [20/Mar/2017:18:12:39 +0530] "GET /timesheet/projects/?emp_id=73 HTTP/1.1" 200 289 "http://timesheet.forgeahead.io/timesheet/home/" "Mozilla/5.0 (Windows NT 6.3; Win64; x64) AppleWebKit/537.36 (KHTML, like Gecko) Chrome/56.0.2924.87 Safari/537.36"
10.10.30.120 - - [20/Mar/2017:18:12:43 +0530] "GET /timesheet/employee/73/tasks/?date=2017-3-2 HTTP/1.1" 200 620 "http://timesheet.forgeahead.io/timesheet/home/" "Mozilla/5.0 (Windows NT 6.3; Win64; x64) AppleWebKit/537.36 (KHTML, like Gecko) Chrome/56.0.2924.87 Safari/537.36"
10.10.30.120 - - [20/Mar/2017:18:12:45 +0530] "GET /timesheet/employee/73/tasks/?date=2017-3-3 HTTP/1.1" 200 516 "http://timesheet.forgeahead.io/timesheet/home/" "Mozilla/5.0 (Windows NT 6.3; Win64; x64) AppleWebKit/537.36 (KHTML, like Gecko) Chrome/56.0.2924.87 Safari/537.36"
10.10.30.120 - - [20/Mar/2017:18:12:47 +0530] "GET /timesheet/employee/73/tasks/?date=2017-3-6 HTTP/1.1" 200 565 "http://timesheet.forgeahead.io/timesheet/home/" "Mozilla/5.0 (Windows NT 6.3; Win64; x64) AppleWebKit/537.36 (KHTML, like Gecko) Chrome/56.0.2924.87 Safari/537.36"
10.10.30.120 - - [20/Mar/2017:18:12:48 +0530] "GET /timesheet/employee/73/tasks/?date=2017-3-7 HTTP/1.1" 200 51 "http://timesheet.forgeahead.io/timesheet/home/" "Mozilla/5.0 (Windows NT 6.3; Win64; x64) AppleWebKit/537.36 (KHTML, like Gecko) Chrome/56.0.2924.87 Safari/537.36"
10.10.10.42 - - [20/Mar/2017:18:12:52 +0530] "GET / HTTP/1.1" 200 4672 "-" "Mozilla/5.0 (compatible; PRTG Network Monitor (www.paessler.com); Windows)"
10.10.30.120 - - [20/Mar/2017:18:13:22 +0530] "GET /timesheet/employee/73/timesheet/?month=3&year=2017 HTTP/1.1" 200 55 "http://timesheet.forgeahead.io/timesheet/home/" "Mozilla/5.0 (Windows NT 6.3; Win64; x64) AppleWebKit/537.36 (KHTML, like Gecko) Chrome/56.0.2924.87 Safari/537.36"
10.10.30.120 - - [20/Mar/2017:18:13:23 +0530] "POST /timesheet/employee/73/tasks/ HTTP/1.1" 200 558 "http://timesheet.forgeahead.io/timesheet/home/" "Mozilla/5.0 (Windows NT 6.3; Win64; x64) AppleWebKit/537.36 (KHTML, like Gecko) Chrome/56.0.2924.87 Safari/537.36"
10.10.30.120 - - [20/Mar/2017:18:13:25 +0530] "GET /timesheet/employee/73/tasks/?date=2017-3-8 HTTP/1.1" 200 51 "http://timesheet.forgeahead.io/timesheet/home/" "Mozilla/5.0 (Windows NT 6.3; Win64; x64) AppleWebKit/537.36 (KHTML, like Gecko) Chrome/56.0.2924.87 Safari/537.36"
10.10.10.42 - - [20/Mar/2017:18:13:52 +0530] "GET / HTTP/1.1" 200 4678 "-" "Mozilla/5.0 (compatible; PRTG Network Monitor (www.paessler.com); Windows)"
10.10.30.120 - - [20/Mar/2017:18:14:21 +0530] "GET /timesheet/employee/73/timesheet/?month=3&year=2017 HTTP/1.1" 200 55 "http://timesheet.forgeahead.io/timesheet/home/" "Mozilla/5.0 (Windows NT 6.3; Win64; x64) AppleWebKit/537.36 (KHTML, like Gecko) Chrome/56.0.2924.87 Safari/537.36"
10.10.30.120 - - [20/Mar/2017:18:14:21 +0530] "POST /timesheet/employee/73/tasks/ HTTP/1.1" 200 454 "http://timesheet.forgeahead.io/timesheet/home/" "Mozilla/5.0 (Windows NT 6.3; Win64; x64) AppleWebKit/537.36 (KHTML, like Gecko) Chrome/56.0.2924.87 Safari/537.36"
10.10.30.120 - - [20/Mar/2017:18:14:24 +0530] "GET /timesheet/employee/73/tasks/?date=2017-3-7 HTTP/1.1" 200 560 "http://timesheet.forgeahead.io/timesheet/home/" "Mozilla/5.0 (Windows NT 6.3; Win64; x64) AppleWebKit/537.36 (KHTML, like Gecko) Chrome/56.0.2924.87 Safari/537.36"
10.10.30.120 - - [20/Mar/2017:18:14:25 +0530] "GET /timesheet/employee/73/tasks/?date=2017-3-8 HTTP/1.1" 200 456 "http://timesheet.forgeahead.io/timesheet/home/" "Mozilla/5.0 (Windows NT 6.3; Win64; x64) AppleWebKit/537.36 (KHTML, like Gecko) Chrome/56.0.2924.87 Safari/537.36"
10.10.30.120 - - [20/Mar/2017:18:14:26 +0530] "GET /timesheet/employee/73/tasks/?date=2017-3-9 HTTP/1.1" 200 51 "http://timesheet.forgeahead.io/timesheet/home/" "Mozilla/5.0 (Windows NT 6.3; Win64; x64) AppleWebKit/537.36 (KHTML, like Gecko) Chrome/56.0.2924.87 Safari/537.36"
10.10.30.120 - - [20/Mar/2017:18:14:51 +0530] "GET /timesheet/employee/73/timesheet/?month=3&year=2017 HTTP/1.1" 200 55 "http://timesheet.forgeahead.io/timesheet/home/" "Mozilla/5.0 (Windows NT 6.3; Win64; x64) AppleWebKit/537.36 (KHTML, like Gecko) Chrome/56.0.2924.87 Safari/537.36"
10.10.30.120 - - [20/Mar/2017:18:14:52 +0530] "POST /timesheet/employee/73/tasks/ HTTP/1.1" 200 744 "http://timesheet.forgeahead.io/timesheet/home/" "Mozilla/5.0 (Windows NT 6.3; Win64; x64) AppleWebKit/537.36 (KHTML, like Gecko) Chrome/56.0.2924.87 Safari/537.36"
10.10.10.42 - - [20/Mar/2017:18:14:52 +0530] "GET / HTTP/1.1" 200 4672 "-" "Mozilla/5.0 (compatible; PRTG Network Monitor (www.paessler.com); Windows)"
10.10.30.120 - - [20/Mar/2017:18:14:54 +0530] "GET /timesheet/employee/73/tasks/?date=2017-3-10 HTTP/1.1" 200 51 "http://timesheet.forgeahead.io/timesheet/home/" "Mozilla/5.0 (Windows NT 6.3; Win64; x64) AppleWebKit/537.36 (KHTML, like Gecko) Chrome/56.0.2924.87 Safari/537.36"
10.10.30.120 - - [20/Mar/2017:18:15:15 +0530] "GET /timesheet/employee/73/timesheet/?month=3&year=2017 HTTP/1.1" 200 55 "http://timesheet.forgeahead.io/timesheet/home/" "Mozilla/5.0 (Windows NT 6.3; Win64; x64) AppleWebKit/537.36 (KHTML, like Gecko) Chrome/56.0.2924.87 Safari/537.36"
10.10.30.120 - - [20/Mar/2017:18:15:15 +0530] "POST /timesheet/employee/73/tasks/ HTTP/1.1" 200 663 "http://timesheet.forgeahead.io/timesheet/home/" "Mozilla/5.0 (Windows NT 6.3; Win64; x64) AppleWebKit/537.36 (KHTML, like Gecko) Chrome/56.0.2924.87 Safari/537.36"
10.10.30.120 - - [20/Mar/2017:18:15:19 +0530] "GET /timesheet/employee/73/tasks/?date=2017-3-13 HTTP/1.1" 200 51 "http://timesheet.forgeahead.io/timesheet/home/" "Mozilla/5.0 (Windows NT 6.3; Win64; x64) AppleWebKit/537.36 (KHTML, like Gecko) Chrome/56.0.2924.87 Safari/537.36"
10.10.30.120 - - [20/Mar/2017:18:15:32 +0530] "GET /timesheet/employee/73/tasks/?date=2017-3-14 HTTP/1.1" 200 51 "http://timesheet.forgeahead.io/timesheet/home/" "Mozilla/5.0 (Windows NT 6.3; Win64; x64) AppleWebKit/537.36 (KHTML, like Gecko) Chrome/56.0.2924.87 Safari/537.36"
10.10.30.120 - - [20/Mar/2017:18:15:47 +0530] "GET /timesheet/employee/73/timesheet/?month=3&year=2017 HTTP/1.1" 200 55 "http://timesheet.forgeahead.io/timesheet/home/" "Mozilla/5.0 (Windows NT 6.3; Win64; x64) AppleWebKit/537.36 (KHTML, like Gecko) Chrome/56.0.2924.87 Safari/537.36"
10.10.30.120 - - [20/Mar/2017:18:15:47 +0530] "POST /timesheet/employee/73/tasks/ HTTP/1.1" 200 1288 "http://timesheet.forgeahead.io/timesheet/home/" "Mozilla/5.0 (Windows NT 6.3; Win64; x64) AppleWebKit/537.36 (KHTML, like Gecko) Chrome/56.0.2924.87 Safari/537.36"
10.10.30.120 - - [20/Mar/2017:18:15:49 +0530] "GET /timesheet/employee/73/tasks/?date=2017-3-15 HTTP/1.1" 200 51 "http://timesheet.forgeahead.io/timesheet/home/" "Mozilla/5.0 (Windows NT 6.3; Win64; x64) AppleWebKit/537.36 (KHTML, like Gecko) Chrome/56.0.2924.87 Safari/537.36"
10.10.10.42 - - [20/Mar/2017:18:15:52 +0530] "GET / HTTP/1.1" 200 4672 "-" "Mozilla/5.0 (compatible; PRTG Network Monitor (www.paessler.com); Windows)"
10.10.30.120 - - [20/Mar/2017:18:16:12 +0530] "GET /timesheet/employee/73/timesheet/?month=3&year=2017 HTTP/1.1" 200 55 "http://timesheet.forgeahead.io/timesheet/home/" "Mozilla/5.0 (Windows NT 6.3; Win64; x64) AppleWebKit/537.36 (KHTML, like Gecko) Chrome/56.0.2924.87 Safari/537.36"
10.10.30.120 - - [20/Mar/2017:18:16:12 +0530] "POST /timesheet/employee/73/tasks/ HTTP/1.1" 200 474 "http://timesheet.forgeahead.io/timesheet/home/" "Mozilla/5.0 (Windows NT 6.3; Win64; x64) AppleWebKit/537.36 (KHTML, like Gecko) Chrome/56.0.2924.87 Safari/537.36"
10.10.30.120 - - [20/Mar/2017:18:16:14 +0530] "GET /timesheet/employee/73/tasks/?date=2017-3-16 HTTP/1.1" 200 51 "http://timesheet.forgeahead.io/timesheet/home/" "Mozilla/5.0 (Windows NT 6.3; Win64; x64) AppleWebKit/537.36 (KHTML, like Gecko) Chrome/56.0.2924.87 Safari/537.36"
10.10.30.120 - - [20/Mar/2017:18:16:48 +0530] "GET /timesheet/employee/73/timesheet/?month=3&year=2017 HTTP/1.1" 200 55 "http://timesheet.forgeahead.io/timesheet/home/" "Mozilla/5.0 (Windows NT 6.3; Win64; x64) AppleWebKit/537.36 (KHTML, like Gecko) Chrome/56.0.2924.87 Safari/537.36"
10.10.30.120 - - [20/Mar/2017:18:16:48 +0530] "POST /timesheet/employee/73/tasks/ HTTP/1.1" 200 639 "http://timesheet.forgeahead.io/timesheet/home/" "Mozilla/5.0 (Windows NT 6.3; Win64; x64) AppleWebKit/537.36 (KHTML, like Gecko) Chrome/56.0.2924.87 Safari/537.36"
10.10.10.42 - - [20/Mar/2017:18:16:52 +0530] "GET / HTTP/1.1" 200 4672 "-" "Mozilla/5.0 (compatible; PRTG Network Monitor (www.paessler.com); Windows)"
10.10.30.120 - - [20/Mar/2017:18:16:58 +0530] "GET /timesheet/employee/73/tasks/?date=2017-3-17 HTTP/1.1" 200 51 "http://timesheet.forgeahead.io/timesheet/home/" "Mozilla/5.0 (Windows NT 6.3; Win64; x64) AppleWebKit/537.36 (KHTML, like Gecko) Chrome/56.0.2924.87 Safari/537.36"
10.10.30.120 - - [20/Mar/2017:18:17:20 +0530] "GET /timesheet/employee/73/timesheet/?month=3&year=2017 HTTP/1.1" 200 55 "http://timesheet.forgeahead.io/timesheet/home/" "Mozilla/5.0 (Windows NT 6.3; Win64; x64) AppleWebKit/537.36 (KHTML, like Gecko) Chrome/56.0.2924.87 Safari/537.36"
10.10.30.120 - - [20/Mar/2017:18:17:20 +0530] "POST /timesheet/employee/73/tasks/ HTTP/1.1" 200 484 "http://timesheet.forgeahead.io/timesheet/home/" "Mozilla/5.0 (Windows NT 6.3; Win64; x64) AppleWebKit/537.36 (KHTML, like Gecko) Chrome/56.0.2924.87 Safari/537.36"
10.10.30.120 - - [20/Mar/2017:18:17:30 +0530] "GET /timesheet/employee/73/tasks/?date=2017-3-9 HTTP/1.1" 200 746 "http://timesheet.forgeahead.io/timesheet/home/" "Mozilla/5.0 (Windows NT 6.3; Win64; x64) AppleWebKit/537.36 (KHTML, like Gecko) Chrome/56.0.2924.87 Safari/537.36"
10.10.30.120 - - [20/Mar/2017:18:17:36 +0530] "GET /timesheet/employee/73/tasks/?date=2017-3-10 HTTP/1.1" 200 665 "http://timesheet.forgeahead.io/timesheet/home/" "Mozilla/5.0 (Windows NT 6.3; Win64; x64) AppleWebKit/537.36 (KHTML, like Gecko) Chrome/56.0.2924.87 Safari/537.36"
10.10.30.120 - - [20/Mar/2017:18:17:38 +0530] "GET /timesheet/employee/73/tasks/?date=2017-3-11 HTTP/1.1" 200 51 "http://timesheet.forgeahead.io/timesheet/home/" "Mozilla/5.0 (Windows NT 6.3; Win64; x64) AppleWebKit/537.36 (KHTML, like Gecko) Chrome/56.0.2924.87 Safari/537.36"
10.10.30.120 - - [20/Mar/2017:18:17:40 +0530] "GET /timesheet/employee/73/tasks/?date=2017-3-13 HTTP/1.1" 200 51 "http://timesheet.forgeahead.io/timesheet/home/" "Mozilla/5.0 (Windows NT 6.3; Win64; x64) AppleWebKit/537.36 (KHTML, like Gecko) Chrome/56.0.2924.87 Safari/537.36"
10.10.30.120 - - [20/Mar/2017:18:17:43 +0530] "GET /timesheet/employee/73/tasks/?date=2017-3-14 HTTP/1.1" 200 1290 "http://timesheet.forgeahead.io/timesheet/home/" "Mozilla/5.0 (Windows NT 6.3; Win64; x64) AppleWebKit/537.36 (KHTML, like Gecko) Chrome/56.0.2924.87 Safari/537.36"
10.10.30.120 - - [20/Mar/2017:18:17:46 +0530] "GET /timesheet/employee/73/tasks/?date=2017-3-8 HTTP/1.1" 200 456 "http://timesheet.forgeahead.io/timesheet/home/" "Mozilla/5.0 (Windows NT 6.3; Win64; x64) AppleWebKit/537.36 (KHTML, like Gecko) Chrome/56.0.2924.87 Safari/537.36"
10.10.25.104 - - [20/Mar/2017:18:17:47 +0530] "GET / HTTP/1.1" 200 1112 "-" "Mozilla/5.0 (Windows NT 6.1; Win64; x64) AppleWebKit/537.36 (KHTML, like Gecko) Chrome/57.0.2987.110 Safari/537.36"
10.10.25.104 - - [20/Mar/2017:18:17:47 +0530] "GET /static/login/JS/authentication/controller/authentication.controller.js HTTP/1.1" 304 0 "http://10.10.10.72/" "Mozilla/5.0 (Windows NT 6.1; Win64; x64) AppleWebKit/537.36 (KHTML, like Gecko) Chrome/57.0.2987.110 Safari/537.36"
10.10.25.104 - - [20/Mar/2017:18:17:47 +0530] "GET /static/login/JS/timer/controller/myteam.controller.js HTTP/1.1" 304 0 "http://10.10.10.72/" "Mozilla/5.0 (Windows NT 6.1; Win64; x64) AppleWebKit/537.36 (KHTML, like Gecko) Chrome/57.0.2987.110 Safari/537.36"
10.10.30.120 - - [20/Mar/2017:18:17:48 +0530] "GET /timesheet/employee/73/tasks/?date=2017-3-15 HTTP/1.1" 200 476 "http://timesheet.forgeahead.io/timesheet/home/" "Mozilla/5.0 (Windows NT 6.3; Win64; x64) AppleWebKit/537.36 (KHTML, like Gecko) Chrome/56.0.2924.87 Safari/537.36"
10.10.30.120 - - [20/Mar/2017:18:17:50 +0530] "GET /timesheet/employee/73/tasks/?date=2017-3-16 HTTP/1.1" 200 641 "http://timesheet.forgeahead.io/timesheet/home/" "Mozilla/5.0 (Windows NT 6.3; Win64; x64) AppleWebKit/537.36 (KHTML, like Gecko) Chrome/56.0.2924.87 Safari/537.36"
10.10.25.104 - - [20/Mar/2017:18:17:52 +0530] "GET /timesheet/start/?authToken=5maTVWndZnuHqrSzmn88GD7n7nz0dXjZfQCKCi0fhxCKsZbVVtRwS8iAHp4q%2FybZPw9dJPXklbOKqiuliCT3Dg%3D%3D%0A&doj=2016-12-12+13%3A45%3A53%2B00%3A00&gauthToken=ya29.Gl0UBAQ7Z2Q7LSo1djYKkfsA5UFRog0KH6A2XMUuPIzNX3oC0n7p4x7vED3IelHQEoDpfpQjJ8oko63tU3tRwQX1YpdJ2cI1pZVadqfNozdoExQDZNKQAz3Ib3WaAG8&firstName=Kirti&lastName=Bhagywant&imageUrl=https%3A%2F%2Flh3.googleusercontent.com%2F-XdUIqdMkCWA%2FAAAAAAAAAAI%2FAAAAAAAAAAA%2F4252rscbv5M%2Fphoto.jpg&designation=Software+Engineer&gender=None&email=kirti.bhagyawant%40forgeahead.io&employeeID=965 HTTP/1.1" 302 5 "http://dev-sso.forgeahead.io:8081/auth/login_page/?redirect_to=http://timesheet.forgeahead.io/timesheet/start/" "Mozilla/5.0 (Windows NT 6.1; Win64; x64) AppleWebKit/537.36 (KHTML, like Gecko) Chrome/57.0.2987.110 Safari/537.36"
10.10.25.104 - - [20/Mar/2017:18:17:52 +0530] "GET /timesheet/home/ HTTP/1.1" 200 1596 "http://dev-sso.forgeahead.io:8081/auth/login_page/?redirect_to=http://timesheet.forgeahead.io/timesheet/start/" "Mozilla/5.0 (Windows NT 6.1; Win64; x64) AppleWebKit/537.36 (KHTML, like Gecko) Chrome/57.0.2987.110 Safari/537.36"
10.10.25.104 - - [20/Mar/2017:18:17:52 +0530] "GET /static/login/bower_components/bootstrap/dist/css/bootstrap-theme.min.css HTTP/1.1" 304 0 "http://timesheet.forgeahead.io/timesheet/home/" "Mozilla/5.0 (Windows NT 6.1; Win64; x64) AppleWebKit/537.36 (KHTML, like Gecko) Chrome/57.0.2987.110 Safari/537.36"
10.10.25.104 - - [20/Mar/2017:18:17:52 +0530] "GET /static/login/bower_components/bootstrap/dist/css/bootstrap.min.css HTTP/1.1" 304 0 "http://timesheet.forgeahead.io/timesheet/home/" "Mozilla/5.0 (Windows NT 6.1; Win64; x64) AppleWebKit/537.36 (KHTML, like Gecko) Chrome/57.0.2987.110 Safari/537.36"
10.10.25.104 - - [20/Mar/2017:18:17:52 +0530] "GET /static/login/bower_components/ui-navbar/release/css/ui-navbar.min.css HTTP/1.1" 304 0 "http://timesheet.forgeahead.io/timesheet/home/" "Mozilla/5.0 (Windows NT 6.1; Win64; x64) AppleWebKit/537.36 (KHTML, like Gecko) Chrome/57.0.2987.110 Safari/537.36"
10.10.25.104 - - [20/Mar/2017:18:17:52 +0530] "GET /static/login/CSS/styling.css HTTP/1.1" 304 0 "http://timesheet.forgeahead.io/timesheet/home/" "Mozilla/5.0 (Windows NT 6.1; Win64; x64) AppleWebKit/537.36 (KHTML, like Gecko) Chrome/57.0.2987.110 Safari/537.36"
10.10.25.104 - - [20/Mar/2017:18:17:52 +0530] "GET /static/login/bower_components/bootstrap-daterangepicker/daterangepicker.css HTTP/1.1" 304 0 "http://timesheet.forgeahead.io/timesheet/home/" "Mozilla/5.0 (Windows NT 6.1; Win64; x64) AppleWebKit/537.36 (KHTML, like Gecko) Chrome/57.0.2987.110 Safari/537.36"
10.10.25.104 - - [20/Mar/2017:18:17:52 +0530] "GET /static/login/bower_components/angular-xeditable/dist/css/xeditable.min.css HTTP/1.1" 304 0 "http://timesheet.forgeahead.io/timesheet/home/" "Mozilla/5.0 (Windows NT 6.1; Win64; x64) AppleWebKit/537.36 (KHTML, like Gecko) Chrome/57.0.2987.110 Safari/537.36"
10.10.10.42 - - [20/Mar/2017:18:17:52 +0530] "GET / HTTP/1.1" 200 4672 "-" "Mozilla/5.0 (compatible; PRTG Network Monitor (www.paessler.com); Windows)"
10.10.25.104 - - [20/Mar/2017:18:17:52 +0530] "GET /static/login/bower_components/angular/angular.min.js HTTP/1.1" 304 0 "http://timesheet.forgeahead.io/timesheet/home/" "Mozilla/5.0 (Windows NT 6.1; Win64; x64) AppleWebKit/537.36 (KHTML, like Gecko) Chrome/57.0.2987.110 Safari/537.36"
10.10.25.104 - - [20/Mar/2017:18:17:52 +0530] "GET /static/login/bower_components/angular-bootstrap/ui-bootstrap.min.js HTTP/1.1" 304 0 "http://timesheet.forgeahead.io/timesheet/home/" "Mozilla/5.0 (Windows NT 6.1; Win64; x64) AppleWebKit/537.36 (KHTML, like Gecko) Chrome/57.0.2987.110 Safari/537.36"
10.10.25.104 - - [20/Mar/2017:18:17:52 +0530] "GET /static/login/bower_components/angular-route/angular-route.min.js HTTP/1.1" 304 0 "http://timesheet.forgeahead.io/timesheet/home/" "Mozilla/5.0 (Windows NT 6.1; Win64; x64) AppleWebKit/537.36 (KHTML, like Gecko) Chrome/57.0.2987.110 Safari/537.36"
10.10.25.104 - - [20/Mar/2017:18:17:52 +0530] "GET /static/login/bower_components/angular-cookies/angular-cookies.min.js HTTP/1.1" 304 0 "http://timesheet.forgeahead.io/timesheet/home/" "Mozilla/5.0 (Windows NT 6.1; Win64; x64) AppleWebKit/537.36 (KHTML, like Gecko) Chrome/57.0.2987.110 Safari/537.36"
10.10.25.104 - - [20/Mar/2017:18:17:52 +0530] "GET /static/login/bower_components/angular-bootstrap/ui-bootstrap-tpls.min.js HTTP/1.1" 304 0 "http://timesheet.forgeahead.io/timesheet/home/" "Mozilla/5.0 (Windows NT 6.1; Win64; x64) AppleWebKit/537.36 (KHTML, like Gecko) Chrome/57.0.2987.110 Safari/537.36"
10.10.25.104 - - [20/Mar/2017:18:17:52 +0530] "GET /static/login/bower_components/moment/moment.js HTTP/1.1" 304 0 "http://timesheet.forgeahead.io/timesheet/home/" "Mozilla/5.0 (Windows NT 6.1; Win64; x64) AppleWebKit/537.36 (KHTML, like Gecko) Chrome/57.0.2987.110 Safari/537.36"
10.10.25.104 - - [20/Mar/2017:18:17:52 +0530] "GET /static/login/bower_components/ui-navbar/release/js/ui-navbar.min.js HTTP/1.1" 304 0 "http://timesheet.forgeahead.io/timesheet/home/" "Mozilla/5.0 (Windows NT 6.1; Win64; x64) AppleWebKit/537.36 (KHTML, like Gecko) Chrome/57.0.2987.110 Safari/537.36"
10.10.25.104 - - [20/Mar/2017:18:17:52 +0530] "GET /static/login/bower_components/chart.js/dist/Chart.min.js HTTP/1.1" 304 0 "http://timesheet.forgeahead.io/timesheet/home/" "Mozilla/5.0 (Windows NT 6.1; Win64; x64) AppleWebKit/537.36 (KHTML, like Gecko) Chrome/57.0.2987.110 Safari/537.36"
10.10.25.104 - - [20/Mar/2017:18:17:52 +0530] "GET /static/login/Images/FA_TimeTracker_Logo.png HTTP/1.1" 304 0 "http://timesheet.forgeahead.io/timesheet/home/" "Mozilla/5.0 (Windows NT 6.1; Win64; x64) AppleWebKit/537.36 (KHTML, like Gecko) Chrome/57.0.2987.110 Safari/537.36"
10.10.25.104 - - [20/Mar/2017:18:17:52 +0530] "GET /static/login/bower_components/jquery/dist/jquery.min.js HTTP/1.1" 304 0 "http://timesheet.forgeahead.io/timesheet/home/" "Mozilla/5.0 (Windows NT 6.1; Win64; x64) AppleWebKit/537.36 (KHTML, like Gecko) Chrome/57.0.2987.110 Safari/537.36"
10.10.25.104 - - [20/Mar/2017:18:17:52 +0530] "GET /static/login/bower_components/angular-chart.js/dist/angular-chart.min.js HTTP/1.1" 304 0 "http://timesheet.forgeahead.io/timesheet/home/" "Mozilla/5.0 (Windows NT 6.1; Win64; x64) AppleWebKit/537.36 (KHTML, like Gecko) Chrome/57.0.2987.110 Safari/537.36"
10.10.25.104 - - [20/Mar/2017:18:17:52 +0530] "GET /static/login/bower_components/angular-filter/dist/angular-filter.min.js HTTP/1.1" 304 0 "http://timesheet.forgeahead.io/timesheet/home/" "Mozilla/5.0 (Windows NT 6.1; Win64; x64) AppleWebKit/537.36 (KHTML, like Gecko) Chrome/57.0.2987.110 Safari/537.36"
10.10.25.104 - - [20/Mar/2017:18:17:52 +0530] "GET /static/login/bower_components/bootstrap/dist/js/bootstrap.min.js HTTP/1.1" 304 0 "http://timesheet.forgeahead.io/timesheet/home/" "Mozilla/5.0 (Windows NT 6.1; Win64; x64) AppleWebKit/537.36 (KHTML, like Gecko) Chrome/57.0.2987.110 Safari/537.36"
10.10.25.104 - - [20/Mar/2017:18:17:52 +0530] "GET /static/login/bower_components/bootstrap-daterangepicker/daterangepicker.js HTTP/1.1" 304 0 "http://timesheet.forgeahead.io/timesheet/home/" "Mozilla/5.0 (Windows NT 6.1; Win64; x64) AppleWebKit/537.36 (KHTML, like Gecko) Chrome/57.0.2987.110 Safari/537.36"
10.10.25.104 - - [20/Mar/2017:18:17:52 +0530] "GET /static/login/bower_components/ngstorage/ngStorage.min.js HTTP/1.1" 304 0 "http://timesheet.forgeahead.io/timesheet/home/" "Mozilla/5.0 (Windows NT 6.1; Win64; x64) AppleWebKit/537.36 (KHTML, like Gecko) Chrome/57.0.2987.110 Safari/537.36"
10.10.25.104 - - [20/Mar/2017:18:17:52 +0530] "GET /static/login/bower_components/angular-daterangepicker/js/angular-daterangepicker.js HTTP/1.1" 304 0 "http://timesheet.forgeahead.io/timesheet/home/" "Mozilla/5.0 (Windows NT 6.1; Win64; x64) AppleWebKit/537.36 (KHTML, like Gecko) Chrome/57.0.2987.110 Safari/537.36"
10.10.25.104 - - [20/Mar/2017:18:17:52 +0530] "GET /static/login/bower_components/bootbox/bootbox.js HTTP/1.1" 304 0 "http://timesheet.forgeahead.io/timesheet/home/" "Mozilla/5.0 (Windows NT 6.1; Win64; x64) AppleWebKit/537.36 (KHTML, like Gecko) Chrome/57.0.2987.110 Safari/537.36"
10.10.25.104 - - [20/Mar/2017:18:17:52 +0530] "GET /static/login/bower_components/ngBootbox/dist/ngBootbox.min.js HTTP/1.1" 304 0 "http://timesheet.forgeahead.io/timesheet/home/" "Mozilla/5.0 (Windows NT 6.1; Win64; x64) AppleWebKit/537.36 (KHTML, like Gecko) Chrome/57.0.2987.110 Safari/537.36"
10.10.25.104 - - [20/Mar/2017:18:17:52 +0530] "GET /static/login/JS/timesheet.js HTTP/1.1" 304 0 "http://timesheet.forgeahead.io/timesheet/home/" "Mozilla/5.0 (Windows NT 6.1; Win64; x64) AppleWebKit/537.36 (KHTML, like Gecko) Chrome/57.0.2987.110 Safari/537.36"
10.10.25.104 - - [20/Mar/2017:18:17:52 +0530] "GET /static/login/JS/config.js HTTP/1.1" 304 0 "http://timesheet.forgeahead.io/timesheet/home/" "Mozilla/5.0 (Windows NT 6.1; Win64; x64) AppleWebKit/537.36 (KHTML, like Gecko) Chrome/57.0.2987.110 Safari/537.36"
10.10.25.104 - - [20/Mar/2017:18:17:52 +0530] "GET /static/login/JS/timesheet.routes.js HTTP/1.1" 304 0 "http://timesheet.forgeahead.io/timesheet/home/" "Mozilla/5.0 (Windows NT 6.1; Win64; x64) AppleWebKit/537.36 (KHTML, like Gecko) Chrome/57.0.2987.110 Safari/537.36"
10.10.25.104 - - [20/Mar/2017:18:17:52 +0530] "GET /static/login/JS/timer/timer.module.js HTTP/1.1" 304 0 "http://timesheet.forgeahead.io/timesheet/home/" "Mozilla/5.0 (Windows NT 6.1; Win64; x64) AppleWebKit/537.36 (KHTML, like Gecko) Chrome/57.0.2987.110 Safari/537.36"
10.10.25.104 - - [20/Mar/2017:18:17:52 +0530] "GET /static/login/JS/timer/controller/manual.controller.js HTTP/1.1" 304 0 "http://timesheet.forgeahead.io/timesheet/home/" "Mozilla/5.0 (Windows NT 6.1; Win64; x64) AppleWebKit/537.36 (KHTML, like Gecko) Chrome/57.0.2987.110 Safari/537.36"
10.10.25.104 - - [20/Mar/2017:18:17:52 +0530] "GET /static/login/JS/timer/controller/report.controller.js HTTP/1.1" 304 0 "http://timesheet.forgeahead.io/timesheet/home/" "Mozilla/5.0 (Windows NT 6.1; Win64; x64) AppleWebKit/537.36 (KHTML, like Gecko) Chrome/57.0.2987.110 Safari/537.36"
10.10.25.104 - - [20/Mar/2017:18:17:52 +0530] "GET /static/login/JS/timer/controller/viewtimesheet.controller.js HTTP/1.1" 304 0 "http://timesheet.forgeahead.io/timesheet/home/" "Mozilla/5.0 (Windows NT 6.1; Win64; x64) AppleWebKit/537.36 (KHTML, like Gecko) Chrome/57.0.2987.110 Safari/537.36"
10.10.25.104 - - [20/Mar/2017:18:17:52 +0530] "GET /static/login/JS/timer/controller/mytimesheet.controller.js HTTP/1.1" 304 0 "http://timesheet.forgeahead.io/timesheet/home/" "Mozilla/5.0 (Windows NT 6.1; Win64; x64) AppleWebKit/537.36 (KHTML, like Gecko) Chrome/57.0.2987.110 Safari/537.36"
10.10.25.104 - - [20/Mar/2017:18:17:52 +0530] "GET /static/login/bower_components/angular-xeditable/dist/js/xeditable.min.js HTTP/1.1" 304 0 "http://timesheet.forgeahead.io/timesheet/home/" "Mozilla/5.0 (Windows NT 6.1; Win64; x64) AppleWebKit/537.36 (KHTML, like Gecko) Chrome/57.0.2987.110 Safari/537.36"
10.10.25.104 - - [20/Mar/2017:18:17:52 +0530] "GET /static/login/JS/authentication/authentication.module.js HTTP/1.1" 304 0 "http://timesheet.forgeahead.io/timesheet/home/" "Mozilla/5.0 (Windows NT 6.1; Win64; x64) AppleWebKit/537.36 (KHTML, like Gecko) Chrome/57.0.2987.110 Safari/537.36"
10.10.25.104 - - [20/Mar/2017:18:17:52 +0530] "GET /static/login/JS/timer/controller/myteam.controller.js HTTP/1.1" 304 0 "http://timesheet.forgeahead.io/timesheet/home/" "Mozilla/5.0 (Windows NT 6.1; Win64; x64) AppleWebKit/537.36 (KHTML, like Gecko) Chrome/57.0.2987.110 Safari/537.36"
10.10.25.104 - - [20/Mar/2017:18:17:52 +0530] "GET /static/login/JS/authentication/controller/authentication.controller.js HTTP/1.1" 304 0 "http://timesheet.forgeahead.io/timesheet/home/" "Mozilla/5.0 (Windows NT 6.1; Win64; x64) AppleWebKit/537.36 (KHTML, like Gecko) Chrome/57.0.2987.110 Safari/537.36"
10.10.25.104 - - [20/Mar/2017:18:17:52 +0530] "GET /static/login/JS/timer/controller/approve.controller.js HTTP/1.1" 304 0 "http://timesheet.forgeahead.io/timesheet/home/" "Mozilla/5.0 (Windows NT 6.1; Win64; x64) AppleWebKit/537.36 (KHTML, like Gecko) Chrome/57.0.2987.110 Safari/537.36"
10.10.25.104 - - [20/Mar/2017:18:17:52 +0530] "GET /static/login/JS/timer/controller/submitted.controller.js HTTP/1.1" 304 0 "http://timesheet.forgeahead.io/timesheet/home/" "Mozilla/5.0 (Windows NT 6.1; Win64; x64) AppleWebKit/537.36 (KHTML, like Gecko) Chrome/57.0.2987.110 Safari/537.36"
10.10.25.104 - - [20/Mar/2017:18:17:52 +0530] "GET /static/login/bower_components/bootstrap/dist/fonts/glyphicons-halflings-regular.woff2 HTTP/1.1" 304 0 "http://timesheet.forgeahead.io/static/login/bower_components/bootstrap/dist/css/bootstrap.min.css" "Mozilla/5.0 (Windows NT 6.1; Win64; x64) AppleWebKit/537.36 (KHTML, like Gecko) Chrome/57.0.2987.110 Safari/537.36"
10.10.25.104 - - [20/Mar/2017:18:17:52 +0530] "GET /static/login/Images/group.svg HTTP/1.1" 304 0 "http://timesheet.forgeahead.io/timesheet/home/" "Mozilla/5.0 (Windows NT 6.1; Win64; x64) AppleWebKit/537.36 (KHTML, like Gecko) Chrome/57.0.2987.110 Safari/537.36"
10.10.25.104 - - [20/Mar/2017:18:17:52 +0530] "GET /static/templates/login/manual.html HTTP/1.1" 304 0 "http://timesheet.forgeahead.io/timesheet/home/" "Mozilla/5.0 (Windows NT 6.1; Win64; x64) AppleWebKit/537.36 (KHTML, like Gecko) Chrome/57.0.2987.110 Safari/537.36"
10.10.25.104 - - [20/Mar/2017:18:17:52 +0530] "GET /timesheet/employee/109/tasks/?date=2017-3-20 HTTP/1.1" 200 51 "http://timesheet.forgeahead.io/timesheet/home/" "Mozilla/5.0 (Windows NT 6.1; Win64; x64) AppleWebKit/537.36 (KHTML, like Gecko) Chrome/57.0.2987.110 Safari/537.36"
10.10.25.104 - - [20/Mar/2017:18:17:52 +0530] "GET /timesheet/projects/?emp_id=109 HTTP/1.1" 200 287 "http://timesheet.forgeahead.io/timesheet/home/" "Mozilla/5.0 (Windows NT 6.1; Win64; x64) AppleWebKit/537.36 (KHTML, like Gecko) Chrome/57.0.2987.110 Safari/537.36"
10.10.30.120 - - [20/Mar/2017:18:17:54 +0530] "GET /timesheet/employee/73/tasks/?date=2017-3-17 HTTP/1.1" 200 486 "http://timesheet.forgeahead.io/timesheet/home/" "Mozilla/5.0 (Windows NT 6.3; Win64; x64) AppleWebKit/537.36 (KHTML, like Gecko) Chrome/56.0.2924.87 Safari/537.36"
10.10.30.120 - - [20/Mar/2017:18:17:57 +0530] "GET /timesheet/employee/73/tasks/?date=2017-3-18 HTTP/1.1" 200 51 "http://timesheet.forgeahead.io/timesheet/home/" "Mozilla/5.0 (Windows NT 6.3; Win64; x64) AppleWebKit/537.36 (KHTML, like Gecko) Chrome/56.0.2924.87 Safari/537.36"
10.10.30.120 - - [20/Mar/2017:18:17:59 +0530] "GET /timesheet/employee/73/tasks/?date=2017-3-20 HTTP/1.1" 200 51 "http://timesheet.forgeahead.io/timesheet/home/" "Mozilla/5.0 (Windows NT 6.3; Win64; x64) AppleWebKit/537.36 (KHTML, like Gecko) Chrome/56.0.2924.87 Safari/537.36"
10.10.25.104 - - [20/Mar/2017:18:18:16 +0530] "GET /timesheet/employee/109/timesheet/?month=3&year=2017 HTTP/1.1" 200 55 "http://timesheet.forgeahead.io/timesheet/home/" "Mozilla/5.0 (Windows NT 6.1; Win64; x64) AppleWebKit/537.36 (KHTML, like Gecko) Chrome/57.0.2987.110 Safari/537.36"
10.10.25.104 - - [20/Mar/2017:18:18:16 +0530] "POST /timesheet/employee/109/tasks/ HTTP/1.1" 200 1296 "http://timesheet.forgeahead.io/timesheet/home/" "Mozilla/5.0 (Windows NT 6.1; Win64; x64) AppleWebKit/537.36 (KHTML, like Gecko) Chrome/57.0.2987.110 Safari/537.36"
10.10.25.104 - - [20/Mar/2017:18:18:42 +0530] "PATCH /timesheet/employee/109/task/11580/ HTTP/1.1" 200 2018 "http://timesheet.forgeahead.io/timesheet/home/" "Mozilla/5.0 (Windows NT 6.1; Win64; x64) AppleWebKit/537.36 (KHTML, like Gecko) Chrome/57.0.2987.110 Safari/537.36"
10.10.10.42 - - [20/Mar/2017:18:18:51 +0530] "GET / HTTP/1.1" 200 4678 "-" "Mozilla/5.0 (compatible; PRTG Network Monitor (www.paessler.com); Windows)"
10.10.30.120 - - [20/Mar/2017:18:18:59 +0530] "GET /timesheet/employee/73/timesheet/?month=3&year=2017 HTTP/1.1" 200 55 "http://timesheet.forgeahead.io/timesheet/home/" "Mozilla/5.0 (Windows NT 6.3; Win64; x64) AppleWebKit/537.36 (KHTML, like Gecko) Chrome/56.0.2924.87 Safari/537.36"
10.10.30.120 - - [20/Mar/2017:18:18:59 +0530] "POST /timesheet/employee/73/tasks/ HTTP/1.1" 200 498 "http://timesheet.forgeahead.io/timesheet/home/" "Mozilla/5.0 (Windows NT 6.3; Win64; x64) AppleWebKit/537.36 (KHTML, like Gecko) Chrome/56.0.2924.87 Safari/537.36"
10.10.30.120 - - [20/Mar/2017:18:19:02 +0530] "GET /login/out/ HTTP/1.1" 302 5 "http://timesheet.forgeahead.io/timesheet/home/" "Mozilla/5.0 (Windows NT 6.3; Win64; x64) AppleWebKit/537.36 (KHTML, like Gecko) Chrome/56.0.2924.87 Safari/537.36"
10.10.30.120 - - [20/Mar/2017:18:19:02 +0530] "GET / HTTP/1.1" 200 1112 "http://timesheet.forgeahead.io/timesheet/home/" "Mozilla/5.0 (Windows NT 6.3; Win64; x64) AppleWebKit/537.36 (KHTML, like Gecko) Chrome/56.0.2924.87 Safari/537.36"
10.10.25.104 - - [20/Mar/2017:18:19:06 +0530] "GET /login/out/ HTTP/1.1" 302 5 "http://timesheet.forgeahead.io/timesheet/home/" "Mozilla/5.0 (Windows NT 6.1; Win64; x64) AppleWebKit/537.36 (KHTML, like Gecko) Chrome/57.0.2987.110 Safari/537.36"
10.10.25.104 - - [20/Mar/2017:18:19:06 +0530] "GET / HTTP/1.1" 200 1112 "http://timesheet.forgeahead.io/timesheet/home/" "Mozilla/5.0 (Windows NT 6.1; Win64; x64) AppleWebKit/537.36 (KHTML, like Gecko) Chrome/57.0.2987.110 Safari/537.36"
10.10.30.108 - - [20/Mar/2017:18:19:46 +0530] "GET /timesheet/home/ HTTP/1.1" 200 1112 "-" "Mozilla/5.0 (Windows NT 6.3; Win64; x64) AppleWebKit/537.36 (KHTML, like Gecko) Chrome/57.0.2987.98 Safari/537.36"
10.10.30.108 - - [20/Mar/2017:18:19:47 +0530] "GET /static/login/JS/timer/controller/myteam.controller.js HTTP/1.1" 304 0 "http://timesheet.forgeahead.io/timesheet/home/" "Mozilla/5.0 (Windows NT 6.3; Win64; x64) AppleWebKit/537.36 (KHTML, like Gecko) Chrome/57.0.2987.98 Safari/537.36"
10.10.30.108 - - [20/Mar/2017:18:19:47 +0530] "GET /static/login/JS/authentication/controller/authentication.controller.js HTTP/1.1" 304 0 "http://timesheet.forgeahead.io/timesheet/home/" "Mozilla/5.0 (Windows NT 6.3; Win64; x64) AppleWebKit/537.36 (KHTML, like Gecko) Chrome/57.0.2987.98 Safari/537.36"
10.10.55.103 - - [20/Mar/2017:18:19:50 +0530] "GET / HTTP/1.1" 200 1112 "-" "Mozilla/5.0 (Windows NT 6.1; WOW64) AppleWebKit/537.36 (KHTML, like Gecko) Chrome/57.0.2987.98 Safari/537.36"
10.10.55.103 - - [20/Mar/2017:18:19:50 +0530] "GET /static/login/bower_components/bootstrap/dist/css/bootstrap.min.css HTTP/1.1" 200 121200 "http://10.10.10.72/" "Mozilla/5.0 (Windows NT 6.1; WOW64) AppleWebKit/537.36 (KHTML, like Gecko) Chrome/57.0.2987.98 Safari/537.36"
10.10.55.103 - - [20/Mar/2017:18:19:50 +0530] "GET /static/login/bower_components/bootstrap/dist/css/bootstrap-theme.min.css HTTP/1.1" 200 23409 "http://10.10.10.72/" "Mozilla/5.0 (Windows NT 6.1; WOW64) AppleWebKit/537.36 (KHTML, like Gecko) Chrome/57.0.2987.98 Safari/537.36"
10.10.55.103 - - [20/Mar/2017:18:19:50 +0530] "GET /static/login/bower_components/ui-navbar/release/css/ui-navbar.min.css HTTP/1.1" 200 1094 "http://10.10.10.72/" "Mozilla/5.0 (Windows NT 6.1; WOW64) AppleWebKit/537.36 (KHTML, like Gecko) Chrome/57.0.2987.98 Safari/537.36"
10.10.55.103 - - [20/Mar/2017:18:19:50 +0530] "GET /static/login/bower_components/bootstrap-daterangepicker/daterangepicker.css HTTP/1.1" 200 8133 "http://10.10.10.72/" "Mozilla/5.0 (Windows NT 6.1; WOW64) AppleWebKit/537.36 (KHTML, like Gecko) Chrome/57.0.2987.98 Safari/537.36"
10.10.55.103 - - [20/Mar/2017:18:19:50 +0530] "GET /static/login/CSS/styling.css HTTP/1.1" 200 6829 "http://10.10.10.72/" "Mozilla/5.0 (Windows NT 6.1; WOW64) AppleWebKit/537.36 (KHTML, like Gecko) Chrome/57.0.2987.98 Safari/537.36"
10.10.55.103 - - [20/Mar/2017:18:19:50 +0530] "GET /static/login/bower_components/angular-xeditable/dist/css/xeditable.min.css HTTP/1.1" 200 2389 "http://10.10.10.72/" "Mozilla/5.0 (Windows NT 6.1; WOW64) AppleWebKit/537.36 (KHTML, like Gecko) Chrome/57.0.2987.98 Safari/537.36"
10.10.55.103 - - [20/Mar/2017:18:19:50 +0530] "GET /static/login/bower_components/angular/angular.min.js HTTP/1.1" 200 160048 "http://10.10.10.72/" "Mozilla/5.0 (Windows NT 6.1; WOW64) AppleWebKit/537.36 (KHTML, like Gecko) Chrome/57.0.2987.98 Safari/537.36"
10.10.55.103 - - [20/Mar/2017:18:19:50 +0530] "GET /static/login/bower_components/angular-bootstrap/ui-bootstrap.min.js HTTP/1.1" 200 100829 "http://10.10.10.72/" "Mozilla/5.0 (Windows NT 6.1; WOW64) AppleWebKit/537.36 (KHTML, like Gecko) Chrome/57.0.2987.98 Safari/537.36"
10.10.55.103 - - [20/Mar/2017:18:19:50 +0530] "GET /static/login/bower_components/angular-route/angular-route.min.js HTTP/1.1" 200 4766 "http://10.10.10.72/" "Mozilla/5.0 (Windows NT 6.1; WOW64) AppleWebKit/537.36 (KHTML, like Gecko) Chrome/57.0.2987.98 Safari/537.36"
10.10.55.103 - - [20/Mar/2017:18:19:50 +0530] "GET /static/login/bower_components/angular-cookies/angular-cookies.min.js HTTP/1.1" 200 1447 "http://10.10.10.72/" "Mozilla/5.0 (Windows NT 6.1; WOW64) AppleWebKit/537.36 (KHTML, like Gecko) Chrome/57.0.2987.98 Safari/537.36"
10.10.55.103 - - [20/Mar/2017:18:19:50 +0530] "GET /static/login/bower_components/ui-navbar/release/js/ui-navbar.min.js HTTP/1.1" 200 1114 "http://10.10.10.72/" "Mozilla/5.0 (Windows NT 6.1; WOW64) AppleWebKit/537.36 (KHTML, like Gecko) Chrome/57.0.2987.98 Safari/537.36"
10.10.55.103 - - [20/Mar/2017:18:19:50 +0530] "GET /static/login/bower_components/angular-bootstrap/ui-bootstrap-tpls.min.js HTTP/1.1" 200 122900 "http://10.10.10.72/" "Mozilla/5.0 (Windows NT 6.1; WOW64) AppleWebKit/537.36 (KHTML, like Gecko) Chrome/57.0.2987.98 Safari/537.36"
10.10.55.103 - - [20/Mar/2017:18:19:50 +0530] "GET /static/login/Images/logo.png HTTP/1.1" 200 4860 "http://10.10.10.72/" "Mozilla/5.0 (Windows NT 6.1; WOW64) AppleWebKit/537.36 (KHTML, like Gecko) Chrome/57.0.2987.98 Safari/537.36"
10.10.55.103 - - [20/Mar/2017:18:19:50 +0530] "GET /static/login/Images/FA_TimeTracker_Logo.png HTTP/1.1" 200 8512 "http://10.10.10.72/" "Mozilla/5.0 (Windows NT 6.1; WOW64) AppleWebKit/537.36 (KHTML, like Gecko) Chrome/57.0.2987.98 Safari/537.36"
10.10.55.103 - - [20/Mar/2017:18:19:50 +0530] "GET /static/login/bower_components/moment/moment.js HTTP/1.1" 200 104409 "http://10.10.10.72/" "Mozilla/5.0 (Windows NT 6.1; WOW64) AppleWebKit/537.36 (KHTML, like Gecko) Chrome/57.0.2987.98 Safari/537.36"
