10.10.55.103 - - [20/Mar/2017:18:19:50 +0530] "GET /static/login/bower_components/angular-chart.js/dist/angular-chart.min.js HTTP/1.1" 200 6041 "http://10.10.10.72/" "Mozilla/5.0 (Windows NT 6.1; WOW64) AppleWebKit/537.36 (KHTML, like Gecko) Chrome/57.0.2987.98 Safari/537.36"
10.10.55.103 - - [20/Mar/2017:18:19:50 +0530] "GET /static/login/bower_components/bootstrap/dist/js/bootstrap.min.js HTTP/1.1" 200 37045 "http://10.10.10.72/" "Mozilla/5.0 (Windows NT 6.1; WOW64) AppleWebKit/537.36 (KHTML, like Gecko) Chrome/57.0.2987.98 Safari/537.36"
10.10.55.103 - - [20/Mar/2017:18:19:50 +0530] "GET /static/login/bower_components/angular-filter/dist/angular-filter.min.js HTTP/1.1" 200 20463 "http://10.10.10.72/" "Mozilla/5.0 (Windows NT 6.1; WOW64) AppleWebKit/537.36 (KHTML, like Gecko) Chrome/57.0.2987.98 Safari/537.36"
10.10.55.103 - - [20/Mar/2017:18:19:50 +0530] "GET /static/login/bower_components/chart.js/dist/Chart.min.js HTTP/1.1" 200 144069 "http://10.10.10.72/" "Mozilla/5.0 (Windows NT 6.1; WOW64) AppleWebKit/537.36 (KHTML, like Gecko) Chrome/57.0.2987.98 Safari/537.36"
10.10.55.103 - - [20/Mar/2017:18:19:50 +0530] "GET /static/login/bower_components/bootstrap-daterangepicker/daterangepicker.js HTTP/1.1" 200 69150 "http://10.10.10.72/" "Mozilla/5.0 (Windows NT 6.1; WOW64) AppleWebKit/537.36 (KHTML, like Gecko) Chrome/57.0.2987.98 Safari/537.36"
10.10.55.103 - - [20/Mar/2017:18:19:50 +0530] "GET /static/login/bower_components/jquery/dist/jquery.min.js HTTP/1.1" 200 84380 "http://10.10.10.72/" "Mozilla/5.0 (Windows NT 6.1; WOW64) AppleWebKit/537.36 (KHTML, like Gecko) Chrome/57.0.2987.98 Safari/537.36"
10.10.55.103 - - [20/Mar/2017:18:19:51 +0530] "GET /static/login/bower_components/ngstorage/ngStorage.min.js HTTP/1.1" 200 2486 "http://10.10.10.72/" "Mozilla/5.0 (Windows NT 6.1; WOW64) AppleWebKit/537.36 (KHTML, like Gecko) Chrome/57.0.2987.98 Safari/537.36"
10.10.55.103 - - [20/Mar/2017:18:19:51 +0530] "GET /static/login/bower_components/angular-daterangepicker/js/angular-daterangepicker.js HTTP/1.1" 200 7051 "http://10.10.10.72/" "Mozilla/5.0 (Windows NT 6.1; WOW64) AppleWebKit/537.36 (KHTML, like Gecko) Chrome/57.0.2987.98 Safari/537.36"
10.10.55.103 - - [20/Mar/2017:18:19:51 +0530] "GET /static/login/bower_components/bootbox/bootbox.js HTTP/1.1" 200 26570 "http://10.10.10.72/" "Mozilla/5.0 (Windows NT 6.1; WOW64) AppleWebKit/537.36 (KHTML, like Gecko) Chrome/57.0.2987.98 Safari/537.36"
10.10.55.103 - - [20/Mar/2017:18:19:51 +0530] "GET /static/login/bower_components/ngBootbox/dist/ngBootbox.min.js HTTP/1.1" 200 3065 "http://10.10.10.72/" "Mozilla/5.0 (Windows NT 6.1; WOW64) AppleWebKit/537.36 (KHTML, like Gecko) Chrome/57.0.2987.98 Safari/537.36"
10.10.55.103 - - [20/Mar/2017:18:19:51 +0530] "GET /static/login/JS/config.js HTTP/1.1" 200 68 "http://10.10.10.72/" "Mozilla/5.0 (Windows NT 6.1; WOW64) AppleWebKit/537.36 (KHTML, like Gecko) Chrome/57.0.2987.98 Safari/537.36"
10.10.55.103 - - [20/Mar/2017:18:19:51 +0530] "GET /static/login/JS/timesheet.js HTTP/1.1" 200 1053 "http://10.10.10.72/" "Mozilla/5.0 (Windows NT 6.1; WOW64) AppleWebKit/537.36 (KHTML, like Gecko) Chrome/57.0.2987.98 Safari/537.36"
10.10.55.103 - - [20/Mar/2017:18:19:51 +0530] "GET /static/login/JS/timesheet.routes.js HTTP/1.1" 200 1461 "http://10.10.10.72/" "Mozilla/5.0 (Windows NT 6.1; WOW64) AppleWebKit/537.36 (KHTML, like Gecko) Chrome/57.0.2987.98 Safari/537.36"
10.10.55.103 - - [20/Mar/2017:18:19:51 +0530] "GET /static/login/JS/timer/timer.module.js HTTP/1.1" 200 736 "http://10.10.10.72/" "Mozilla/5.0 (Windows NT 6.1; WOW64) AppleWebKit/537.36 (KHTML, like Gecko) Chrome/57.0.2987.98 Safari/537.36"
10.10.55.103 - - [20/Mar/2017:18:19:51 +0530] "GET /static/login/JS/timer/services/timer.service.js HTTP/1.1" 200 3448 "http://10.10.10.72/" "Mozilla/5.0 (Windows NT 6.1; WOW64) AppleWebKit/537.36 (KHTML, like Gecko) Chrome/57.0.2987.98 Safari/537.36"
10.10.55.103 - - [20/Mar/2017:18:19:51 +0530] "GET /static/login/JS/timer/controller/manual.controller.js HTTP/1.1" 200 3737 "http://10.10.10.72/" "Mozilla/5.0 (Windows NT 6.1; WOW64) AppleWebKit/537.36 (KHTML, like Gecko) Chrome/57.0.2987.98 Safari/537.36"
10.10.55.103 - - [20/Mar/2017:18:19:51 +0530] "GET /static/login/JS/timer/services/timer.helpers.js HTTP/1.1" 200 6972 "http://10.10.10.72/" "Mozilla/5.0 (Windows NT 6.1; WOW64) AppleWebKit/537.36 (KHTML, like Gecko) Chrome/57.0.2987.98 Safari/537.36"
10.10.55.103 - - [20/Mar/2017:18:19:51 +0530] "GET /static/login/JS/timer/controller/report.controller.js HTTP/1.1" 200 20282 "http://10.10.10.72/" "Mozilla/5.0 (Windows NT 6.1; WOW64) AppleWebKit/537.36 (KHTML, like Gecko) Chrome/57.0.2987.98 Safari/537.36"
10.10.55.103 - - [20/Mar/2017:18:19:51 +0530] "GET /static/login/JS/timer/controller/viewtimesheet.controller.js HTTP/1.1" 200 1904 "http://10.10.10.72/" "Mozilla/5.0 (Windows NT 6.1; WOW64) AppleWebKit/537.36 (KHTML, like Gecko) Chrome/57.0.2987.98 Safari/537.36"
10.10.55.103 - - [20/Mar/2017:18:19:51 +0530] "GET /static/login/JS/timer/controller/manualtable.controller.js HTTP/1.1" 200 40075 "http://10.10.10.72/" "Mozilla/5.0 (Windows NT 6.1; WOW64) AppleWebKit/537.36 (KHTML, like Gecko) Chrome/57.0.2987.98 Safari/537.36"
10.10.55.103 - - [20/Mar/2017:18:19:51 +0530] "GET /static/login/JS/timer/controller/mytimesheet.controller.js HTTP/1.1" 200 6592 "http://10.10.10.72/" "Mozilla/5.0 (Windows NT 6.1; WOW64) AppleWebKit/537.36 (KHTML, like Gecko) Chrome/57.0.2987.98 Safari/537.36"
10.10.55.103 - - [20/Mar/2017:18:19:51 +0530] "GET /static/login/JS/timer/controller/automatic.controller.js HTTP/1.1" 200 12060 "http://10.10.10.72/" "Mozilla/5.0 (Windows NT 6.1; WOW64) AppleWebKit/537.36 (KHTML, like Gecko) Chrome/57.0.2987.98 Safari/537.36"
10.10.55.103 - - [20/Mar/2017:18:19:51 +0530] "GET /static/login/bower_components/angular-xeditable/dist/js/xeditable.min.js HTTP/1.1" 200 33592 "http://10.10.10.72/" "Mozilla/5.0 (Windows NT 6.1; WOW64) AppleWebKit/537.36 (KHTML, like Gecko) Chrome/57.0.2987.98 Safari/537.36"
10.10.55.103 - - [20/Mar/2017:18:19:51 +0530] "GET /static/login/JS/authentication/authentication.module.js HTTP/1.1" 200 537 "http://10.10.10.72/" "Mozilla/5.0 (Windows NT 6.1; WOW64) AppleWebKit/537.36 (KHTML, like Gecko) Chrome/57.0.2987.98 Safari/537.36"
10.10.55.103 - - [20/Mar/2017:18:19:51 +0530] "GET /static/login/JS/authentication/controller/authentication.controller.js HTTP/1.1" 200 1617 "http://10.10.10.72/" "Mozilla/5.0 (Windows NT 6.1; WOW64) AppleWebKit/537.36 (KHTML, like Gecko) Chrome/57.0.2987.98 Safari/537.36"
10.10.55.103 - - [20/Mar/2017:18:19:51 +0530] "GET /static/login/JS/timer/controller/monthtimesheet.controller.js HTTP/1.1" 200 6675 "http://10.10.10.72/" "Mozilla/5.0 (Windows NT 6.1; WOW64) AppleWebKit/537.36 (KHTML, like Gecko) Chrome/57.0.2987.98 Safari/537.36"
10.10.55.103 - - [20/Mar/2017:18:19:51 +0530] "GET /static/login/JS/timer/controller/myteam.controller.js HTTP/1.1" 200 5130 "http://10.10.10.72/" "Mozilla/5.0 (Windows NT 6.1; WOW64) AppleWebKit/537.36 (KHTML, like Gecko) Chrome/57.0.2987.98 Safari/537.36"
10.10.55.103 - - [20/Mar/2017:18:19:51 +0530] "GET /static/login/JS/timer/controller/approve.controller.js HTTP/1.1" 200 638 "http://10.10.10.72/" "Mozilla/5.0 (Windows NT 6.1; WOW64) AppleWebKit/537.36 (KHTML, like Gecko) Chrome/57.0.2987.98 Safari/537.36"
10.10.55.103 - - [20/Mar/2017:18:19:51 +0530] "GET /static/login/JS/timer/controller/submitted.controller.js HTTP/1.1" 200 11421 "http://10.10.10.72/" "Mozilla/5.0 (Windows NT 6.1; WOW64) AppleWebKit/537.36 (KHTML, like Gecko) Chrome/57.0.2987.98 Safari/537.36"
10.10.10.42 - - [20/Mar/2017:18:19:52 +0530] "GET / HTTP/1.1" 200 4678 "-" "Mozilla/5.0 (compatible; PRTG Network Monitor (www.paessler.com); Windows)"
10.10.30.108 - - [20/Mar/2017:18:19:56 +0530] "GET /timesheet/start/?authToken=9Tfo1f%2F0N1bkg0WZjOknyAQWMH42XjUiztvkWZZQKIsDs%2BKVZ5VqsNTGKqGcmo86Zz1bUJsUhd3SPYbkiG0uqQ%3D%3D%0A&doj=2016-12-12+13%3A45%3A50%2B00%3A00&gauthToken=ya29.Gl0UBIkrAaQSRNg_vNpPW9qGL13-78uzEAPJuWBMpq8WUhVE4XR4Zd0BG58-h1aFFq6FuxAYfghoLpOzx55-SyLu4vWwo3k2Q80PRtjP3lHv7xey11O7JMykxQL9kxY&firstName=Onkar&lastName=Mhantati&imageUrl=https%3A%2F%2Flh3.googleusercontent.com%2F-XdUIqdMkCWA%2FAAAAAAAAAAI%2FAAAAAAAAAAA%2F4252rscbv5M%2Fphoto.jpg&designation=Software+Engineer&gender=None&email=onkar.mhantati%40forgeahead.io&employeeID=967 HTTP/1.1" 302 5 "http://dev-sso.forgeahead.io:8081/auth/login_page/?redirect_to=http://timesheet.forgeahead.io/timesheet/start/" "Mozilla/5.0 (Windows NT 6.3; Win64; x64) AppleWebKit/537.36 (KHTML, like Gecko) Chrome/57.0.2987.98 Safari/537.36"
10.10.30.108 - - [20/Mar/2017:18:19:56 +0530] "GET /timesheet/home/ HTTP/1.1" 200 1596 "http://dev-sso.forgeahead.io:8081/auth/login_page/?redirect_to=http://timesheet.forgeahead.io/timesheet/start/" "Mozilla/5.0 (Windows NT 6.3; Win64; x64) AppleWebKit/537.36 (KHTML, like Gecko) Chrome/57.0.2987.98 Safari/537.36"
10.10.55.103 - - [20/Mar/2017:18:19:56 +0530] "GET /timesheet/start/?authToken=RM7czeygsr%2BnF7pxfogQMexjiYuHyzJ%2FE68%2F%2F19D6suSwfN27RskgHPM4D%2FGoUuIqSOqF2PhNqeDCcS9sobc3g%3D%3D%0A&doj=2016-12-12+13%3A45%3A53%2B00%3A00&gauthToken=ya29.Gl0UBHfn7BP1ykk0hHSfjblYSTmRcgdm3ahl04hdsyg8xCKb5kFhGfKjXuMUpCdUnz9veciL3uDrYcSbklcA-NSzXEwH14ndEhiZBVscmsApHcBZ9mL28Nrg1gTEbPs&firstName=Snehal&lastName=Walunj&imageUrl=https%3A%2F%2Flh3.googleusercontent.com%2F-XdUIqdMkCWA%2FAAAAAAAAAAI%2FAAAAAAAAAAA%2F4252rscbv5M%2Fphoto.jpg&designation=Senior+Software+Engineer&gender=None&email=snehal.walunj%40forgeahead.io&employeeID=V205 HTTP/1.1" 302 5 "http://dev-sso.forgeahead.io:8081/auth/login_page/?redirect_to=http://timesheet.forgeahead.io/timesheet/start/" "Mozilla/5.0 (Windows NT 6.1; WOW64) AppleWebKit/537.36 (KHTML, like Gecko) Chrome/57.0.2987.98 Safari/537.36"
10.10.30.108 - - [20/Mar/2017:18:19:56 +0530] "GET /timesheet/projects/?emp_id=66 HTTP/1.1" 200 289 "http://timesheet.forgeahead.io/timesheet/home/" "Mozilla/5.0 (Windows NT 6.3; Win64; x64) AppleWebKit/537.36 (KHTML, like Gecko) Chrome/57.0.2987.98 Safari/537.36"
10.10.30.108 - - [20/Mar/2017:18:19:56 +0530] "GET /timesheet/employee/66/tasks/?date=2017-3-20 HTTP/1.1" 200 51 "http://timesheet.forgeahead.io/timesheet/home/" "Mozilla/5.0 (Windows NT 6.3; Win64; x64) AppleWebKit/537.36 (KHTML, like Gecko) Chrome/57.0.2987.98 Safari/537.36"
10.10.55.103 - - [20/Mar/2017:18:19:56 +0530] "GET /timesheet/home/ HTTP/1.1" 200 1596 "http://dev-sso.forgeahead.io:8081/auth/login_page/?redirect_to=http://timesheet.forgeahead.io/timesheet/start/" "Mozilla/5.0 (Windows NT 6.1; WOW64) AppleWebKit/537.36 (KHTML, like Gecko) Chrome/57.0.2987.98 Safari/537.36"
10.10.55.103 - - [20/Mar/2017:18:19:56 +0530] "GET /static/login/bower_components/bootstrap/dist/css/bootstrap-theme.min.css HTTP/1.1" 200 23409 "http://timesheet.forgeahead.io/timesheet/home/" "Mozilla/5.0 (Windows NT 6.1; WOW64) AppleWebKit/537.36 (KHTML, like Gecko) Chrome/57.0.2987.98 Safari/537.36"
10.10.55.103 - - [20/Mar/2017:18:19:56 +0530] "GET /static/login/bower_components/bootstrap/dist/css/bootstrap.min.css HTTP/1.1" 200 121200 "http://timesheet.forgeahead.io/timesheet/home/" "Mozilla/5.0 (Windows NT 6.1; WOW64) AppleWebKit/537.36 (KHTML, like Gecko) Chrome/57.0.2987.98 Safari/537.36"
10.10.55.103 - - [20/Mar/2017:18:19:56 +0530] "GET /static/login/bower_components/ui-navbar/release/css/ui-navbar.min.css HTTP/1.1" 200 1094 "http://timesheet.forgeahead.io/timesheet/home/" "Mozilla/5.0 (Windows NT 6.1; WOW64) AppleWebKit/537.36 (KHTML, like Gecko) Chrome/57.0.2987.98 Safari/537.36"
10.10.55.103 - - [20/Mar/2017:18:19:56 +0530] "GET /static/login/bower_components/bootstrap-daterangepicker/daterangepicker.css HTTP/1.1" 200 8133 "http://timesheet.forgeahead.io/timesheet/home/" "Mozilla/5.0 (Windows NT 6.1; WOW64) AppleWebKit/537.36 (KHTML, like Gecko) Chrome/57.0.2987.98 Safari/537.36"
10.10.55.103 - - [20/Mar/2017:18:19:56 +0530] "GET /static/login/CSS/styling.css HTTP/1.1" 200 6829 "http://timesheet.forgeahead.io/timesheet/home/" "Mozilla/5.0 (Windows NT 6.1; WOW64) AppleWebKit/537.36 (KHTML, like Gecko) Chrome/57.0.2987.98 Safari/537.36"
10.10.55.103 - - [20/Mar/2017:18:19:56 +0530] "GET /static/login/bower_components/angular-xeditable/dist/css/xeditable.min.css HTTP/1.1" 200 2389 "http://timesheet.forgeahead.io/timesheet/home/" "Mozilla/5.0 (Windows NT 6.1; WOW64) AppleWebKit/537.36 (KHTML, like Gecko) Chrome/57.0.2987.98 Safari/537.36"
10.10.55.103 - - [20/Mar/2017:18:19:56 +0530] "GET /static/login/bower_components/angular-bootstrap/ui-bootstrap.min.js HTTP/1.1" 200 100829 "http://timesheet.forgeahead.io/timesheet/home/" "Mozilla/5.0 (Windows NT 6.1; WOW64) AppleWebKit/537.36 (KHTML, like Gecko) Chrome/57.0.2987.98 Safari/537.36"
10.10.55.103 - - [20/Mar/2017:18:19:56 +0530] "GET /static/login/bower_components/ui-navbar/release/js/ui-navbar.min.js HTTP/1.1" 200 1114 "http://timesheet.forgeahead.io/timesheet/home/" "Mozilla/5.0 (Windows NT 6.1; WOW64) AppleWebKit/537.36 (KHTML, like Gecko) Chrome/57.0.2987.98 Safari/537.36"
10.10.55.103 - - [20/Mar/2017:18:19:56 +0530] "GET /static/login/bower_components/angular-route/angular-route.min.js HTTP/1.1" 200 4766 "http://timesheet.forgeahead.io/timesheet/home/" "Mozilla/5.0 (Windows NT 6.1; WOW64) AppleWebKit/537.36 (KHTML, like Gecko) Chrome/57.0.2987.98 Safari/537.36"
10.10.55.103 - - [20/Mar/2017:18:19:56 +0530] "GET /static/login/bower_components/angular-cookies/angular-cookies.min.js HTTP/1.1" 200 1447 "http://timesheet.forgeahead.io/timesheet/home/" "Mozilla/5.0 (Windows NT 6.1; WOW64) AppleWebKit/537.36 (KHTML, like Gecko) Chrome/57.0.2987.98 Safari/537.36"
10.10.55.103 - - [20/Mar/2017:18:19:56 +0530] "GET /static/login/bower_components/angular/angular.min.js HTTP/1.1" 200 160048 "http://timesheet.forgeahead.io/timesheet/home/" "Mozilla/5.0 (Windows NT 6.1; WOW64) AppleWebKit/537.36 (KHTML, like Gecko) Chrome/57.0.2987.98 Safari/537.36"
10.10.55.103 - - [20/Mar/2017:18:19:56 +0530] "GET /static/login/bower_components/angular-bootstrap/ui-bootstrap-tpls.min.js HTTP/1.1" 200 122900 "http://timesheet.forgeahead.io/timesheet/home/" "Mozilla/5.0 (Windows NT 6.1; WOW64) AppleWebKit/537.36 (KHTML, like Gecko) Chrome/57.0.2987.98 Safari/537.36"
10.10.55.103 - - [20/Mar/2017:18:19:56 +0530] "GET /static/login/bower_components/moment/moment.js HTTP/1.1" 200 104409 "http://timesheet.forgeahead.io/timesheet/home/" "Mozilla/5.0 (Windows NT 6.1; WOW64) AppleWebKit/537.36 (KHTML, like Gecko) Chrome/57.0.2987.98 Safari/537.36"
10.10.55.103 - - [20/Mar/2017:18:19:56 +0530] "GET /static/login/bower_components/chart.js/dist/Chart.min.js HTTP/1.1" 200 144069 "http://timesheet.forgeahead.io/timesheet/home/" "Mozilla/5.0 (Windows NT 6.1; WOW64) AppleWebKit/537.36 (KHTML, like Gecko) Chrome/57.0.2987.98 Safari/537.36"
10.10.55.103 - - [20/Mar/2017:18:19:56 +0530] "GET /static/login/bower_components/angular-chart.js/dist/angular-chart.min.js HTTP/1.1" 200 6041 "http://timesheet.forgeahead.io/timesheet/home/" "Mozilla/5.0 (Windows NT 6.1; WOW64) AppleWebKit/537.36 (KHTML, like Gecko) Chrome/57.0.2987.98 Safari/537.36"
10.10.55.103 - - [20/Mar/2017:18:19:56 +0530] "GET /static/login/bower_components/jquery/dist/jquery.min.js HTTP/1.1" 200 84380 "http://timesheet.forgeahead.io/timesheet/home/" "Mozilla/5.0 (Windows NT 6.1; WOW64) AppleWebKit/537.36 (KHTML, like Gecko) Chrome/57.0.2987.98 Safari/537.36"
10.10.55.103 - - [20/Mar/2017:18:19:56 +0530] "GET /static/login/bower_components/bootstrap/dist/js/bootstrap.min.js HTTP/1.1" 200 37045 "http://timesheet.forgeahead.io/timesheet/home/" "Mozilla/5.0 (Windows NT 6.1; WOW64) AppleWebKit/537.36 (KHTML, like Gecko) Chrome/57.0.2987.98 Safari/537.36"
10.10.55.103 - - [20/Mar/2017:18:19:56 +0530] "GET /static/login/bower_components/angular-filter/dist/angular-filter.min.js HTTP/1.1" 200 20463 "http://timesheet.forgeahead.io/timesheet/home/" "Mozilla/5.0 (Windows NT 6.1; WOW64) AppleWebKit/537.36 (KHTML, like Gecko) Chrome/57.0.2987.98 Safari/537.36"
10.10.55.103 - - [20/Mar/2017:18:19:56 +0530] "GET /static/login/bower_components/bootstrap-daterangepicker/daterangepicker.js HTTP/1.1" 200 69150 "http://timesheet.forgeahead.io/timesheet/home/" "Mozilla/5.0 (Windows NT 6.1; WOW64) AppleWebKit/537.36 (KHTML, like Gecko) Chrome/57.0.2987.98 Safari/537.36"
10.10.55.103 - - [20/Mar/2017:18:19:56 +0530] "GET /static/login/bower_components/ngstorage/ngStorage.min.js HTTP/1.1" 200 2486 "http://timesheet.forgeahead.io/timesheet/home/" "Mozilla/5.0 (Windows NT 6.1; WOW64) AppleWebKit/537.36 (KHTML, like Gecko) Chrome/57.0.2987.98 Safari/537.36"
10.10.55.103 - - [20/Mar/2017:18:19:56 +0530] "GET /static/login/bower_components/angular-daterangepicker/js/angular-daterangepicker.js HTTP/1.1" 200 7051 "http://timesheet.forgeahead.io/timesheet/home/" "Mozilla/5.0 (Windows NT 6.1; WOW64) AppleWebKit/537.36 (KHTML, like Gecko) Chrome/57.0.2987.98 Safari/537.36"
10.10.55.103 - - [20/Mar/2017:18:19:56 +0530] "GET /static/login/bower_components/bootbox/bootbox.js HTTP/1.1" 200 26570 "http://timesheet.forgeahead.io/timesheet/home/" "Mozilla/5.0 (Windows NT 6.1; WOW64) AppleWebKit/537.36 (KHTML, like Gecko) Chrome/57.0.2987.98 Safari/537.36"
10.10.55.103 - - [20/Mar/2017:18:19:56 +0530] "GET /static/login/bower_components/ngBootbox/dist/ngBootbox.min.js HTTP/1.1" 200 3065 "http://timesheet.forgeahead.io/timesheet/home/" "Mozilla/5.0 (Windows NT 6.1; WOW64) AppleWebKit/537.36 (KHTML, like Gecko) Chrome/57.0.2987.98 Safari/537.36"
10.10.55.103 - - [20/Mar/2017:18:19:56 +0530] "GET /static/login/JS/config.js HTTP/1.1" 200 68 "http://timesheet.forgeahead.io/timesheet/home/" "Mozilla/5.0 (Windows NT 6.1; WOW64) AppleWebKit/537.36 (KHTML, like Gecko) Chrome/57.0.2987.98 Safari/537.36"
10.10.55.103 - - [20/Mar/2017:18:19:56 +0530] "GET /static/login/JS/timesheet.js HTTP/1.1" 200 1053 "http://timesheet.forgeahead.io/timesheet/home/" "Mozilla/5.0 (Windows NT 6.1; WOW64) AppleWebKit/537.36 (KHTML, like Gecko) Chrome/57.0.2987.98 Safari/537.36"
10.10.55.103 - - [20/Mar/2017:18:19:56 +0530] "GET /static/login/JS/timesheet.routes.js HTTP/1.1" 200 1461 "http://timesheet.forgeahead.io/timesheet/home/" "Mozilla/5.0 (Windows NT 6.1; WOW64) AppleWebKit/537.36 (KHTML, like Gecko) Chrome/57.0.2987.98 Safari/537.36"
10.10.55.103 - - [20/Mar/2017:18:19:56 +0530] "GET /static/login/JS/timer/timer.module.js HTTP/1.1" 200 736 "http://timesheet.forgeahead.io/timesheet/home/" "Mozilla/5.0 (Windows NT 6.1; WOW64) AppleWebKit/537.36 (KHTML, like Gecko) Chrome/57.0.2987.98 Safari/537.36"
10.10.55.103 - - [20/Mar/2017:18:19:56 +0530] "GET /static/login/JS/timer/services/timer.service.js HTTP/1.1" 200 3448 "http://timesheet.forgeahead.io/timesheet/home/" "Mozilla/5.0 (Windows NT 6.1; WOW64) AppleWebKit/537.36 (KHTML, like Gecko) Chrome/57.0.2987.98 Safari/537.36"
10.10.55.103 - - [20/Mar/2017:18:19:56 +0530] "GET /static/login/JS/timer/services/timer.helpers.js HTTP/1.1" 200 6972 "http://timesheet.forgeahead.io/timesheet/home/" "Mozilla/5.0 (Windows NT 6.1; WOW64) AppleWebKit/537.36 (KHTML, like Gecko) Chrome/57.0.2987.98 Safari/537.36"
10.10.55.103 - - [20/Mar/2017:18:19:56 +0530] "GET /static/login/JS/timer/controller/manual.controller.js HTTP/1.1" 200 3737 "http://timesheet.forgeahead.io/timesheet/home/" "Mozilla/5.0 (Windows NT 6.1; WOW64) AppleWebKit/537.36 (KHTML, like Gecko) Chrome/57.0.2987.98 Safari/537.36"
10.10.55.103 - - [20/Mar/2017:18:19:56 +0530] "GET /static/login/JS/timer/controller/report.controller.js HTTP/1.1" 200 20282 "http://timesheet.forgeahead.io/timesheet/home/" "Mozilla/5.0 (Windows NT 6.1; WOW64) AppleWebKit/537.36 (KHTML, like Gecko) Chrome/57.0.2987.98 Safari/537.36"
10.10.55.103 - - [20/Mar/2017:18:19:56 +0530] "GET /static/login/JS/timer/controller/viewtimesheet.controller.js HTTP/1.1" 200 1904 "http://timesheet.forgeahead.io/timesheet/home/" "Mozilla/5.0 (Windows NT 6.1; WOW64) AppleWebKit/537.36 (KHTML, like Gecko) Chrome/57.0.2987.98 Safari/537.36"
10.10.55.103 - - [20/Mar/2017:18:19:56 +0530] "GET /static/login/JS/timer/controller/manualtable.controller.js HTTP/1.1" 200 40075 "http://timesheet.forgeahead.io/timesheet/home/" "Mozilla/5.0 (Windows NT 6.1; WOW64) AppleWebKit/537.36 (KHTML, like Gecko) Chrome/57.0.2987.98 Safari/537.36"
10.10.55.103 - - [20/Mar/2017:18:19:56 +0530] "GET /static/login/JS/timer/controller/mytimesheet.controller.js HTTP/1.1" 200 6592 "http://timesheet.forgeahead.io/timesheet/home/" "Mozilla/5.0 (Windows NT 6.1; WOW64) AppleWebKit/537.36 (KHTML, like Gecko) Chrome/57.0.2987.98 Safari/537.36"
10.10.55.103 - - [20/Mar/2017:18:19:56 +0530] "GET /static/login/JS/timer/controller/automatic.controller.js HTTP/1.1" 200 12060 "http://timesheet.forgeahead.io/timesheet/home/" "Mozilla/5.0 (Windows NT 6.1; WOW64) AppleWebKit/537.36 (KHTML, like Gecko) Chrome/57.0.2987.98 Safari/537.36"
10.10.55.103 - - [20/Mar/2017:18:19:56 +0530] "GET /static/login/bower_components/angular-xeditable/dist/js/xeditable.min.js HTTP/1.1" 200 33592 "http://timesheet.forgeahead.io/timesheet/home/" "Mozilla/5.0 (Windows NT 6.1; WOW64) AppleWebKit/537.36 (KHTML, like Gecko) Chrome/57.0.2987.98 Safari/537.36"
10.10.55.103 - - [20/Mar/2017:18:19:56 +0530] "GET /static/login/JS/authentication/authentication.module.js HTTP/1.1" 200 537 "http://timesheet.forgeahead.io/timesheet/home/" "Mozilla/5.0 (Windows NT 6.1; WOW64) AppleWebKit/537.36 (KHTML, like Gecko) Chrome/57.0.2987.98 Safari/537.36"
10.10.55.103 - - [20/Mar/2017:18:19:56 +0530] "GET /static/login/JS/authentication/controller/authentication.controller.js HTTP/1.1" 200 1617 "http://timesheet.forgeahead.io/timesheet/home/" "Mozilla/5.0 (Windows NT 6.1; WOW64) AppleWebKit/537.36 (KHTML, like Gecko) Chrome/57.0.2987.98 Safari/537.36"
10.10.55.103 - - [20/Mar/2017:18:19:56 +0530] "GET /static/login/JS/timer/controller/monthtimesheet.controller.js HTTP/1.1" 200 6675 "http://timesheet.forgeahead.io/timesheet/home/" "Mozilla/5.0 (Windows NT 6.1; WOW64) AppleWebKit/537.36 (KHTML, like Gecko) Chrome/57.0.2987.98 Safari/537.36"
10.10.55.103 - - [20/Mar/2017:18:19:56 +0530] "GET /static/login/JS/timer/controller/myteam.controller.js HTTP/1.1" 200 5130 "http://timesheet.forgeahead.io/timesheet/home/" "Mozilla/5.0 (Windows NT 6.1; WOW64) AppleWebKit/537.36 (KHTML, like Gecko) Chrome/57.0.2987.98 Safari/537.36"
10.10.55.103 - - [20/Mar/2017:18:19:56 +0530] "GET /static/login/JS/timer/controller/approve.controller.js HTTP/1.1" 200 638 "http://timesheet.forgeahead.io/timesheet/home/" "Mozilla/5.0 (Windows NT 6.1; WOW64) AppleWebKit/537.36 (KHTML, like Gecko) Chrome/57.0.2987.98 Safari/537.36"
10.10.55.103 - - [20/Mar/2017:18:19:56 +0530] "GET /static/login/JS/timer/controller/submitted.controller.js HTTP/1.1" 200 11421 "http://timesheet.forgeahead.io/timesheet/home/" "Mozilla/5.0 (Windows NT 6.1; WOW64) AppleWebKit/537.36 (KHTML, like Gecko) Chrome/57.0.2987.98 Safari/537.36"
10.10.55.103 - - [20/Mar/2017:18:19:56 +0530] "GET /static/login/Images/FA_TimeTracker_Logo.png HTTP/1.1" 200 8512 "http://timesheet.forgeahead.io/timesheet/home/" "Mozilla/5.0 (Windows NT 6.1; WOW64) AppleWebKit/537.36 (KHTML, like Gecko) Chrome/57.0.2987.98 Safari/537.36"
10.10.55.103 - - [20/Mar/2017:18:19:56 +0530] "GET /static/templates/login/manual.html HTTP/1.1" 200 2677 "http://timesheet.forgeahead.io/timesheet/home/" "Mozilla/5.0 (Windows NT 6.1; WOW64) AppleWebKit/537.36 (KHTML, like Gecko) Chrome/57.0.2987.98 Safari/537.36"
10.10.55.103 - - [20/Mar/2017:18:19:56 +0530] "GET /static/login/Images/group.svg HTTP/1.1" 200 1757 "http://timesheet.forgeahead.io/timesheet/home/" "Mozilla/5.0 (Windows NT 6.1; WOW64) AppleWebKit/537.36 (KHTML, like Gecko) Chrome/57.0.2987.98 Safari/537.36"
10.10.55.103 - - [20/Mar/2017:18:19:57 +0530] "GET /static/login/bower_components/bootstrap/dist/fonts/glyphicons-halflings-regular.woff2 HTTP/1.1" 200 18028 "http://timesheet.forgeahead.io/static/login/bower_components/bootstrap/dist/css/bootstrap.min.css" "Mozilla/5.0 (Windows NT 6.1; WOW64) AppleWebKit/537.36 (KHTML, like Gecko) Chrome/57.0.2987.98 Safari/537.36"
10.10.55.103 - - [20/Mar/2017:18:19:57 +0530] "GET /timesheet/employee/38/tasks/?date=2017-3-20 HTTP/1.1" 200 51 "http://timesheet.forgeahead.io/timesheet/home/" "Mozilla/5.0 (Windows NT 6.1; WOW64) AppleWebKit/537.36 (KHTML, like Gecko) Chrome/57.0.2987.98 Safari/537.36"
10.10.55.103 - - [20/Mar/2017:18:19:57 +0530] "GET /timesheet/projects/?emp_id=38 HTTP/1.1" 200 331 "http://timesheet.forgeahead.io/timesheet/home/" "Mozilla/5.0 (Windows NT 6.1; WOW64) AppleWebKit/537.36 (KHTML, like Gecko) Chrome/57.0.2987.98 Safari/537.36"
10.10.30.108 - - [20/Mar/2017:18:20:02 +0530] "GET /timesheet/employee/66/tasks/?date=2017-3-17 HTTP/1.1" 200 272 "http://timesheet.forgeahead.io/timesheet/home/" "Mozilla/5.0 (Windows NT 6.3; Win64; x64) AppleWebKit/537.36 (KHTML, like Gecko) Chrome/57.0.2987.98 Safari/537.36"
10.10.30.108 - - [20/Mar/2017:18:20:09 +0530] "PATCH /timesheet/employee/66/task/11500/ HTTP/1.1" 200 231 "http://timesheet.forgeahead.io/timesheet/home/" "Mozilla/5.0 (Windows NT 6.3; Win64; x64) AppleWebKit/537.36 (KHTML, like Gecko) Chrome/57.0.2987.98 Safari/537.36"
10.10.30.108 - - [20/Mar/2017:18:20:11 +0530] "GET /timesheet/employee/66/tasks/?date=2017-3-20 HTTP/1.1" 200 51 "http://timesheet.forgeahead.io/timesheet/home/" "Mozilla/5.0 (Windows NT 6.3; Win64; x64) AppleWebKit/537.36 (KHTML, like Gecko) Chrome/57.0.2987.98 Safari/537.36"
10.10.10.42 - - [20/Mar/2017:18:20:52 +0530] "GET / HTTP/1.1" 200 4672 "-" "Mozilla/5.0 (compatible; PRTG Network Monitor (www.paessler.com); Windows)"
10.10.30.108 - - [20/Mar/2017:18:20:54 +0530] "GET /timesheet/employee/66/timesheet/?month=3&year=2017 HTTP/1.1" 200 55 "http://timesheet.forgeahead.io/timesheet/home/" "Mozilla/5.0 (Windows NT 6.3; Win64; x64) AppleWebKit/537.36 (KHTML, like Gecko) Chrome/57.0.2987.98 Safari/537.36"
10.10.30.108 - - [20/Mar/2017:18:20:54 +0530] "POST /timesheet/employee/66/tasks/ HTTP/1.1" 200 304 "http://timesheet.forgeahead.io/timesheet/home/" "Mozilla/5.0 (Windows NT 6.3; Win64; x64) AppleWebKit/537.36 (KHTML, like Gecko) Chrome/57.0.2987.98 Safari/537.36"
10.10.30.108 - - [20/Mar/2017:18:21:00 +0530] "GET /login/out/ HTTP/1.1" 302 5 "http://timesheet.forgeahead.io/timesheet/home/" "Mozilla/5.0 (Windows NT 6.3; Win64; x64) AppleWebKit/537.36 (KHTML, like Gecko) Chrome/57.0.2987.98 Safari/537.36"
10.10.30.108 - - [20/Mar/2017:18:21:00 +0530] "GET / HTTP/1.1" 200 1112 "http://timesheet.forgeahead.io/timesheet/home/" "Mozilla/5.0 (Windows NT 6.3; Win64; x64) AppleWebKit/537.36 (KHTML, like Gecko) Chrome/57.0.2987.98 Safari/537.36"
10.10.5.117 - - [20/Mar/2017:18:21:33 +0530] "PUT /timesheet/employee/18/task/11571/ HTTP/1.1" 200 209 "http://timesheet.forgeahead.io/timesheet/home/" "Mozilla/5.0 (Windows NT 10.0; Win64; x64) AppleWebKit/537.36 (KHTML, like Gecko) Chrome/56.0.2924.87 Safari/537.36"
10.10.5.117 - - [20/Mar/2017:18:21:36 +0530] "PUT /timesheet/employee/18/task/11571/ HTTP/1.1" 200 209 "http://timesheet.forgeahead.io/timesheet/home/" "Mozilla/5.0 (Windows NT 10.0; Win64; x64) AppleWebKit/537.36 (KHTML, like Gecko) Chrome/56.0.2924.87 Safari/537.36"
10.10.10.42 - - [20/Mar/2017:18:21:52 +0530] "GET / HTTP/1.1" 200 4672 "-" "Mozilla/5.0 (compatible; PRTG Network Monitor (www.paessler.com); Windows)"
10.10.5.117 - - [20/Mar/2017:18:22:08 +0530] "PUT /timesheet/employee/18/task/11568/ HTTP/1.1" 200 196 "http://timesheet.forgeahead.io/timesheet/home/" "Mozilla/5.0 (Windows NT 10.0; Win64; x64) AppleWebKit/537.36 (KHTML, like Gecko) Chrome/56.0.2924.87 Safari/537.36"
10.10.5.117 - - [20/Mar/2017:18:22:13 +0530] "GET /timesheet/employee/18/timesheet/?month=3&year=2017 HTTP/1.1" 200 55 "http://timesheet.forgeahead.io/timesheet/home/" "Mozilla/5.0 (Windows NT 10.0; Win64; x64) AppleWebKit/537.36 (KHTML, like Gecko) Chrome/56.0.2924.87 Safari/537.36"
10.10.5.117 - - [20/Mar/2017:18:22:14 +0530] "POST /timesheet/employee/18/tasks/ HTTP/1.1" 200 242 "http://timesheet.forgeahead.io/timesheet/home/" "Mozilla/5.0 (Windows NT 10.0; Win64; x64) AppleWebKit/537.36 (KHTML, like Gecko) Chrome/56.0.2924.87 Safari/537.36"
10.10.5.117 - - [20/Mar/2017:18:22:37 +0530] "GET /timesheet/employee/18/timesheet/?month=3&year=2017 HTTP/1.1" 200 55 "http://timesheet.forgeahead.io/timesheet/home/" "Mozilla/5.0 (Windows NT 10.0; Win64; x64) AppleWebKit/537.36 (KHTML, like Gecko) Chrome/56.0.2924.87 Safari/537.36"
10.10.5.117 - - [20/Mar/2017:18:22:37 +0530] "POST /timesheet/employee/18/tasks/ HTTP/1.1" 200 222 "http://timesheet.forgeahead.io/timesheet/home/" "Mozilla/5.0 (Windows NT 10.0; Win64; x64) AppleWebKit/537.36 (KHTML, like Gecko) Chrome/56.0.2924.87 Safari/537.36"
10.10.10.42 - - [20/Mar/2017:18:22:52 +0530] "GET / HTTP/1.1" 200 4672 "-" "Mozilla/5.0 (compatible; PRTG Network Monitor (www.paessler.com); Windows)"
10.10.5.117 - - [20/Mar/2017:18:23:24 +0530] "PUT /timesheet/employee/18/task/11571/ HTTP/1.1" 200 209 "http://timesheet.forgeahead.io/timesheet/home/" "Mozilla/5.0 (Windows NT 10.0; Win64; x64) AppleWebKit/537.36 (KHTML, like Gecko) Chrome/56.0.2924.87 Safari/537.36"
10.10.5.117 - - [20/Mar/2017:18:23:29 +0530] "PUT /timesheet/employee/18/task/11571/ HTTP/1.1" 200 208 "http://timesheet.forgeahead.io/timesheet/home/" "Mozilla/5.0 (Windows NT 10.0; Win64; x64) AppleWebKit/537.36 (KHTML, like Gecko) Chrome/56.0.2924.87 Safari/537.36"
10.10.10.42 - - [20/Mar/2017:18:23:52 +0530] "GET / HTTP/1.1" 200 4672 "-" "Mozilla/5.0 (compatible; PRTG Network Monitor (www.paessler.com); Windows)"
10.10.10.42 - - [20/Mar/2017:18:24:51 +0530] "GET / HTTP/1.1" 200 4672 "-" "Mozilla/5.0 (compatible; PRTG Network Monitor (www.paessler.com); Windows)"
10.10.10.42 - - [20/Mar/2017:18:25:52 +0530] "GET / HTTP/1.1" 200 4672 "-" "Mozilla/5.0 (compatible; PRTG Network Monitor (www.paessler.com); Windows)"
10.10.55.103 - - [20/Mar/2017:18:26:24 +0530] "GET /timesheet/employee/38/tasks/?start_date=2017-3-20&end_date=2017-3-20 HTTP/1.1" 200 51 "http://timesheet.forgeahead.io/timesheet/home/" "Mozilla/5.0 (Windows NT 6.1; WOW64) AppleWebKit/537.36 (KHTML, like Gecko) Chrome/57.0.2987.98 Safari/537.36"
10.10.55.103 - - [20/Mar/2017:18:26:25 +0530] "GET /timesheet/employee/38/tasks/?start_date=2017-3-13&end_date=2017-3-20 HTTP/1.1" 200 3379 "http://timesheet.forgeahead.io/timesheet/home/" "Mozilla/5.0 (Windows NT 6.1; WOW64) AppleWebKit/537.36 (KHTML, like Gecko) Chrome/57.0.2987.98 Safari/537.36"
10.10.55.103 - - [20/Mar/2017:18:26:32 +0530] "PATCH /timesheet/employee/38/task/11506/ HTTP/1.1" 200 272 "http://timesheet.forgeahead.io/timesheet/home/" "Mozilla/5.0 (Windows NT 6.1; WOW64) AppleWebKit/537.36 (KHTML, like Gecko) Chrome/57.0.2987.98 Safari/537.36"
10.10.55.103 - - [20/Mar/2017:18:26:39 +0530] "PATCH /timesheet/employee/38/task/11506/ HTTP/1.1" 200 272 "http://timesheet.forgeahead.io/timesheet/home/" "Mozilla/5.0 (Windows NT 6.1; WOW64) AppleWebKit/537.36 (KHTML, like Gecko) Chrome/57.0.2987.98 Safari/537.36"
10.10.55.103 - - [20/Mar/2017:18:26:45 +0530] "GET /timesheet/employee/38/timesheet/?month=3&year=2017 HTTP/1.1" 200 55 "http://timesheet.forgeahead.io/timesheet/home/" "Mozilla/5.0 (Windows NT 6.1; WOW64) AppleWebKit/537.36 (KHTML, like Gecko) Chrome/57.0.2987.98 Safari/537.36"
10.10.55.103 - - [20/Mar/2017:18:26:45 +0530] "POST /timesheet/employee/38/tasks/ HTTP/1.1" 200 310 "http://timesheet.forgeahead.io/timesheet/home/" "Mozilla/5.0 (Windows NT 6.1; WOW64) AppleWebKit/537.36 (KHTML, like Gecko) Chrome/57.0.2987.98 Safari/537.36"
10.10.55.103 - - [20/Mar/2017:18:26:45 +0530] "GET /timesheet/employee/38/tasks/?start_date=2017-3-13&end_date=2017-3-20 HTTP/1.1" 200 3640 "http://timesheet.forgeahead.io/timesheet/home/" "Mozilla/5.0 (Windows NT 6.1; WOW64) AppleWebKit/537.36 (KHTML, like Gecko) Chrome/57.0.2987.98 Safari/537.36"
10.10.10.42 - - [20/Mar/2017:18:26:52 +0530] "GET / HTTP/1.1" 200 4672 "-" "Mozilla/5.0 (compatible; PRTG Network Monitor (www.paessler.com); Windows)"
10.10.55.103 - - [20/Mar/2017:18:26:57 +0530] "PATCH /timesheet/employee/38/task/11507/ HTTP/1.1" 200 875 "http://timesheet.forgeahead.io/timesheet/home/" "Mozilla/5.0 (Windows NT 6.1; WOW64) AppleWebKit/537.36 (KHTML, like Gecko) Chrome/57.0.2987.98 Safari/537.36"
10.10.1.94 - - [20/Mar/2017:18:27:26 +0530] "GET / HTTP/1.1" 200 1112 "-" "Mozilla/5.0 (Windows NT 6.3; WOW64) AppleWebKit/537.36 (KHTML, like Gecko) Chrome/56.0.2924.87 Safari/537.36"
10.10.1.94 - - [20/Mar/2017:18:27:26 +0530] "GET /static/login/bower_components/bootstrap/dist/css/bootstrap.min.css HTTP/1.1" 200 121200 "http://10.10.10.72/" "Mozilla/5.0 (Windows NT 6.3; WOW64) AppleWebKit/537.36 (KHTML, like Gecko) Chrome/56.0.2924.87 Safari/537.36"
10.10.1.94 - - [20/Mar/2017:18:27:26 +0530] "GET /static/login/bower_components/bootstrap/dist/css/bootstrap-theme.min.css HTTP/1.1" 200 23409 "http://10.10.10.72/" "Mozilla/5.0 (Windows NT 6.3; WOW64) AppleWebKit/537.36 (KHTML, like Gecko) Chrome/56.0.2924.87 Safari/537.36"
10.10.1.94 - - [20/Mar/2017:18:27:26 +0530] "GET /static/login/bower_components/ui-navbar/release/css/ui-navbar.min.css HTTP/1.1" 200 1094 "http://10.10.10.72/" "Mozilla/5.0 (Windows NT 6.3; WOW64) AppleWebKit/537.36 (KHTML, like Gecko) Chrome/56.0.2924.87 Safari/537.36"
10.10.1.94 - - [20/Mar/2017:18:27:26 +0530] "GET /static/login/bower_components/bootstrap-daterangepicker/daterangepicker.css HTTP/1.1" 200 8133 "http://10.10.10.72/" "Mozilla/5.0 (Windows NT 6.3; WOW64) AppleWebKit/537.36 (KHTML, like Gecko) Chrome/56.0.2924.87 Safari/537.36"
10.10.1.94 - - [20/Mar/2017:18:27:26 +0530] "GET /static/login/CSS/styling.css HTTP/1.1" 200 6829 "http://10.10.10.72/" "Mozilla/5.0 (Windows NT 6.3; WOW64) AppleWebKit/537.36 (KHTML, like Gecko) Chrome/56.0.2924.87 Safari/537.36"
10.10.1.94 - - [20/Mar/2017:18:27:26 +0530] "GET /static/login/bower_components/angular-xeditable/dist/css/xeditable.min.css HTTP/1.1" 200 2389 "http://10.10.10.72/" "Mozilla/5.0 (Windows NT 6.3; WOW64) AppleWebKit/537.36 (KHTML, like Gecko) Chrome/56.0.2924.87 Safari/537.36"
10.10.1.94 - - [20/Mar/2017:18:27:26 +0530] "GET /static/login/Images/FA_TimeTracker_Logo.png HTTP/1.1" 200 8512 "http://10.10.10.72/" "Mozilla/5.0 (Windows NT 6.3; WOW64) AppleWebKit/537.36 (KHTML, like Gecko) Chrome/56.0.2924.87 Safari/537.36"
10.10.1.94 - - [20/Mar/2017:18:27:26 +0530] "GET /static/login/Images/logo.png HTTP/1.1" 200 4860 "http://10.10.10.72/" "Mozilla/5.0 (Windows NT 6.3; WOW64) AppleWebKit/537.36 (KHTML, like Gecko) Chrome/56.0.2924.87 Safari/537.36"
10.10.1.94 - - [20/Mar/2017:18:27:26 +0530] "GET /static/login/JS/config.js HTTP/1.1" 200 68 "http://10.10.10.72/" "Mozilla/5.0 (Windows NT 6.3; WOW64) AppleWebKit/537.36 (KHTML, like Gecko) Chrome/56.0.2924.87 Safari/537.36"
10.10.1.94 - - [20/Mar/2017:18:27:26 +0530] "GET /static/login/JS/timer/timer.module.js HTTP/1.1" 200 736 "http://10.10.10.72/" "Mozilla/5.0 (Windows NT 6.3; WOW64) AppleWebKit/537.36 (KHTML, like Gecko) Chrome/56.0.2924.87 Safari/537.36"
10.10.1.94 - - [20/Mar/2017:18:27:26 +0530] "GET /static/login/JS/authentication/authentication.module.js HTTP/1.1" 200 537 "http://10.10.10.72/" "Mozilla/5.0 (Windows NT 6.3; WOW64) AppleWebKit/537.36 (KHTML, like Gecko) Chrome/56.0.2924.87 Safari/537.36"
10.10.1.94 - - [20/Mar/2017:18:27:26 +0530] "GET /static/login/JS/authentication/controller/authentication.controller.js HTTP/1.1" 304 0 "http://10.10.10.72/" "Mozilla/5.0 (Windows NT 6.3; WOW64) AppleWebKit/537.36 (KHTML, like Gecko) Chrome/56.0.2924.87 Safari/537.36"
10.10.1.94 - - [20/Mar/2017:18:27:26 +0530] "GET /static/login/JS/timer/controller/myteam.controller.js HTTP/1.1" 304 0 "http://10.10.10.72/" "Mozilla/5.0 (Windows NT 6.3; WOW64) AppleWebKit/537.36 (KHTML, like Gecko) Chrome/56.0.2924.87 Safari/537.36"
10.10.1.94 - - [20/Mar/2017:18:27:26 +0530] "GET /static/login/JS/timer/controller/approve.controller.js HTTP/1.1" 200 638 "http://10.10.10.72/" "Mozilla/5.0 (Windows NT 6.3; WOW64) AppleWebKit/537.36 (KHTML, like Gecko) Chrome/56.0.2924.87 Safari/537.36"
10.10.25.100 - - [20/Mar/2017:18:27:31 +0530] "GET /timesheet/home/ HTTP/1.1" 200 1112 "-" "Mozilla/5.0 (Windows NT 6.2; Win64; x64; rv:51.0) Gecko/20100101 Firefox/51.0"
10.10.25.100 - - [20/Mar/2017:18:27:31 +0530] "GET /static/login/JS/authentication/controller/authentication.controller.js HTTP/1.1" 304 0 "http://timesheet.forgeahead.io/timesheet/home/" "Mozilla/5.0 (Windows NT 6.2; Win64; x64; rv:51.0) Gecko/20100101 Firefox/51.0"
10.10.25.100 - - [20/Mar/2017:18:27:31 +0530] "GET /static/login/JS/timer/controller/myteam.controller.js HTTP/1.1" 304 0 "http://timesheet.forgeahead.io/timesheet/home/" "Mozilla/5.0 (Windows NT 6.2; Win64; x64; rv:51.0) Gecko/20100101 Firefox/51.0"
10.10.1.94 - - [20/Mar/2017:18:27:33 +0530] "GET /timesheet/start/?authToken=nvqxKcwrh%2FQde5gsZAVV8QQWMH42XjUiztvkWZZQKIsDs%2BKVZ5VqsNTGKqGcmo86h1sHvusPHejK%2BOrA3EpHgA%3D%3D%0A&doj=2016-12-12+13%3A45%3A53%2B00%3A00&gauthToken=ya29.Gl0UBMrNzUVZYP-cQHxVId1tZmp7Ia3E4Pt32EX-nI2Y7tT5gZpvVpcoDE2a0enBDcykWqukw8l8YdEWvda_DbEKTgjaY7j2rEW7Tp-RuJnneON5wqbYrg_IQNDqUaw&firstName=Manisha&lastName=Lawate&imageUrl=https%3A%2F%2Flh3.googleusercontent.com%2F-1jC3GOCjOHQ%2FAAAAAAAAAAI%2FAAAAAAAAABc%2FUkVyWUlK7Vk%2Fphoto.jpg&designation=Software+Engineer&gender=None&email=manisha.lawate%40forgeahead.io&employeeID=V176 HTTP/1.1" 302 5 "http://dev-sso.forgeahead.io:8081/auth/login_page/?redirect_to=http://timesheet.forgeahead.io/timesheet/start/" "Mozilla/5.0 (Windows NT 6.3; WOW64) AppleWebKit/537.36 (KHTML, like Gecko) Chrome/56.0.2924.87 Safari/537.36"
10.10.1.94 - - [20/Mar/2017:18:27:33 +0530] "GET /timesheet/home/ HTTP/1.1" 200 1596 "http://dev-sso.forgeahead.io:8081/auth/login_page/?redirect_to=http://timesheet.forgeahead.io/timesheet/start/" "Mozilla/5.0 (Windows NT 6.3; WOW64) AppleWebKit/537.36 (KHTML, like Gecko) Chrome/56.0.2924.87 Safari/537.36"
10.10.1.94 - - [20/Mar/2017:18:27:33 +0530] "GET /static/login/bower_components/bootstrap/dist/css/bootstrap-theme.min.css HTTP/1.1" 200 23409 "http://timesheet.forgeahead.io/timesheet/home/" "Mozilla/5.0 (Windows NT 6.3; WOW64) AppleWebKit/537.36 (KHTML, like Gecko) Chrome/56.0.2924.87 Safari/537.36"
10.10.1.94 - - [20/Mar/2017:18:27:33 +0530] "GET /static/login/bower_components/ui-navbar/release/css/ui-navbar.min.css HTTP/1.1" 200 1094 "http://timesheet.forgeahead.io/timesheet/home/" "Mozilla/5.0 (Windows NT 6.3; WOW64) AppleWebKit/537.36 (KHTML, like Gecko) Chrome/56.0.2924.87 Safari/537.36"
10.10.1.94 - - [20/Mar/2017:18:27:33 +0530] "GET /static/login/bower_components/bootstrap-daterangepicker/daterangepicker.css HTTP/1.1" 200 8133 "http://timesheet.forgeahead.io/timesheet/home/" "Mozilla/5.0 (Windows NT 6.3; WOW64) AppleWebKit/537.36 (KHTML, like Gecko) Chrome/56.0.2924.87 Safari/537.36"
10.10.1.94 - - [20/Mar/2017:18:27:33 +0530] "GET /static/login/CSS/styling.css HTTP/1.1" 200 6829 "http://timesheet.forgeahead.io/timesheet/home/" "Mozilla/5.0 (Windows NT 6.3; WOW64) AppleWebKit/537.36 (KHTML, like Gecko) Chrome/56.0.2924.87 Safari/537.36"
10.10.1.94 - - [20/Mar/2017:18:27:33 +0530] "GET /static/login/bower_components/angular-xeditable/dist/css/xeditable.min.css HTTP/1.1" 200 2389 "http://timesheet.forgeahead.io/timesheet/home/" "Mozilla/5.0 (Windows NT 6.3; WOW64) AppleWebKit/537.36 (KHTML, like Gecko) Chrome/56.0.2924.87 Safari/537.36"
10.10.1.94 - - [20/Mar/2017:18:27:33 +0530] "GET /static/login/bower_components/bootstrap/dist/css/bootstrap.min.css HTTP/1.1" 200 121200 "http://timesheet.forgeahead.io/timesheet/home/" "Mozilla/5.0 (Windows NT 6.3; WOW64) AppleWebKit/537.36 (KHTML, like Gecko) Chrome/56.0.2924.87 Safari/537.36"
10.10.1.94 - - [20/Mar/2017:18:27:33 +0530] "GET /static/login/JS/config.js HTTP/1.1" 200 68 "http://timesheet.forgeahead.io/timesheet/home/" "Mozilla/5.0 (Windows NT 6.3; WOW64) AppleWebKit/537.36 (KHTML, like Gecko) Chrome/56.0.2924.87 Safari/537.36"
10.10.1.94 - - [20/Mar/2017:18:27:33 +0530] "GET /static/login/JS/timer/timer.module.js HTTP/1.1" 200 736 "http://timesheet.forgeahead.io/timesheet/home/" "Mozilla/5.0 (Windows NT 6.3; WOW64) AppleWebKit/537.36 (KHTML, like Gecko) Chrome/56.0.2924.87 Safari/537.36"
10.10.1.94 - - [20/Mar/2017:18:27:33 +0530] "GET /static/login/Images/FA_TimeTracker_Logo.png HTTP/1.1" 200 8512 "http://timesheet.forgeahead.io/timesheet/home/" "Mozilla/5.0 (Windows NT 6.3; WOW64) AppleWebKit/537.36 (KHTML, like Gecko) Chrome/56.0.2924.87 Safari/537.36"
10.10.1.94 - - [20/Mar/2017:18:27:33 +0530] "GET /static/login/JS/authentication/authentication.module.js HTTP/1.1" 200 537 "http://timesheet.forgeahead.io/timesheet/home/" "Mozilla/5.0 (Windows NT 6.3; WOW64) AppleWebKit/537.36 (KHTML, like Gecko) Chrome/56.0.2924.87 Safari/537.36"
10.10.1.94 - - [20/Mar/2017:18:27:33 +0530] "GET /static/login/JS/authentication/controller/authentication.controller.js HTTP/1.1" 304 0 "http://timesheet.forgeahead.io/timesheet/home/" "Mozilla/5.0 (Windows NT 6.3; WOW64) AppleWebKit/537.36 (KHTML, like Gecko) Chrome/56.0.2924.87 Safari/537.36"
10.10.1.94 - - [20/Mar/2017:18:27:33 +0530] "GET /static/login/JS/timer/controller/myteam.controller.js HTTP/1.1" 304 0 "http://timesheet.forgeahead.io/timesheet/home/" "Mozilla/5.0 (Windows NT 6.3; WOW64) AppleWebKit/537.36 (KHTML, like Gecko) Chrome/56.0.2924.87 Safari/537.36"
10.10.1.94 - - [20/Mar/2017:18:27:33 +0530] "GET /static/login/JS/timer/controller/approve.controller.js HTTP/1.1" 200 638 "http://timesheet.forgeahead.io/timesheet/home/" "Mozilla/5.0 (Windows NT 6.3; WOW64) AppleWebKit/537.36 (KHTML, like Gecko) Chrome/56.0.2924.87 Safari/537.36"
10.10.1.94 - - [20/Mar/2017:18:27:33 +0530] "GET /static/templates/login/manual.html HTTP/1.1" 200 2677 "http://timesheet.forgeahead.io/timesheet/home/" "Mozilla/5.0 (Windows NT 6.3; WOW64) AppleWebKit/537.36 (KHTML, like Gecko) Chrome/56.0.2924.87 Safari/537.36"
10.10.1.94 - - [20/Mar/2017:18:27:33 +0530] "GET /static/login/Images/group.svg HTTP/1.1" 200 1757 "http://timesheet.forgeahead.io/timesheet/home/" "Mozilla/5.0 (Windows NT 6.3; WOW64) AppleWebKit/537.36 (KHTML, like Gecko) Chrome/56.0.2924.87 Safari/537.36"
10.10.1.94 - - [20/Mar/2017:18:27:33 +0530] "GET /static/login/bower_components/bootstrap/dist/fonts/glyphicons-halflings-regular.woff2 HTTP/1.1" 200 18028 "http://timesheet.forgeahead.io/static/login/bower_components/bootstrap/dist/css/bootstrap.min.css" "Mozilla/5.0 (Windows NT 6.3; WOW64) AppleWebKit/537.36 (KHTML, like Gecko) Chrome/56.0.2924.87 Safari/537.36"
10.10.1.94 - - [20/Mar/2017:18:27:34 +0530] "GET /timesheet/projects/?emp_id=103 HTTP/1.1" 200 287 "http://timesheet.forgeahead.io/timesheet/home/" "Mozilla/5.0 (Windows NT 6.3; WOW64) AppleWebKit/537.36 (KHTML, like Gecko) Chrome/56.0.2924.87 Safari/537.36"
10.10.1.94 - - [20/Mar/2017:18:27:34 +0530] "GET /timesheet/employee/103/tasks/?date=2017-3-20 HTTP/1.1" 200 51 "http://timesheet.forgeahead.io/timesheet/home/" "Mozilla/5.0 (Windows NT 6.3; WOW64) AppleWebKit/537.36 (KHTML, like Gecko) Chrome/56.0.2924.87 Safari/537.36"
10.10.25.100 - - [20/Mar/2017:18:27:40 +0530] "GET /timesheet/start/?authToken=fDGpumWHnLI48yPjXDF2HQQWMH42XjUiztvkWZZQKIsDs%2BKVZ5VqsNTGKqGcmo86nkr0oeJmC%2B8y2kNO1Ml2kw%3D%3D%0A&doj=2016-12-12+13%3A45%3A53%2B00%3A00&gauthToken=ya29.Gl0UBOhCX40Wa7mj7-tOQzY5mc6hWxwBkNfSe34sXalorPMx5nK6LNDOymfMkISSdwujb-YqCitLuZQLtnlqgA5auaT_pSucBZp_Mc4EXt39mvWds_Bnu_jPJMO58_E&firstName=Dinesh&lastName=Biradar&imageUrl=https%3A%2F%2Flh3.googleusercontent.com%2F-Qm8kukx-aYs%2FAAAAAAAAAAI%2FAAAAAAAAAAA%2FT2QJEZH2REY%2Fphoto.jpg&designation=Tech+Lead&gender=None&email=dinesh.biradar%40forgeahead.io&employeeID=V025 HTTP/1.1" 302 5 "http://dev-sso.forgeahead.io:8081/auth/login_page/?redirect_to=http://timesheet.forgeahead.io/timesheet/start/" "Mozilla/5.0 (Windows NT 6.2; Win64; x64; rv:51.0) Gecko/20100101 Firefox/51.0"
10.10.25.100 - - [20/Mar/2017:18:27:41 +0530] "GET /timesheet/home/ HTTP/1.1" 200 1596 "http://dev-sso.forgeahead.io:8081/auth/login_page/?redirect_to=http://timesheet.forgeahead.io/timesheet/start/" "Mozilla/5.0 (Windows NT 6.2; Win64; x64; rv:51.0) Gecko/20100101 Firefox/51.0"
10.10.25.100 - - [20/Mar/2017:18:27:42 +0530] "GET /timesheet/employee/99/tasks/?date=2017-3-20 HTTP/1.1" 200 51 "http://timesheet.forgeahead.io/timesheet/home/" "Mozilla/5.0 (Windows NT 6.2; Win64; x64; rv:51.0) Gecko/20100101 Firefox/51.0"
10.10.25.100 - - [20/Mar/2017:18:27:42 +0530] "GET /timesheet/projects/?emp_id=99 HTTP/1.1" 200 287 "http://timesheet.forgeahead.io/timesheet/home/" "Mozilla/5.0 (Windows NT 6.2; Win64; x64; rv:51.0) Gecko/20100101 Firefox/51.0"
10.10.55.103 - - [20/Mar/2017:18:27:43 +0530] "GET /timesheet/employee/38/timesheet/?month=3&year=2017 HTTP/1.1" 200 55 "http://timesheet.forgeahead.io/timesheet/home/" "Mozilla/5.0 (Windows NT 6.1; WOW64) AppleWebKit/537.36 (KHTML, like Gecko) Chrome/57.0.2987.98 Safari/537.36"
10.10.55.103 - - [20/Mar/2017:18:27:43 +0530] "POST /timesheet/employee/38/tasks/ HTTP/1.1" 200 511 "http://timesheet.forgeahead.io/timesheet/home/" "Mozilla/5.0 (Windows NT 6.1; WOW64) AppleWebKit/537.36 (KHTML, like Gecko) Chrome/57.0.2987.98 Safari/537.36"
10.10.55.103 - - [20/Mar/2017:18:27:43 +0530] "GET /timesheet/employee/38/tasks/?start_date=2017-3-13&end_date=2017-3-20 HTTP/1.1" 200 4108 "http://timesheet.forgeahead.io/timesheet/home/" "Mozilla/5.0 (Windows NT 6.1; WOW64) AppleWebKit/537.36 (KHTML, like Gecko) Chrome/57.0.2987.98 Safari/537.36"
10.10.55.103 - - [20/Mar/2017:18:27:46 +0530] "PUT /timesheet/employee/38/task/11585/ HTTP/1.1" 200 272 "http://timesheet.forgeahead.io/timesheet/home/" "Mozilla/5.0 (Windows NT 6.1; WOW64) AppleWebKit/537.36 (KHTML, like Gecko) Chrome/57.0.2987.98 Safari/537.36"
10.10.55.103 - - [20/Mar/2017:18:27:48 +0530] "PUT /timesheet/employee/38/task/11585/ HTTP/1.1" 200 273 "http://timesheet.forgeahead.io/timesheet/home/" "Mozilla/5.0 (Windows NT 6.1; WOW64) AppleWebKit/537.36 (KHTML, like Gecko) Chrome/57.0.2987.98 Safari/537.36"
10.10.25.100 - - [20/Mar/2017:18:27:49 +0530] "GET /timesheet/employee/99/tasks/?start_date=2017-3-20&end_date=2017-3-20 HTTP/1.1" 200 51 "http://timesheet.forgeahead.io/timesheet/home/" "Mozilla/5.0 (Windows NT 6.2; Win64; x64; rv:51.0) Gecko/20100101 Firefox/51.0"
10.10.10.42 - - [20/Mar/2017:18:27:51 +0530] "GET / HTTP/1.1" 200 4672 "-" "Mozilla/5.0 (compatible; PRTG Network Monitor (www.paessler.com); Windows)"
10.10.25.100 - - [20/Mar/2017:18:27:54 +0530] "GET /timesheet/employee/99/tasks/?start_date=2017-3-13&end_date=2017-3-20 HTTP/1.1" 200 1735 "http://timesheet.forgeahead.io/timesheet/home/" "Mozilla/5.0 (Windows NT 6.2; Win64; x64; rv:51.0) Gecko/20100101 Firefox/51.0"
10.10.25.100 - - [20/Mar/2017:18:28:01 +0530] "PATCH /timesheet/employee/99/task/11427/ HTTP/1.1" 200 496 "http://timesheet.forgeahead.io/timesheet/home/" "Mozilla/5.0 (Windows NT 6.2; Win64; x64; rv:51.0) Gecko/20100101 Firefox/51.0"
10.10.25.100 - - [20/Mar/2017:18:28:11 +0530] "PATCH /timesheet/employee/99/task/11427/ HTTP/1.1" 200 496 "http://timesheet.forgeahead.io/timesheet/home/" "Mozilla/5.0 (Windows NT 6.2; Win64; x64; rv:51.0) Gecko/20100101 Firefox/51.0"
10.10.1.140 - - [20/Mar/2017:18:28:45 +0530] "GET / HTTP/1.1" 200 1112 "-" "Mozilla/5.0 (Windows NT 6.1; WOW64) AppleWebKit/537.36 (KHTML, like Gecko) Chrome/57.0.2987.98 Safari/537.36"
10.10.1.140 - - [20/Mar/2017:18:28:45 +0530] "GET /static/login/JS/timer/services/timer.service.js HTTP/1.1" 200 3448 "http://10.10.10.72/" "Mozilla/5.0 (Windows NT 6.1; WOW64) AppleWebKit/537.36 (KHTML, like Gecko) Chrome/57.0.2987.98 Safari/537.36"
10.10.1.140 - - [20/Mar/2017:18:28:45 +0530] "GET /static/login/JS/timer/services/timer.helpers.js HTTP/1.1" 200 6972 "http://10.10.10.72/" "Mozilla/5.0 (Windows NT 6.1; WOW64) AppleWebKit/537.36 (KHTML, like Gecko) Chrome/57.0.2987.98 Safari/537.36"
10.10.1.140 - - [20/Mar/2017:18:28:45 +0530] "GET /static/login/JS/timer/controller/manualtable.controller.js HTTP/1.1" 304 0 "http://10.10.10.72/" "Mozilla/5.0 (Windows NT 6.1; WOW64) AppleWebKit/537.36 (KHTML, like Gecko) Chrome/57.0.2987.98 Safari/537.36"
10.10.1.140 - - [20/Mar/2017:18:28:45 +0530] "GET /static/login/JS/authentication/controller/authentication.controller.js HTTP/1.1" 304 0 "http://10.10.10.72/" "Mozilla/5.0 (Windows NT 6.1; WOW64) AppleWebKit/537.36 (KHTML, like Gecko) Chrome/57.0.2987.98 Safari/537.36"
10.10.1.140 - - [20/Mar/2017:18:28:45 +0530] "GET /static/login/JS/timer/controller/myteam.controller.js HTTP/1.1" 304 0 "http://10.10.10.72/" "Mozilla/5.0 (Windows NT 6.1; WOW64) AppleWebKit/537.36 (KHTML, like Gecko) Chrome/57.0.2987.98 Safari/537.36"
10.10.10.42 - - [20/Mar/2017:18:28:52 +0530] "GET / HTTP/1.1" 200 4672 "-" "Mozilla/5.0 (compatible; PRTG Network Monitor (www.paessler.com); Windows)"
10.10.1.140 - - [20/Mar/2017:18:28:53 +0530] "GET /timesheet/start/?authToken=a%2BpfveDKLxJRyAOfvF8qDD7n7nz0dXjZfQCKCi0fhxCKsZbVVtRwS8iAHp4q%2FybZ4WJpBZg9INB1FDnbI03nHA%3D%3D%0A&doj=2016-12-12+13%3A45%3A53%2B00%3A00&gauthToken=ya29.Gl0UBDCKALjgbtJ5OyvWijvHVaTei3yA4WA_4-kw2FumTyugqZ7kLRqNF2NnNB8sfJWI8RCBQB7GkQPX5jp06MCtD3fcoPY1yVkByUIwgsWtWKJHNojgaBg_ijWsaMU&firstName=Bhagyashree&lastName=Soni&imageUrl=https%3A%2F%2Flh3.googleusercontent.com%2F-0qYl1lCROBE%2FAAAAAAAAAAI%2FAAAAAAAAABc%2F2K4a7h9Ivzo%2Fphoto.jpg&designation=Software+Engineer&gender=None&email=bhagyashree.soni%40forgeahead.io&employeeID=977 HTTP/1.1" 302 5 "http://dev-sso.forgeahead.io:8081/auth/login_page/?redirect_to=http://timesheet.forgeahead.io/timesheet/start/" "Mozilla/5.0 (Windows NT 6.1; WOW64) AppleWebKit/537.36 (KHTML, like Gecko) Chrome/57.0.2987.98 Safari/537.36"
10.10.1.140 - - [20/Mar/2017:18:28:53 +0530] "GET /timesheet/home/ HTTP/1.1" 200 1596 "http://dev-sso.forgeahead.io:8081/auth/login_page/?redirect_to=http://timesheet.forgeahead.io/timesheet/start/" "Mozilla/5.0 (Windows NT 6.1; WOW64) AppleWebKit/537.36 (KHTML, like Gecko) Chrome/57.0.2987.98 Safari/537.36"
